<?xml version="1.0"?>
<JDepend>
    <Packages>
        <Package name="be.quodlibet.boxable">
            <Stats>
                <TotalClasses>15</TotalClasses>
                <ConcreteClasses>12</ConcreteClasses>
                <AbstractClasses>3</AbstractClasses>
                <Ca>1</Ca>
                <Ce>11</Ce>
                <A>0.2</A>
                <I>0.92</I>
                <D>0.12</D>
                <V>1</V>
            </Stats>

            <AbstractClasses>
                <Class sourceFile="AbstractPageTemplate.java">
                    be.quodlibet.boxable.AbstractPageTemplate
                </Class>
                <Class sourceFile="AbstractTemplatedTable.java">
                    be.quodlibet.boxable.AbstractTemplatedTable
                </Class>
                <Class sourceFile="Table.java">
                    be.quodlibet.boxable.Table
                </Class>
            </AbstractClasses>

            <ConcreteClasses>
                <Class sourceFile="BaseTable.java">
                    be.quodlibet.boxable.BaseTable
                </Class>
                <Class sourceFile="BoxableUtils.java">
                    be.quodlibet.boxable.BoxableUtils
                </Class>
                <Class sourceFile="Cell.java">
                    be.quodlibet.boxable.Cell
                </Class>
                <Class sourceFile="HorizontalAlignment.java">
                    be.quodlibet.boxable.HorizontalAlignment
                </Class>
                <Class sourceFile="ImageCell.java">
                    be.quodlibet.boxable.ImageCell
                </Class>
                <Class sourceFile="Paragraph.java">
                    be.quodlibet.boxable.Paragraph
                </Class>
                <Class sourceFile="Paragraph.java">
                    be.quodlibet.boxable.Paragraph$1
                </Class>
                <Class sourceFile="Paragraph.java">
                    be.quodlibet.boxable.Paragraph$2
                </Class>
                <Class sourceFile="Row.java">
                    be.quodlibet.boxable.Row
                </Class>
                <Class sourceFile="Table.java">
                    be.quodlibet.boxable.Table$1
                </Class>
                <Class sourceFile="TextType.java">
                    be.quodlibet.boxable.TextType
                </Class>
                <Class sourceFile="VerticalAlignment.java">
                    be.quodlibet.boxable.VerticalAlignment
                </Class>
            </ConcreteClasses>

            <DependsUpon>
                <Package>be.quodlibet.boxable.image</Package>
                <Package>be.quodlibet.boxable.line</Package>
                <Package>be.quodlibet.boxable.page</Package>
                <Package>be.quodlibet.boxable.text</Package>
                <Package>be.quodlibet.boxable.utils</Package>
                <Package>com.google.common.base</Package>
                <Package>java.awt</Package>
                <Package>java.awt.geom</Package>
                <Package>java.io</Package>
                <Package>java.lang</Package>
                <Package>java.util</Package>
            </DependsUpon>

            <UsedBy>
                <Package>be.quodlibet.boxable.datatable</Package>
            </UsedBy>
        </Package>

        <Package name="be.quodlibet.boxable.datatable">
            <Stats>
                <TotalClasses>1</TotalClasses>
                <ConcreteClasses>1</ConcreteClasses>
                <AbstractClasses>0</AbstractClasses>
                <Ca>0</Ca>
                <Ce>7</Ce>
                <A>0</A>
                <I>1</I>
                <D>0</D>
                <V>1</V>
            </Stats>

            <AbstractClasses>
            </AbstractClasses>

            <ConcreteClasses>
                <Class sourceFile="DataTable.java">
                    be.quodlibet.boxable.datatable.DataTable
                </Class>
            </ConcreteClasses>

            <DependsUpon>
                <Package>be.quodlibet.boxable</Package>
                <Package>be.quodlibet.boxable.line</Package>
                <Package>be.quodlibet.boxable.utils</Package>
                <Package>java.awt</Package>
                <Package>java.io</Package>
                <Package>java.lang</Package>
                <Package>java.util</Package>
            </DependsUpon>

            <UsedBy>
            </UsedBy>
        </Package>

        <Package name="be.quodlibet.boxable.image">
            <Stats>
                <TotalClasses>1</TotalClasses>
                <ConcreteClasses>1</ConcreteClasses>
                <AbstractClasses>0</AbstractClasses>
                <Ca>2</Ca>
                <Ce>4</Ce>
                <A>0</A>
                <I>0.67</I>
                <D>0.33</D>
                <V>1</V>
            </Stats>

            <AbstractClasses>
            </AbstractClasses>

            <ConcreteClasses>
                <Class sourceFile="Image.java">
                    be.quodlibet.boxable.image.Image
                </Class>
            </ConcreteClasses>

            <DependsUpon>
                <Package>be.quodlibet.boxable.utils</Package>
                <Package>java.awt.image</Package>
                <Package>java.io</Package>
                <Package>java.lang</Package>
            </DependsUpon>

            <UsedBy>
                <Package>be.quodlibet.boxable</Package>
                <Package>be.quodlibet.boxable.utils</Package>
            </UsedBy>
        </Package>

        <Package name="be.quodlibet.boxable.line">
            <Stats>
                <TotalClasses>1</TotalClasses>
                <ConcreteClasses>1</ConcreteClasses>
                <AbstractClasses>0</AbstractClasses>
                <Ca>3</Ca>
                <Ce>3</Ce>
                <A>0</A>
                <I>0.5</I>
                <D>0.5</D>
                <V>1</V>
            </Stats>

            <AbstractClasses>
            </AbstractClasses>

            <ConcreteClasses>
                <Class sourceFile="LineStyle.java">
                    be.quodlibet.boxable.line.LineStyle
                </Class>
            </ConcreteClasses>

            <DependsUpon>
                <Package>java.awt</Package>
                <Package>java.lang</Package>
                <Package>java.util</Package>
            </DependsUpon>

            <UsedBy>
                <Package>be.quodlibet.boxable</Package>
                <Package>be.quodlibet.boxable.datatable</Package>
                <Package>be.quodlibet.boxable.utils</Package>
            </UsedBy>
        </Package>

        <Package name="be.quodlibet.boxable.page">
            <Stats>
                <TotalClasses>2</TotalClasses>
                <ConcreteClasses>1</ConcreteClasses>
                <AbstractClasses>1</AbstractClasses>
                <Ca>1</Ca>
                <Ce>1</Ce>
                <A>0.5</A>
                <I>0.5</I>
                <D>0</D>
                <V>1</V>
            </Stats>

            <AbstractClasses>
                <Class sourceFile="PageProvider.java">
                    be.quodlibet.boxable.page.PageProvider
                </Class>
            </AbstractClasses>

            <ConcreteClasses>
                <Class sourceFile="DefaultPageProvider.java">
                    be.quodlibet.boxable.page.DefaultPageProvider
                </Class>
            </ConcreteClasses>

            <DependsUpon>
                <Package>java.lang</Package>
            </DependsUpon>

            <UsedBy>
                <Package>be.quodlibet.boxable</Package>
            </UsedBy>
        </Package>

        <Package name="be.quodlibet.boxable.text">
            <Stats>
                <TotalClasses>5</TotalClasses>
                <ConcreteClasses>4</ConcreteClasses>
                <AbstractClasses>1</AbstractClasses>
                <Ca>1</Ca>
                <Ce>4</Ce>
                <A>0.2</A>
                <I>0.8</I>
                <D>0</D>
                <V>1</V>
            </Stats>

            <AbstractClasses>
                <Class sourceFile="WrappingFunction.java">
                    be.quodlibet.boxable.text.WrappingFunction
                </Class>
            </AbstractClasses>

            <ConcreteClasses>
                <Class sourceFile="PipelineLayer.java">
                    be.quodlibet.boxable.text.PipelineLayer
                </Class>
                <Class sourceFile="Token.java">
                    be.quodlibet.boxable.text.Token
                </Class>
                <Class sourceFile="TokenType.java">
                    be.quodlibet.boxable.text.TokenType
                </Class>
                <Class sourceFile="Tokenizer.java">
                    be.quodlibet.boxable.text.Tokenizer
                </Class>
            </ConcreteClasses>

            <DependsUpon>
                <Package>java.io</Package>
                <Package>java.lang</Package>
                <Package>java.util</Package>
                <Package>java.util.regex</Package>
            </DependsUpon>

            <UsedBy>
                <Package>be.quodlibet.boxable</Package>
            </UsedBy>
        </Package>

        <Package name="be.quodlibet.boxable.utils">
            <Stats>
                <TotalClasses>4</TotalClasses>
                <ConcreteClasses>4</ConcreteClasses>
                <AbstractClasses>0</AbstractClasses>
                <Ca>3</Ca>
                <Ce>7</Ce>
                <A>0</A>
                <I>0.7</I>
                <D>0.3</D>
                <V>1</V>
            </Stats>

            <AbstractClasses>
            </AbstractClasses>

            <ConcreteClasses>
                <Class sourceFile="FontUtils.java">
                    be.quodlibet.boxable.utils.FontUtils
                </Class>
                <Class sourceFile="FontUtils.java">
                    be.quodlibet.boxable.utils.FontUtils$FontMetrics
                </Class>
                <Class sourceFile="ImageUtils.java">
                    be.quodlibet.boxable.utils.ImageUtils
                </Class>
                <Class sourceFile="PDStreamUtils.java">
                    be.quodlibet.boxable.utils.PDStreamUtils
                </Class>
            </ConcreteClasses>

            <DependsUpon>
                <Package>be.quodlibet.boxable.image</Package>
                <Package>be.quodlibet.boxable.line</Package>
                <Package>java.awt</Package>
                <Package>java.io</Package>
                <Package>java.lang</Package>
                <Package>java.util</Package>
                <Package>javax.imageio</Package>
            </DependsUpon>

            <UsedBy>
                <Package>be.quodlibet.boxable</Package>
                <Package>be.quodlibet.boxable.datatable</Package>
                <Package>be.quodlibet.boxable.image</Package>
            </UsedBy>
        </Package>

        <Package name="com.google.common.annotations">
            <Stats>
                <TotalClasses>4</TotalClasses>
                <ConcreteClasses>0</ConcreteClasses>
                <AbstractClasses>4</AbstractClasses>
                <Ca>0</Ca>
                <Ce>2</Ce>
                <A>1</A>
                <I>1</I>
                <D>1</D>
                <V>1</V>
            </Stats>

            <AbstractClasses>
                <Class sourceFile="Beta.java">
                    com.google.common.annotations.Beta
                </Class>
                <Class sourceFile="GwtCompatible.java">
                    com.google.common.annotations.GwtCompatible
                </Class>
                <Class sourceFile="GwtIncompatible.java">
                    com.google.common.annotations.GwtIncompatible
                </Class>
                <Class sourceFile="VisibleForTesting.java">
                    com.google.common.annotations.VisibleForTesting
                </Class>
            </AbstractClasses>

            <ConcreteClasses>
            </ConcreteClasses>

            <DependsUpon>
                <Package>java.lang</Package>
                <Package>java.lang.annotation</Package>
            </DependsUpon>

            <UsedBy>
            </UsedBy>
        </Package>

        <Package name="com.google.common.base">
            <Stats>
                <TotalClasses>159</TotalClasses>
                <ConcreteClasses>133</ConcreteClasses>
                <AbstractClasses>26</AbstractClasses>
                <Ca>14</Ca>
                <Ce>13</Ce>
                <A>0.16</A>
                <I>0.48</I>
                <D>0.35</D>
                <V>1</V>
            </Stats>

            <AbstractClasses>
                <Class sourceFile="AbstractIterator.java">
                    com.google.common.base.AbstractIterator
                </Class>
                <Class sourceFile="CaseFormat.java">
                    com.google.common.base.CaseFormat
                </Class>
                <Class sourceFile="CharMatcher.java">
                    com.google.common.base.CharMatcher
                </Class>
                <Class sourceFile="CharMatcher.java">
                    com.google.common.base.CharMatcher$FastMatcher
                </Class>
                <Class sourceFile="CharMatcher.java">
                    com.google.common.base.CharMatcher$NamedFastMatcher
                </Class>
                <Class sourceFile="CommonMatcher.java">
                    com.google.common.base.CommonMatcher
                </Class>
                <Class sourceFile="CommonPattern.java">
                    com.google.common.base.CommonPattern
                </Class>
                <Class sourceFile="Converter.java">
                    com.google.common.base.Converter
                </Class>
                <Class sourceFile="Equivalence.java">
                    com.google.common.base.Equivalence
                </Class>
                <Class sourceFile="ExtraObjectsMethodsForWeb.java">
                    com.google.common.base.ExtraObjectsMethodsForWeb
                </Class>
                <Class sourceFile="FinalizablePhantomReference.java">
                    com.google.common.base.FinalizablePhantomReference
                </Class>
                <Class sourceFile="FinalizableReference.java">
                    com.google.common.base.FinalizableReference
                </Class>
                <Class sourceFile="FinalizableReferenceQueue.java">
                    com.google.common.base.FinalizableReferenceQueue$FinalizerLoader
                </Class>
                <Class sourceFile="FinalizableSoftReference.java">
                    com.google.common.base.FinalizableSoftReference
                </Class>
                <Class sourceFile="FinalizableWeakReference.java">
                    com.google.common.base.FinalizableWeakReference
                </Class>
                <Class sourceFile="Function.java">
                    com.google.common.base.Function
                </Class>
                <Class sourceFile="Optional.java">
                    com.google.common.base.Optional
                </Class>
                <Class sourceFile="PatternCompiler.java">
                    com.google.common.base.PatternCompiler
                </Class>
                <Class sourceFile="Predicate.java">
                    com.google.common.base.Predicate
                </Class>
                <Class sourceFile="Predicates.java">
                    com.google.common.base.Predicates$ObjectPredicate
                </Class>
                <Class sourceFile="Splitter.java">
                    com.google.common.base.Splitter$SplittingIterator
                </Class>
                <Class sourceFile="Splitter.java">
                    com.google.common.base.Splitter$Strategy
                </Class>
                <Class sourceFile="Supplier.java">
                    com.google.common.base.Supplier
                </Class>
                <Class sourceFile="Suppliers.java">
                    com.google.common.base.Suppliers$SupplierFunction
                </Class>
                <Class sourceFile="Ticker.java">
                    com.google.common.base.Ticker
                </Class>
                <Class sourceFile="package-info.java">
                    com.google.common.base.package-info
                </Class>
            </AbstractClasses>

            <ConcreteClasses>
                <Class sourceFile="Absent.java">
                    com.google.common.base.Absent
                </Class>
                <Class sourceFile="AbstractIterator.java">
                    com.google.common.base.AbstractIterator$1
                </Class>
                <Class sourceFile="AbstractIterator.java">
                    com.google.common.base.AbstractIterator$State
                </Class>
                <Class sourceFile="Ascii.java">
                    com.google.common.base.Ascii
                </Class>
                <Class sourceFile="CaseFormat.java">
                    com.google.common.base.CaseFormat$1
                </Class>
                <Class sourceFile="CaseFormat.java">
                    com.google.common.base.CaseFormat$2
                </Class>
                <Class sourceFile="CaseFormat.java">
                    com.google.common.base.CaseFormat$3
                </Class>
                <Class sourceFile="CaseFormat.java">
                    com.google.common.base.CaseFormat$4
                </Class>
                <Class sourceFile="CaseFormat.java">
                    com.google.common.base.CaseFormat$5
                </Class>
                <Class sourceFile="CaseFormat.java">
                    com.google.common.base.CaseFormat$StringConverter
                </Class>
                <Class sourceFile="CharMatcher.java">
                    com.google.common.base.CharMatcher$1
                </Class>
                <Class sourceFile="CharMatcher.java">
                    com.google.common.base.CharMatcher$And
                </Class>
                <Class sourceFile="CharMatcher.java">
                    com.google.common.base.CharMatcher$Any
                </Class>
                <Class sourceFile="CharMatcher.java">
                    com.google.common.base.CharMatcher$AnyOf
                </Class>
                <Class sourceFile="CharMatcher.java">
                    com.google.common.base.CharMatcher$Ascii
                </Class>
                <Class sourceFile="CharMatcher.java">
                    com.google.common.base.CharMatcher$BitSetMatcher
                </Class>
                <Class sourceFile="CharMatcher.java">
                    com.google.common.base.CharMatcher$BreakingWhitespace
                </Class>
                <Class sourceFile="CharMatcher.java">
                    com.google.common.base.CharMatcher$Digit
                </Class>
                <Class sourceFile="CharMatcher.java">
                    com.google.common.base.CharMatcher$ForPredicate
                </Class>
                <Class sourceFile="CharMatcher.java">
                    com.google.common.base.CharMatcher$InRange
                </Class>
                <Class sourceFile="CharMatcher.java">
                    com.google.common.base.CharMatcher$Invisible
                </Class>
                <Class sourceFile="CharMatcher.java">
                    com.google.common.base.CharMatcher$Is
                </Class>
                <Class sourceFile="CharMatcher.java">
                    com.google.common.base.CharMatcher$IsEither
                </Class>
                <Class sourceFile="CharMatcher.java">
                    com.google.common.base.CharMatcher$IsNot
                </Class>
                <Class sourceFile="CharMatcher.java">
                    com.google.common.base.CharMatcher$JavaDigit
                </Class>
                <Class sourceFile="CharMatcher.java">
                    com.google.common.base.CharMatcher$JavaIsoControl
                </Class>
                <Class sourceFile="CharMatcher.java">
                    com.google.common.base.CharMatcher$JavaLetter
                </Class>
                <Class sourceFile="CharMatcher.java">
                    com.google.common.base.CharMatcher$JavaLetterOrDigit
                </Class>
                <Class sourceFile="CharMatcher.java">
                    com.google.common.base.CharMatcher$JavaLowerCase
                </Class>
                <Class sourceFile="CharMatcher.java">
                    com.google.common.base.CharMatcher$JavaUpperCase
                </Class>
                <Class sourceFile="CharMatcher.java">
                    com.google.common.base.CharMatcher$Negated
                </Class>
                <Class sourceFile="CharMatcher.java">
                    com.google.common.base.CharMatcher$NegatedFastMatcher
                </Class>
                <Class sourceFile="CharMatcher.java">
                    com.google.common.base.CharMatcher$None
                </Class>
                <Class sourceFile="CharMatcher.java">
                    com.google.common.base.CharMatcher$Or
                </Class>
                <Class sourceFile="CharMatcher.java">
                    com.google.common.base.CharMatcher$RangesMatcher
                </Class>
                <Class sourceFile="CharMatcher.java">
                    com.google.common.base.CharMatcher$SingleWidth
                </Class>
                <Class sourceFile="CharMatcher.java">
                    com.google.common.base.CharMatcher$Whitespace
                </Class>
                <Class sourceFile="Charsets.java">
                    com.google.common.base.Charsets
                </Class>
                <Class sourceFile="Converter.java">
                    com.google.common.base.Converter$1
                </Class>
                <Class sourceFile="Converter.java">
                    com.google.common.base.Converter$1$1
                </Class>
                <Class sourceFile="Converter.java">
                    com.google.common.base.Converter$ConverterComposition
                </Class>
                <Class sourceFile="Converter.java">
                    com.google.common.base.Converter$FunctionBasedConverter
                </Class>
                <Class sourceFile="Converter.java">
                    com.google.common.base.Converter$IdentityConverter
                </Class>
                <Class sourceFile="Converter.java">
                    com.google.common.base.Converter$ReverseConverter
                </Class>
                <Class sourceFile="Defaults.java">
                    com.google.common.base.Defaults
                </Class>
                <Class sourceFile="Enums.java">
                    com.google.common.base.Enums
                </Class>
                <Class sourceFile="Enums.java">
                    com.google.common.base.Enums$StringConverter
                </Class>
                <Class sourceFile="Equivalence.java">
                    com.google.common.base.Equivalence$1
                </Class>
                <Class sourceFile="Equivalence.java">
                    com.google.common.base.Equivalence$Equals
                </Class>
                <Class sourceFile="Equivalence.java">
                    com.google.common.base.Equivalence$EquivalentToPredicate
                </Class>
                <Class sourceFile="Equivalence.java">
                    com.google.common.base.Equivalence$Identity
                </Class>
                <Class sourceFile="Equivalence.java">
                    com.google.common.base.Equivalence$Wrapper
                </Class>
                <Class sourceFile="FinalizableReferenceQueue.java">
                    com.google.common.base.FinalizableReferenceQueue
                </Class>
                <Class sourceFile="FinalizableReferenceQueue.java">
                    com.google.common.base.FinalizableReferenceQueue$DecoupledLoader
                </Class>
                <Class sourceFile="FinalizableReferenceQueue.java">
                    com.google.common.base.FinalizableReferenceQueue$DirectLoader
                </Class>
                <Class sourceFile="FinalizableReferenceQueue.java">
                    com.google.common.base.FinalizableReferenceQueue$SystemLoader
                </Class>
                <Class sourceFile="FunctionalEquivalence.java">
                    com.google.common.base.FunctionalEquivalence
                </Class>
                <Class sourceFile="Functions.java">
                    com.google.common.base.Functions
                </Class>
                <Class sourceFile="Functions.java">
                    com.google.common.base.Functions$1
                </Class>
                <Class sourceFile="Functions.java">
                    com.google.common.base.Functions$ConstantFunction
                </Class>
                <Class sourceFile="Functions.java">
                    com.google.common.base.Functions$ForMapWithDefault
                </Class>
                <Class sourceFile="Functions.java">
                    com.google.common.base.Functions$FunctionComposition
                </Class>
                <Class sourceFile="Functions.java">
                    com.google.common.base.Functions$FunctionForMapNoDefault
                </Class>
                <Class sourceFile="Functions.java">
                    com.google.common.base.Functions$IdentityFunction
                </Class>
                <Class sourceFile="Functions.java">
                    com.google.common.base.Functions$PredicateFunction
                </Class>
                <Class sourceFile="Functions.java">
                    com.google.common.base.Functions$SupplierFunction
                </Class>
                <Class sourceFile="Functions.java">
                    com.google.common.base.Functions$ToStringFunction
                </Class>
                <Class sourceFile="JdkPattern.java">
                    com.google.common.base.JdkPattern
                </Class>
                <Class sourceFile="JdkPattern.java">
                    com.google.common.base.JdkPattern$JdkMatcher
                </Class>
                <Class sourceFile="Joiner.java">
                    com.google.common.base.Joiner
                </Class>
                <Class sourceFile="Joiner.java">
                    com.google.common.base.Joiner$1
                </Class>
                <Class sourceFile="Joiner.java">
                    com.google.common.base.Joiner$2
                </Class>
                <Class sourceFile="Joiner.java">
                    com.google.common.base.Joiner$3
                </Class>
                <Class sourceFile="Joiner.java">
                    com.google.common.base.Joiner$MapJoiner
                </Class>
                <Class sourceFile="MoreObjects.java">
                    com.google.common.base.MoreObjects
                </Class>
                <Class sourceFile="MoreObjects.java">
                    com.google.common.base.MoreObjects$1
                </Class>
                <Class sourceFile="MoreObjects.java">
                    com.google.common.base.MoreObjects$ToStringHelper
                </Class>
                <Class sourceFile="MoreObjects.java">
                    com.google.common.base.MoreObjects$ToStringHelper$ValueHolder
                </Class>
                <Class sourceFile="Objects.java">
                    com.google.common.base.Objects
                </Class>
                <Class sourceFile="Optional.java">
                    com.google.common.base.Optional$1
                </Class>
                <Class sourceFile="Optional.java">
                    com.google.common.base.Optional$1$1
                </Class>
                <Class sourceFile="PairwiseEquivalence.java">
                    com.google.common.base.PairwiseEquivalence
                </Class>
                <Class sourceFile="Platform.java">
                    com.google.common.base.Platform
                </Class>
                <Class sourceFile="Platform.java">
                    com.google.common.base.Platform$1
                </Class>
                <Class sourceFile="Platform.java">
                    com.google.common.base.Platform$JdkPatternCompiler
                </Class>
                <Class sourceFile="Preconditions.java">
                    com.google.common.base.Preconditions
                </Class>
                <Class sourceFile="Predicates.java">
                    com.google.common.base.Predicates
                </Class>
                <Class sourceFile="Predicates.java">
                    com.google.common.base.Predicates$1
                </Class>
                <Class sourceFile="Predicates.java">
                    com.google.common.base.Predicates$AndPredicate
                </Class>
                <Class sourceFile="Predicates.java">
                    com.google.common.base.Predicates$CompositionPredicate
                </Class>
                <Class sourceFile="Predicates.java">
                    com.google.common.base.Predicates$ContainsPatternFromStringPredicate
                </Class>
                <Class sourceFile="Predicates.java">
                    com.google.common.base.Predicates$ContainsPatternPredicate
                </Class>
                <Class sourceFile="Predicates.java">
                    com.google.common.base.Predicates$InPredicate
                </Class>
                <Class sourceFile="Predicates.java">
                    com.google.common.base.Predicates$InstanceOfPredicate
                </Class>
                <Class sourceFile="Predicates.java">
                    com.google.common.base.Predicates$IsEqualToPredicate
                </Class>
                <Class sourceFile="Predicates.java">
                    com.google.common.base.Predicates$NotPredicate
                </Class>
                <Class sourceFile="Predicates.java">
                    com.google.common.base.Predicates$ObjectPredicate$1
                </Class>
                <Class sourceFile="Predicates.java">
                    com.google.common.base.Predicates$ObjectPredicate$2
                </Class>
                <Class sourceFile="Predicates.java">
                    com.google.common.base.Predicates$ObjectPredicate$3
                </Class>
                <Class sourceFile="Predicates.java">
                    com.google.common.base.Predicates$ObjectPredicate$4
                </Class>
                <Class sourceFile="Predicates.java">
                    com.google.common.base.Predicates$OrPredicate
                </Class>
                <Class sourceFile="Predicates.java">
                    com.google.common.base.Predicates$SubtypeOfPredicate
                </Class>
                <Class sourceFile="Present.java">
                    com.google.common.base.Present
                </Class>
                <Class sourceFile="SmallCharMatcher.java">
                    com.google.common.base.SmallCharMatcher
                </Class>
                <Class sourceFile="Splitter.java">
                    com.google.common.base.Splitter
                </Class>
                <Class sourceFile="Splitter.java">
                    com.google.common.base.Splitter$1
                </Class>
                <Class sourceFile="Splitter.java">
                    com.google.common.base.Splitter$1$1
                </Class>
                <Class sourceFile="Splitter.java">
                    com.google.common.base.Splitter$2
                </Class>
                <Class sourceFile="Splitter.java">
                    com.google.common.base.Splitter$2$1
                </Class>
                <Class sourceFile="Splitter.java">
                    com.google.common.base.Splitter$3
                </Class>
                <Class sourceFile="Splitter.java">
                    com.google.common.base.Splitter$3$1
                </Class>
                <Class sourceFile="Splitter.java">
                    com.google.common.base.Splitter$4
                </Class>
                <Class sourceFile="Splitter.java">
                    com.google.common.base.Splitter$4$1
                </Class>
                <Class sourceFile="Splitter.java">
                    com.google.common.base.Splitter$5
                </Class>
                <Class sourceFile="Splitter.java">
                    com.google.common.base.Splitter$MapSplitter
                </Class>
                <Class sourceFile="StandardSystemProperty.java">
                    com.google.common.base.StandardSystemProperty
                </Class>
                <Class sourceFile="Stopwatch.java">
                    com.google.common.base.Stopwatch
                </Class>
                <Class sourceFile="Stopwatch.java">
                    com.google.common.base.Stopwatch$1
                </Class>
                <Class sourceFile="Strings.java">
                    com.google.common.base.Strings
                </Class>
                <Class sourceFile="Suppliers.java">
                    com.google.common.base.Suppliers
                </Class>
                <Class sourceFile="Suppliers.java">
                    com.google.common.base.Suppliers$ExpiringMemoizingSupplier
                </Class>
                <Class sourceFile="Suppliers.java">
                    com.google.common.base.Suppliers$MemoizingSupplier
                </Class>
                <Class sourceFile="Suppliers.java">
                    com.google.common.base.Suppliers$NonSerializableMemoizingSupplier
                </Class>
                <Class sourceFile="Suppliers.java">
                    com.google.common.base.Suppliers$SupplierComposition
                </Class>
                <Class sourceFile="Suppliers.java">
                    com.google.common.base.Suppliers$SupplierFunctionImpl
                </Class>
                <Class sourceFile="Suppliers.java">
                    com.google.common.base.Suppliers$SupplierOfInstance
                </Class>
                <Class sourceFile="Suppliers.java">
                    com.google.common.base.Suppliers$ThreadSafeSupplier
                </Class>
                <Class sourceFile="Throwables.java">
                    com.google.common.base.Throwables
                </Class>
                <Class sourceFile="Throwables.java">
                    com.google.common.base.Throwables$1
                </Class>
                <Class sourceFile="Ticker.java">
                    com.google.common.base.Ticker$1
                </Class>
                <Class sourceFile="Utf8.java">
                    com.google.common.base.Utf8
                </Class>
                <Class sourceFile="Verify.java">
                    com.google.common.base.Verify
                </Class>
                <Class sourceFile="VerifyException.java">
                    com.google.common.base.VerifyException
                </Class>
            </ConcreteClasses>

            <DependsUpon>
                <Package>com.google.errorprone.annotations.concurrent</Package>
                <Package>java.io</Package>
                <Package>java.lang</Package>
                <Package>java.lang.ref</Package>
                <Package>java.lang.reflect</Package>
                <Package>java.net</Package>
                <Package>java.nio.charset</Package>
                <Package>java.util</Package>
                <Package>java.util.concurrent</Package>
                <Package>java.util.function</Package>
                <Package>java.util.logging</Package>
                <Package>java.util.regex</Package>
                <Package>javax.annotation</Package>
            </DependsUpon>

            <UsedBy>
                <Package>be.quodlibet.boxable</Package>
                <Package>com.google.common.cache</Package>
                <Package>com.google.common.collect</Package>
                <Package>com.google.common.escape</Package>
                <Package>com.google.common.eventbus</Package>
                <Package>com.google.common.graph</Package>
                <Package>com.google.common.hash</Package>
                <Package>com.google.common.io</Package>
                <Package>com.google.common.math</Package>
                <Package>com.google.common.net</Package>
                <Package>com.google.common.primitives</Package>
                <Package>com.google.common.reflect</Package>
                <Package>com.google.common.util.concurrent</Package>
                <Package>com.google.thirdparty.publicsuffix</Package>
            </UsedBy>
        </Package>

        <Package name="com.google.common.base.internal">
            <Stats>
                <TotalClasses>1</TotalClasses>
                <ConcreteClasses>1</ConcreteClasses>
                <AbstractClasses>0</AbstractClasses>
                <Ca>0</Ca>
                <Ce>5</Ce>
                <A>0</A>
                <I>1</I>
                <D>0</D>
                <V>1</V>
            </Stats>

            <AbstractClasses>
            </AbstractClasses>

            <ConcreteClasses>
                <Class sourceFile="Finalizer.java">
                    com.google.common.base.internal.Finalizer
                </Class>
            </ConcreteClasses>

            <DependsUpon>
                <Package>java.lang</Package>
                <Package>java.lang.ref</Package>
                <Package>java.lang.reflect</Package>
                <Package>java.util.logging</Package>
                <Package>javax.annotation</Package>
            </DependsUpon>

            <UsedBy>
            </UsedBy>
        </Package>

        <Package name="com.google.common.cache">
            <Stats>
                <TotalClasses>120</TotalClasses>
                <ConcreteClasses>93</ConcreteClasses>
                <AbstractClasses>27</AbstractClasses>
                <Ca>1</Ca>
                <Ce>18</Ce>
                <A>0.22</A>
                <I>0.95</I>
                <D>0.17</D>
                <V>1</V>
            </Stats>

            <AbstractClasses>
                <Class sourceFile="AbstractCache.java">
                    com.google.common.cache.AbstractCache
                </Class>
                <Class sourceFile="AbstractCache.java">
                    com.google.common.cache.AbstractCache$StatsCounter
                </Class>
                <Class sourceFile="AbstractLoadingCache.java">
                    com.google.common.cache.AbstractLoadingCache
                </Class>
                <Class sourceFile="Cache.java">
                    com.google.common.cache.Cache
                </Class>
                <Class sourceFile="CacheBuilderSpec.java">
                    com.google.common.cache.CacheBuilderSpec$DurationParser
                </Class>
                <Class sourceFile="CacheBuilderSpec.java">
                    com.google.common.cache.CacheBuilderSpec$IntegerParser
                </Class>
                <Class sourceFile="CacheBuilderSpec.java">
                    com.google.common.cache.CacheBuilderSpec$LongParser
                </Class>
                <Class sourceFile="CacheBuilderSpec.java">
                    com.google.common.cache.CacheBuilderSpec$ValueParser
                </Class>
                <Class sourceFile="CacheLoader.java">
                    com.google.common.cache.CacheLoader
                </Class>
                <Class sourceFile="ForwardingCache.java">
                    com.google.common.cache.ForwardingCache
                </Class>
                <Class sourceFile="ForwardingCache.java">
                    com.google.common.cache.ForwardingCache$SimpleForwardingCache
                </Class>
                <Class sourceFile="ForwardingLoadingCache.java">
                    com.google.common.cache.ForwardingLoadingCache
                </Class>
                <Class sourceFile="ForwardingLoadingCache.java">
                    com.google.common.cache.ForwardingLoadingCache$SimpleForwardingLoadingCache
                </Class>
                <Class sourceFile="LoadingCache.java">
                    com.google.common.cache.LoadingCache
                </Class>
                <Class sourceFile="LocalCache.java">
                    com.google.common.cache.LocalCache$AbstractCacheSet
                </Class>
                <Class sourceFile="LocalCache.java">
                    com.google.common.cache.LocalCache$AbstractReferenceEntry
                </Class>
                <Class sourceFile="LocalCache.java">
                    com.google.common.cache.LocalCache$EntryFactory
                </Class>
                <Class sourceFile="LocalCache.java">
                    com.google.common.cache.LocalCache$HashIterator
                </Class>
                <Class sourceFile="LocalCache.java">
                    com.google.common.cache.LocalCache$ReferenceEntry
                </Class>
                <Class sourceFile="LocalCache.java">
                    com.google.common.cache.LocalCache$Strength
                </Class>
                <Class sourceFile="LocalCache.java">
                    com.google.common.cache.LocalCache$ValueReference
                </Class>
                <Class sourceFile="LongAddable.java">
                    com.google.common.cache.LongAddable
                </Class>
                <Class sourceFile="RemovalCause.java">
                    com.google.common.cache.RemovalCause
                </Class>
                <Class sourceFile="RemovalListener.java">
                    com.google.common.cache.RemovalListener
                </Class>
                <Class sourceFile="Striped64.java">
                    com.google.common.cache.Striped64
                </Class>
                <Class sourceFile="Weigher.java">
                    com.google.common.cache.Weigher
                </Class>
                <Class sourceFile="package-info.java">
                    com.google.common.cache.package-info
                </Class>
            </AbstractClasses>

            <ConcreteClasses>
                <Class sourceFile="AbstractCache.java">
                    com.google.common.cache.AbstractCache$SimpleStatsCounter
                </Class>
                <Class sourceFile="CacheBuilder.java">
                    com.google.common.cache.CacheBuilder
                </Class>
                <Class sourceFile="CacheBuilder.java">
                    com.google.common.cache.CacheBuilder$1
                </Class>
                <Class sourceFile="CacheBuilder.java">
                    com.google.common.cache.CacheBuilder$2
                </Class>
                <Class sourceFile="CacheBuilder.java">
                    com.google.common.cache.CacheBuilder$3
                </Class>
                <Class sourceFile="CacheBuilder.java">
                    com.google.common.cache.CacheBuilder$NullListener
                </Class>
                <Class sourceFile="CacheBuilder.java">
                    com.google.common.cache.CacheBuilder$OneWeigher
                </Class>
                <Class sourceFile="CacheBuilderSpec.java">
                    com.google.common.cache.CacheBuilderSpec
                </Class>
                <Class sourceFile="CacheBuilderSpec.java">
                    com.google.common.cache.CacheBuilderSpec$1
                </Class>
                <Class sourceFile="CacheBuilderSpec.java">
                    com.google.common.cache.CacheBuilderSpec$AccessDurationParser
                </Class>
                <Class sourceFile="CacheBuilderSpec.java">
                    com.google.common.cache.CacheBuilderSpec$ConcurrencyLevelParser
                </Class>
                <Class sourceFile="CacheBuilderSpec.java">
                    com.google.common.cache.CacheBuilderSpec$InitialCapacityParser
                </Class>
                <Class sourceFile="CacheBuilderSpec.java">
                    com.google.common.cache.CacheBuilderSpec$KeyStrengthParser
                </Class>
                <Class sourceFile="CacheBuilderSpec.java">
                    com.google.common.cache.CacheBuilderSpec$MaximumSizeParser
                </Class>
                <Class sourceFile="CacheBuilderSpec.java">
                    com.google.common.cache.CacheBuilderSpec$MaximumWeightParser
                </Class>
                <Class sourceFile="CacheBuilderSpec.java">
                    com.google.common.cache.CacheBuilderSpec$RecordStatsParser
                </Class>
                <Class sourceFile="CacheBuilderSpec.java">
                    com.google.common.cache.CacheBuilderSpec$RefreshDurationParser
                </Class>
                <Class sourceFile="CacheBuilderSpec.java">
                    com.google.common.cache.CacheBuilderSpec$ValueStrengthParser
                </Class>
                <Class sourceFile="CacheBuilderSpec.java">
                    com.google.common.cache.CacheBuilderSpec$WriteDurationParser
                </Class>
                <Class sourceFile="CacheLoader.java">
                    com.google.common.cache.CacheLoader$1
                </Class>
                <Class sourceFile="CacheLoader.java">
                    com.google.common.cache.CacheLoader$1$1
                </Class>
                <Class sourceFile="CacheLoader.java">
                    com.google.common.cache.CacheLoader$FunctionToCacheLoader
                </Class>
                <Class sourceFile="CacheLoader.java">
                    com.google.common.cache.CacheLoader$InvalidCacheLoadException
                </Class>
                <Class sourceFile="CacheLoader.java">
                    com.google.common.cache.CacheLoader$SupplierToCacheLoader
                </Class>
                <Class sourceFile="CacheLoader.java">
                    com.google.common.cache.CacheLoader$UnsupportedLoadingOperationException
                </Class>
                <Class sourceFile="CacheStats.java">
                    com.google.common.cache.CacheStats
                </Class>
                <Class sourceFile="LocalCache.java">
                    com.google.common.cache.LocalCache
                </Class>
                <Class sourceFile="LocalCache.java">
                    com.google.common.cache.LocalCache$1
                </Class>
                <Class sourceFile="LocalCache.java">
                    com.google.common.cache.LocalCache$2
                </Class>
                <Class sourceFile="LocalCache.java">
                    com.google.common.cache.LocalCache$AccessQueue
                </Class>
                <Class sourceFile="LocalCache.java">
                    com.google.common.cache.LocalCache$AccessQueue$1
                </Class>
                <Class sourceFile="LocalCache.java">
                    com.google.common.cache.LocalCache$AccessQueue$2
                </Class>
                <Class sourceFile="LocalCache.java">
                    com.google.common.cache.LocalCache$EntryFactory$1
                </Class>
                <Class sourceFile="LocalCache.java">
                    com.google.common.cache.LocalCache$EntryFactory$2
                </Class>
                <Class sourceFile="LocalCache.java">
                    com.google.common.cache.LocalCache$EntryFactory$3
                </Class>
                <Class sourceFile="LocalCache.java">
                    com.google.common.cache.LocalCache$EntryFactory$4
                </Class>
                <Class sourceFile="LocalCache.java">
                    com.google.common.cache.LocalCache$EntryFactory$5
                </Class>
                <Class sourceFile="LocalCache.java">
                    com.google.common.cache.LocalCache$EntryFactory$6
                </Class>
                <Class sourceFile="LocalCache.java">
                    com.google.common.cache.LocalCache$EntryFactory$7
                </Class>
                <Class sourceFile="LocalCache.java">
                    com.google.common.cache.LocalCache$EntryFactory$8
                </Class>
                <Class sourceFile="LocalCache.java">
                    com.google.common.cache.LocalCache$EntryIterator
                </Class>
                <Class sourceFile="LocalCache.java">
                    com.google.common.cache.LocalCache$EntrySet
                </Class>
                <Class sourceFile="LocalCache.java">
                    com.google.common.cache.LocalCache$KeyIterator
                </Class>
                <Class sourceFile="LocalCache.java">
                    com.google.common.cache.LocalCache$KeySet
                </Class>
                <Class sourceFile="LocalCache.java">
                    com.google.common.cache.LocalCache$LoadingSerializationProxy
                </Class>
                <Class sourceFile="LocalCache.java">
                    com.google.common.cache.LocalCache$LoadingValueReference
                </Class>
                <Class sourceFile="LocalCache.java">
                    com.google.common.cache.LocalCache$LoadingValueReference$1
                </Class>
                <Class sourceFile="LocalCache.java">
                    com.google.common.cache.LocalCache$LocalLoadingCache
                </Class>
                <Class sourceFile="LocalCache.java">
                    com.google.common.cache.LocalCache$LocalManualCache
                </Class>
                <Class sourceFile="LocalCache.java">
                    com.google.common.cache.LocalCache$LocalManualCache$1
                </Class>
                <Class sourceFile="LocalCache.java">
                    com.google.common.cache.LocalCache$ManualSerializationProxy
                </Class>
                <Class sourceFile="LocalCache.java">
                    com.google.common.cache.LocalCache$NullEntry
                </Class>
                <Class sourceFile="LocalCache.java">
                    com.google.common.cache.LocalCache$Segment
                </Class>
                <Class sourceFile="LocalCache.java">
                    com.google.common.cache.LocalCache$Segment$1
                </Class>
                <Class sourceFile="LocalCache.java">
                    com.google.common.cache.LocalCache$SoftValueReference
                </Class>
                <Class sourceFile="LocalCache.java">
                    com.google.common.cache.LocalCache$Strength$1
                </Class>
                <Class sourceFile="LocalCache.java">
                    com.google.common.cache.LocalCache$Strength$2
                </Class>
                <Class sourceFile="LocalCache.java">
                    com.google.common.cache.LocalCache$Strength$3
                </Class>
                <Class sourceFile="LocalCache.java">
                    com.google.common.cache.LocalCache$StrongAccessEntry
                </Class>
                <Class sourceFile="LocalCache.java">
                    com.google.common.cache.LocalCache$StrongAccessWriteEntry
                </Class>
                <Class sourceFile="LocalCache.java">
                    com.google.common.cache.LocalCache$StrongEntry
                </Class>
                <Class sourceFile="LocalCache.java">
                    com.google.common.cache.LocalCache$StrongValueReference
                </Class>
                <Class sourceFile="LocalCache.java">
                    com.google.common.cache.LocalCache$StrongWriteEntry
                </Class>
                <Class sourceFile="LocalCache.java">
                    com.google.common.cache.LocalCache$ValueIterator
                </Class>
                <Class sourceFile="LocalCache.java">
                    com.google.common.cache.LocalCache$Values
                </Class>
                <Class sourceFile="LocalCache.java">
                    com.google.common.cache.LocalCache$WeakAccessEntry
                </Class>
                <Class sourceFile="LocalCache.java">
                    com.google.common.cache.LocalCache$WeakAccessWriteEntry
                </Class>
                <Class sourceFile="LocalCache.java">
                    com.google.common.cache.LocalCache$WeakEntry
                </Class>
                <Class sourceFile="LocalCache.java">
                    com.google.common.cache.LocalCache$WeakValueReference
                </Class>
                <Class sourceFile="LocalCache.java">
                    com.google.common.cache.LocalCache$WeakWriteEntry
                </Class>
                <Class sourceFile="LocalCache.java">
                    com.google.common.cache.LocalCache$WeightedSoftValueReference
                </Class>
                <Class sourceFile="LocalCache.java">
                    com.google.common.cache.LocalCache$WeightedStrongValueReference
                </Class>
                <Class sourceFile="LocalCache.java">
                    com.google.common.cache.LocalCache$WeightedWeakValueReference
                </Class>
                <Class sourceFile="LocalCache.java">
                    com.google.common.cache.LocalCache$WriteQueue
                </Class>
                <Class sourceFile="LocalCache.java">
                    com.google.common.cache.LocalCache$WriteQueue$1
                </Class>
                <Class sourceFile="LocalCache.java">
                    com.google.common.cache.LocalCache$WriteQueue$2
                </Class>
                <Class sourceFile="LocalCache.java">
                    com.google.common.cache.LocalCache$WriteThroughEntry
                </Class>
                <Class sourceFile="LongAddables.java">
                    com.google.common.cache.LongAddables
                </Class>
                <Class sourceFile="LongAddables.java">
                    com.google.common.cache.LongAddables$1
                </Class>
                <Class sourceFile="LongAddables.java">
                    com.google.common.cache.LongAddables$2
                </Class>
                <Class sourceFile="LongAddables.java">
                    com.google.common.cache.LongAddables$PureJavaLongAddable
                </Class>
                <Class sourceFile="LongAdder.java">
                    com.google.common.cache.LongAdder
                </Class>
                <Class sourceFile="RemovalCause.java">
                    com.google.common.cache.RemovalCause$1
                </Class>
                <Class sourceFile="RemovalCause.java">
                    com.google.common.cache.RemovalCause$2
                </Class>
                <Class sourceFile="RemovalCause.java">
                    com.google.common.cache.RemovalCause$3
                </Class>
                <Class sourceFile="RemovalCause.java">
                    com.google.common.cache.RemovalCause$4
                </Class>
                <Class sourceFile="RemovalCause.java">
                    com.google.common.cache.RemovalCause$5
                </Class>
                <Class sourceFile="RemovalListeners.java">
                    com.google.common.cache.RemovalListeners
                </Class>
                <Class sourceFile="RemovalListeners.java">
                    com.google.common.cache.RemovalListeners$1
                </Class>
                <Class sourceFile="RemovalListeners.java">
                    com.google.common.cache.RemovalListeners$1$1
                </Class>
                <Class sourceFile="RemovalNotification.java">
                    com.google.common.cache.RemovalNotification
                </Class>
                <Class sourceFile="Striped64.java">
                    com.google.common.cache.Striped64$1
                </Class>
                <Class sourceFile="Striped64.java">
                    com.google.common.cache.Striped64$Cell
                </Class>
            </ConcreteClasses>

            <DependsUpon>
                <Package>com.google.common.base</Package>
                <Package>com.google.common.collect</Package>
                <Package>com.google.common.primitives</Package>
                <Package>com.google.common.util.concurrent</Package>
                <Package>java.io</Package>
                <Package>java.lang</Package>
                <Package>java.lang.invoke</Package>
                <Package>java.lang.ref</Package>
                <Package>java.lang.reflect</Package>
                <Package>java.security</Package>
                <Package>java.util</Package>
                <Package>java.util.concurrent</Package>
                <Package>java.util.concurrent.atomic</Package>
                <Package>java.util.concurrent.locks</Package>
                <Package>java.util.function</Package>
                <Package>java.util.logging</Package>
                <Package>javax.annotation</Package>
                <Package>sun.misc</Package>
            </DependsUpon>

            <UsedBy>
                <Package>com.google.common.eventbus</Package>
            </UsedBy>
        </Package>

        <Package name="com.google.common.collect">
            <Stats>
                <TotalClasses>849</TotalClasses>
                <ConcreteClasses>697</ConcreteClasses>
                <AbstractClasses>152</AbstractClasses>
                <Ca>8</Ca>
                <Ce>18</Ce>
                <A>0.18</A>
                <I>0.69</I>
                <D>0.13</D>
                <V>1</V>
            </Stats>

            <AbstractClasses>
                <Class sourceFile="AbstractBiMap.java">
                    com.google.common.collect.AbstractBiMap
                </Class>
                <Class sourceFile="AbstractIndexedListIterator.java">
                    com.google.common.collect.AbstractIndexedListIterator
                </Class>
                <Class sourceFile="AbstractIterator.java">
                    com.google.common.collect.AbstractIterator
                </Class>
                <Class sourceFile="AbstractListMultimap.java">
                    com.google.common.collect.AbstractListMultimap
                </Class>
                <Class sourceFile="AbstractMapBasedMultimap.java">
                    com.google.common.collect.AbstractMapBasedMultimap
                </Class>
                <Class sourceFile="AbstractMapBasedMultimap.java">
                    com.google.common.collect.AbstractMapBasedMultimap$Itr
                </Class>
                <Class sourceFile="AbstractMapBasedMultiset.java">
                    com.google.common.collect.AbstractMapBasedMultiset
                </Class>
                <Class sourceFile="AbstractMapEntry.java">
                    com.google.common.collect.AbstractMapEntry
                </Class>
                <Class sourceFile="AbstractMultimap.java">
                    com.google.common.collect.AbstractMultimap
                </Class>
                <Class sourceFile="AbstractMultiset.java">
                    com.google.common.collect.AbstractMultiset
                </Class>
                <Class sourceFile="AbstractNavigableMap.java">
                    com.google.common.collect.AbstractNavigableMap
                </Class>
                <Class sourceFile="AbstractRangeSet.java">
                    com.google.common.collect.AbstractRangeSet
                </Class>
                <Class sourceFile="AbstractSequentialIterator.java">
                    com.google.common.collect.AbstractSequentialIterator
                </Class>
                <Class sourceFile="AbstractSetMultimap.java">
                    com.google.common.collect.AbstractSetMultimap
                </Class>
                <Class sourceFile="AbstractSortedKeySortedSetMultimap.java">
                    com.google.common.collect.AbstractSortedKeySortedSetMultimap
                </Class>
                <Class sourceFile="AbstractSortedMultiset.java">
                    com.google.common.collect.AbstractSortedMultiset
                </Class>
                <Class sourceFile="AbstractSortedSetMultimap.java">
                    com.google.common.collect.AbstractSortedSetMultimap
                </Class>
                <Class sourceFile="AbstractTable.java">
                    com.google.common.collect.AbstractTable
                </Class>
                <Class sourceFile="ArrayTable.java">
                    com.google.common.collect.ArrayTable$ArrayMap
                </Class>
                <Class sourceFile="BiMap.java">
                    com.google.common.collect.BiMap
                </Class>
                <Class sourceFile="BinaryTreeTraverser.java">
                    com.google.common.collect.BinaryTreeTraverser
                </Class>
                <Class sourceFile="BoundType.java">
                    com.google.common.collect.BoundType
                </Class>
                <Class sourceFile="ClassToInstanceMap.java">
                    com.google.common.collect.ClassToInstanceMap
                </Class>
                <Class sourceFile="ComparisonChain.java">
                    com.google.common.collect.ComparisonChain
                </Class>
                <Class sourceFile="ContiguousSet.java">
                    com.google.common.collect.ContiguousSet
                </Class>
                <Class sourceFile="Cut.java">
                    com.google.common.collect.Cut
                </Class>
                <Class sourceFile="DenseImmutableTable.java">
                    com.google.common.collect.DenseImmutableTable$ImmutableArrayMap
                </Class>
                <Class sourceFile="DescendingMultiset.java">
                    com.google.common.collect.DescendingMultiset
                </Class>
                <Class sourceFile="DiscreteDomain.java">
                    com.google.common.collect.DiscreteDomain
                </Class>
                <Class sourceFile="FilteredMultimap.java">
                    com.google.common.collect.FilteredMultimap
                </Class>
                <Class sourceFile="FilteredSetMultimap.java">
                    com.google.common.collect.FilteredSetMultimap
                </Class>
                <Class sourceFile="FluentIterable.java">
                    com.google.common.collect.FluentIterable
                </Class>
                <Class sourceFile="ForwardingBlockingDeque.java">
                    com.google.common.collect.ForwardingBlockingDeque
                </Class>
                <Class sourceFile="ForwardingCollection.java">
                    com.google.common.collect.ForwardingCollection
                </Class>
                <Class sourceFile="ForwardingConcurrentMap.java">
                    com.google.common.collect.ForwardingConcurrentMap
                </Class>
                <Class sourceFile="ForwardingDeque.java">
                    com.google.common.collect.ForwardingDeque
                </Class>
                <Class sourceFile="ForwardingImmutableList.java">
                    com.google.common.collect.ForwardingImmutableList
                </Class>
                <Class sourceFile="ForwardingImmutableMap.java">
                    com.google.common.collect.ForwardingImmutableMap
                </Class>
                <Class sourceFile="ForwardingImmutableSet.java">
                    com.google.common.collect.ForwardingImmutableSet
                </Class>
                <Class sourceFile="ForwardingIterator.java">
                    com.google.common.collect.ForwardingIterator
                </Class>
                <Class sourceFile="ForwardingList.java">
                    com.google.common.collect.ForwardingList
                </Class>
                <Class sourceFile="ForwardingListIterator.java">
                    com.google.common.collect.ForwardingListIterator
                </Class>
                <Class sourceFile="ForwardingListMultimap.java">
                    com.google.common.collect.ForwardingListMultimap
                </Class>
                <Class sourceFile="ForwardingMap.java">
                    com.google.common.collect.ForwardingMap
                </Class>
                <Class sourceFile="ForwardingMap.java">
                    com.google.common.collect.ForwardingMap$StandardEntrySet
                </Class>
                <Class sourceFile="ForwardingMapEntry.java">
                    com.google.common.collect.ForwardingMapEntry
                </Class>
                <Class sourceFile="ForwardingMultimap.java">
                    com.google.common.collect.ForwardingMultimap
                </Class>
                <Class sourceFile="ForwardingMultiset.java">
                    com.google.common.collect.ForwardingMultiset
                </Class>
                <Class sourceFile="ForwardingNavigableMap.java">
                    com.google.common.collect.ForwardingNavigableMap
                </Class>
                <Class sourceFile="ForwardingNavigableSet.java">
                    com.google.common.collect.ForwardingNavigableSet
                </Class>
                <Class sourceFile="ForwardingObject.java">
                    com.google.common.collect.ForwardingObject
                </Class>
                <Class sourceFile="ForwardingQueue.java">
                    com.google.common.collect.ForwardingQueue
                </Class>
                <Class sourceFile="ForwardingSet.java">
                    com.google.common.collect.ForwardingSet
                </Class>
                <Class sourceFile="ForwardingSetMultimap.java">
                    com.google.common.collect.ForwardingSetMultimap
                </Class>
                <Class sourceFile="ForwardingSortedMap.java">
                    com.google.common.collect.ForwardingSortedMap
                </Class>
                <Class sourceFile="ForwardingSortedMultiset.java">
                    com.google.common.collect.ForwardingSortedMultiset
                </Class>
                <Class sourceFile="ForwardingSortedMultiset.java">
                    com.google.common.collect.ForwardingSortedMultiset$StandardDescendingMultiset
                </Class>
                <Class sourceFile="ForwardingSortedSet.java">
                    com.google.common.collect.ForwardingSortedSet
                </Class>
                <Class sourceFile="ForwardingSortedSetMultimap.java">
                    com.google.common.collect.ForwardingSortedSetMultimap
                </Class>
                <Class sourceFile="ForwardingTable.java">
                    com.google.common.collect.ForwardingTable
                </Class>
                <Class sourceFile="GwtTransient.java">
                    com.google.common.collect.GwtTransient
                </Class>
                <Class sourceFile="HashBiMap.java">
                    com.google.common.collect.HashBiMap$Itr
                </Class>
                <Class sourceFile="ImmutableAsList.java">
                    com.google.common.collect.ImmutableAsList
                </Class>
                <Class sourceFile="ImmutableBiMap.java">
                    com.google.common.collect.ImmutableBiMap
                </Class>
                <Class sourceFile="ImmutableBiMapFauxverideShim.java">
                    com.google.common.collect.ImmutableBiMapFauxverideShim
                </Class>
                <Class sourceFile="ImmutableCollection.java">
                    com.google.common.collect.ImmutableCollection
                </Class>
                <Class sourceFile="ImmutableCollection.java">
                    com.google.common.collect.ImmutableCollection$ArrayBasedBuilder
                </Class>
                <Class sourceFile="ImmutableCollection.java">
                    com.google.common.collect.ImmutableCollection$Builder
                </Class>
                <Class sourceFile="ImmutableList.java">
                    com.google.common.collect.ImmutableList
                </Class>
                <Class sourceFile="ImmutableMap.java">
                    com.google.common.collect.ImmutableMap
                </Class>
                <Class sourceFile="ImmutableMap.java">
                    com.google.common.collect.ImmutableMap$IteratorBasedImmutableMap
                </Class>
                <Class sourceFile="ImmutableMapEntrySet.java">
                    com.google.common.collect.ImmutableMapEntrySet
                </Class>
                <Class sourceFile="ImmutableMultimap.java">
                    com.google.common.collect.ImmutableMultimap
                </Class>
                <Class sourceFile="ImmutableMultimap.java">
                    com.google.common.collect.ImmutableMultimap$Itr
                </Class>
                <Class sourceFile="ImmutableMultiset.java">
                    com.google.common.collect.ImmutableMultiset
                </Class>
                <Class sourceFile="ImmutableSet.java">
                    com.google.common.collect.ImmutableSet
                </Class>
                <Class sourceFile="ImmutableSet.java">
                    com.google.common.collect.ImmutableSet$Indexed
                </Class>
                <Class sourceFile="ImmutableSortedMapFauxverideShim.java">
                    com.google.common.collect.ImmutableSortedMapFauxverideShim
                </Class>
                <Class sourceFile="ImmutableSortedMultiset.java">
                    com.google.common.collect.ImmutableSortedMultiset
                </Class>
                <Class sourceFile="ImmutableSortedMultisetFauxverideShim.java">
                    com.google.common.collect.ImmutableSortedMultisetFauxverideShim
                </Class>
                <Class sourceFile="ImmutableSortedSet.java">
                    com.google.common.collect.ImmutableSortedSet
                </Class>
                <Class sourceFile="ImmutableSortedSetFauxverideShim.java">
                    com.google.common.collect.ImmutableSortedSetFauxverideShim
                </Class>
                <Class sourceFile="ImmutableTable.java">
                    com.google.common.collect.ImmutableTable
                </Class>
                <Class sourceFile="Interner.java">
                    com.google.common.collect.Interner
                </Class>
                <Class sourceFile="LinkedHashMultimap.java">
                    com.google.common.collect.LinkedHashMultimap$ValueSetLink
                </Class>
                <Class sourceFile="ListMultimap.java">
                    com.google.common.collect.ListMultimap
                </Class>
                <Class sourceFile="MapDifference.java">
                    com.google.common.collect.MapDifference
                </Class>
                <Class sourceFile="MapDifference.java">
                    com.google.common.collect.MapDifference$ValueDifference
                </Class>
                <Class sourceFile="MapMakerInternalMap.java">
                    com.google.common.collect.MapMakerInternalMap$AbstractSerializationProxy
                </Class>
                <Class sourceFile="MapMakerInternalMap.java">
                    com.google.common.collect.MapMakerInternalMap$AbstractStrongKeyEntry
                </Class>
                <Class sourceFile="MapMakerInternalMap.java">
                    com.google.common.collect.MapMakerInternalMap$AbstractWeakKeyEntry
                </Class>
                <Class sourceFile="MapMakerInternalMap.java">
                    com.google.common.collect.MapMakerInternalMap$HashIterator
                </Class>
                <Class sourceFile="MapMakerInternalMap.java">
                    com.google.common.collect.MapMakerInternalMap$InternalEntry
                </Class>
                <Class sourceFile="MapMakerInternalMap.java">
                    com.google.common.collect.MapMakerInternalMap$InternalEntryHelper
                </Class>
                <Class sourceFile="MapMakerInternalMap.java">
                    com.google.common.collect.MapMakerInternalMap$SafeToArraySet
                </Class>
                <Class sourceFile="MapMakerInternalMap.java">
                    com.google.common.collect.MapMakerInternalMap$Segment
                </Class>
                <Class sourceFile="MapMakerInternalMap.java">
                    com.google.common.collect.MapMakerInternalMap$Strength
                </Class>
                <Class sourceFile="MapMakerInternalMap.java">
                    com.google.common.collect.MapMakerInternalMap$StrongValueEntry
                </Class>
                <Class sourceFile="MapMakerInternalMap.java">
                    com.google.common.collect.MapMakerInternalMap$WeakValueEntry
                </Class>
                <Class sourceFile="MapMakerInternalMap.java">
                    com.google.common.collect.MapMakerInternalMap$WeakValueReference
                </Class>
                <Class sourceFile="Maps.java">
                    com.google.common.collect.Maps$AbstractFilteredMap
                </Class>
                <Class sourceFile="Maps.java">
                    com.google.common.collect.Maps$DescendingMap
                </Class>
                <Class sourceFile="Maps.java">
                    com.google.common.collect.Maps$EntryFunction
                </Class>
                <Class sourceFile="Maps.java">
                    com.google.common.collect.Maps$EntrySet
                </Class>
                <Class sourceFile="Maps.java">
                    com.google.common.collect.Maps$EntryTransformer
                </Class>
                <Class sourceFile="Maps.java">
                    com.google.common.collect.Maps$IteratorBasedAbstractMap
                </Class>
                <Class sourceFile="Maps.java">
                    com.google.common.collect.Maps$ViewCachingAbstractMap
                </Class>
                <Class sourceFile="Multimap.java">
                    com.google.common.collect.Multimap
                </Class>
                <Class sourceFile="MultimapBuilder.java">
                    com.google.common.collect.MultimapBuilder
                </Class>
                <Class sourceFile="MultimapBuilder.java">
                    com.google.common.collect.MultimapBuilder$ListMultimapBuilder
                </Class>
                <Class sourceFile="MultimapBuilder.java">
                    com.google.common.collect.MultimapBuilder$MultimapBuilderWithKeys
                </Class>
                <Class sourceFile="MultimapBuilder.java">
                    com.google.common.collect.MultimapBuilder$SetMultimapBuilder
                </Class>
                <Class sourceFile="MultimapBuilder.java">
                    com.google.common.collect.MultimapBuilder$SortedSetMultimapBuilder
                </Class>
                <Class sourceFile="Multimaps.java">
                    com.google.common.collect.Multimaps$Entries
                </Class>
                <Class sourceFile="Multiset.java">
                    com.google.common.collect.Multiset
                </Class>
                <Class sourceFile="Multiset.java">
                    com.google.common.collect.Multiset$Entry
                </Class>
                <Class sourceFile="Multisets.java">
                    com.google.common.collect.Multisets$AbstractEntry
                </Class>
                <Class sourceFile="Multisets.java">
                    com.google.common.collect.Multisets$ElementSet
                </Class>
                <Class sourceFile="Multisets.java">
                    com.google.common.collect.Multisets$EntrySet
                </Class>
                <Class sourceFile="MultitransformedIterator.java">
                    com.google.common.collect.MultitransformedIterator
                </Class>
                <Class sourceFile="Ordering.java">
                    com.google.common.collect.Ordering
                </Class>
                <Class sourceFile="PeekingIterator.java">
                    com.google.common.collect.PeekingIterator
                </Class>
                <Class sourceFile="RangeMap.java">
                    com.google.common.collect.RangeMap
                </Class>
                <Class sourceFile="RangeSet.java">
                    com.google.common.collect.RangeSet
                </Class>
                <Class sourceFile="RegularImmutableTable.java">
                    com.google.common.collect.RegularImmutableTable
                </Class>
                <Class sourceFile="RowSortedTable.java">
                    com.google.common.collect.RowSortedTable
                </Class>
                <Class sourceFile="SetMultimap.java">
                    com.google.common.collect.SetMultimap
                </Class>
                <Class sourceFile="Sets.java">
                    com.google.common.collect.Sets$ImprovedAbstractSet
                </Class>
                <Class sourceFile="Sets.java">
                    com.google.common.collect.Sets$SetView
                </Class>
                <Class sourceFile="SortedIterable.java">
                    com.google.common.collect.SortedIterable
                </Class>
                <Class sourceFile="SortedLists.java">
                    com.google.common.collect.SortedLists$KeyAbsentBehavior
                </Class>
                <Class sourceFile="SortedLists.java">
                    com.google.common.collect.SortedLists$KeyPresentBehavior
                </Class>
                <Class sourceFile="SortedMapDifference.java">
                    com.google.common.collect.SortedMapDifference
                </Class>
                <Class sourceFile="SortedMultiset.java">
                    com.google.common.collect.SortedMultiset
                </Class>
                <Class sourceFile="SortedMultisetBridge.java">
                    com.google.common.collect.SortedMultisetBridge
                </Class>
                <Class sourceFile="SortedSetMultimap.java">
                    com.google.common.collect.SortedSetMultimap
                </Class>
                <Class sourceFile="StandardTable.java">
                    com.google.common.collect.StandardTable$TableSet
                </Class>
                <Class sourceFile="Streams.java">
                    com.google.common.collect.Streams$DoubleFunctionWithIndex
                </Class>
                <Class sourceFile="Streams.java">
                    com.google.common.collect.Streams$FunctionWithIndex
                </Class>
                <Class sourceFile="Streams.java">
                    com.google.common.collect.Streams$IntFunctionWithIndex
                </Class>
                <Class sourceFile="Streams.java">
                    com.google.common.collect.Streams$LongFunctionWithIndex
                </Class>
                <Class sourceFile="Streams.java">
                    com.google.common.collect.Streams$MapWithIndexSpliterator
                </Class>
                <Class sourceFile="Table.java">
                    com.google.common.collect.Table
                </Class>
                <Class sourceFile="Table.java">
                    com.google.common.collect.Table$Cell
                </Class>
                <Class sourceFile="Tables.java">
                    com.google.common.collect.Tables$AbstractCell
                </Class>
                <Class sourceFile="TransformedIterator.java">
                    com.google.common.collect.TransformedIterator
                </Class>
                <Class sourceFile="TransformedListIterator.java">
                    com.google.common.collect.TransformedListIterator
                </Class>
                <Class sourceFile="TreeMultiset.java">
                    com.google.common.collect.TreeMultiset$Aggregate
                </Class>
                <Class sourceFile="TreeTraverser.java">
                    com.google.common.collect.TreeTraverser
                </Class>
                <Class sourceFile="UnmodifiableIterator.java">
                    com.google.common.collect.UnmodifiableIterator
                </Class>
                <Class sourceFile="UnmodifiableListIterator.java">
                    com.google.common.collect.UnmodifiableListIterator
                </Class>
                <Class sourceFile="package-info.java">
                    com.google.common.collect.package-info
                </Class>
            </AbstractClasses>

            <ConcreteClasses>
                <Class sourceFile="AbstractBiMap.java">
                    com.google.common.collect.AbstractBiMap$1
                </Class>
                <Class sourceFile="AbstractBiMap.java">
                    com.google.common.collect.AbstractBiMap$BiMapEntry
                </Class>
                <Class sourceFile="AbstractBiMap.java">
                    com.google.common.collect.AbstractBiMap$EntrySet
                </Class>
                <Class sourceFile="AbstractBiMap.java">
                    com.google.common.collect.AbstractBiMap$Inverse
                </Class>
                <Class sourceFile="AbstractBiMap.java">
                    com.google.common.collect.AbstractBiMap$KeySet
                </Class>
                <Class sourceFile="AbstractBiMap.java">
                    com.google.common.collect.AbstractBiMap$ValueSet
                </Class>
                <Class sourceFile="AbstractIterator.java">
                    com.google.common.collect.AbstractIterator$1
                </Class>
                <Class sourceFile="AbstractIterator.java">
                    com.google.common.collect.AbstractIterator$State
                </Class>
                <Class sourceFile="AbstractMapBasedMultimap.java">
                    com.google.common.collect.AbstractMapBasedMultimap$1
                </Class>
                <Class sourceFile="AbstractMapBasedMultimap.java">
                    com.google.common.collect.AbstractMapBasedMultimap$2
                </Class>
                <Class sourceFile="AbstractMapBasedMultimap.java">
                    com.google.common.collect.AbstractMapBasedMultimap$AsMap
                </Class>
                <Class sourceFile="AbstractMapBasedMultimap.java">
                    com.google.common.collect.AbstractMapBasedMultimap$AsMap$AsMapEntries
                </Class>
                <Class sourceFile="AbstractMapBasedMultimap.java">
                    com.google.common.collect.AbstractMapBasedMultimap$AsMap$AsMapIterator
                </Class>
                <Class sourceFile="AbstractMapBasedMultimap.java">
                    com.google.common.collect.AbstractMapBasedMultimap$KeySet
                </Class>
                <Class sourceFile="AbstractMapBasedMultimap.java">
                    com.google.common.collect.AbstractMapBasedMultimap$KeySet$1
                </Class>
                <Class sourceFile="AbstractMapBasedMultimap.java">
                    com.google.common.collect.AbstractMapBasedMultimap$NavigableAsMap
                </Class>
                <Class sourceFile="AbstractMapBasedMultimap.java">
                    com.google.common.collect.AbstractMapBasedMultimap$NavigableKeySet
                </Class>
                <Class sourceFile="AbstractMapBasedMultimap.java">
                    com.google.common.collect.AbstractMapBasedMultimap$RandomAccessWrappedList
                </Class>
                <Class sourceFile="AbstractMapBasedMultimap.java">
                    com.google.common.collect.AbstractMapBasedMultimap$SortedAsMap
                </Class>
                <Class sourceFile="AbstractMapBasedMultimap.java">
                    com.google.common.collect.AbstractMapBasedMultimap$SortedKeySet
                </Class>
                <Class sourceFile="AbstractMapBasedMultimap.java">
                    com.google.common.collect.AbstractMapBasedMultimap$WrappedCollection
                </Class>
                <Class sourceFile="AbstractMapBasedMultimap.java">
                    com.google.common.collect.AbstractMapBasedMultimap$WrappedCollection$WrappedIterator
                </Class>
                <Class sourceFile="AbstractMapBasedMultimap.java">
                    com.google.common.collect.AbstractMapBasedMultimap$WrappedList
                </Class>
                <Class sourceFile="AbstractMapBasedMultimap.java">
                    com.google.common.collect.AbstractMapBasedMultimap$WrappedList$WrappedListIterator
                </Class>
                <Class sourceFile="AbstractMapBasedMultimap.java">
                    com.google.common.collect.AbstractMapBasedMultimap$WrappedNavigableSet
                </Class>
                <Class sourceFile="AbstractMapBasedMultimap.java">
                    com.google.common.collect.AbstractMapBasedMultimap$WrappedSet
                </Class>
                <Class sourceFile="AbstractMapBasedMultimap.java">
                    com.google.common.collect.AbstractMapBasedMultimap$WrappedSortedSet
                </Class>
                <Class sourceFile="AbstractMapBasedMultiset.java">
                    com.google.common.collect.AbstractMapBasedMultiset$1
                </Class>
                <Class sourceFile="AbstractMapBasedMultiset.java">
                    com.google.common.collect.AbstractMapBasedMultiset$1$1
                </Class>
                <Class sourceFile="AbstractMapBasedMultiset.java">
                    com.google.common.collect.AbstractMapBasedMultiset$MapBasedMultisetIterator
                </Class>
                <Class sourceFile="AbstractMultimap.java">
                    com.google.common.collect.AbstractMultimap$1
                </Class>
                <Class sourceFile="AbstractMultimap.java">
                    com.google.common.collect.AbstractMultimap$Entries
                </Class>
                <Class sourceFile="AbstractMultimap.java">
                    com.google.common.collect.AbstractMultimap$EntrySet
                </Class>
                <Class sourceFile="AbstractMultimap.java">
                    com.google.common.collect.AbstractMultimap$Values
                </Class>
                <Class sourceFile="AbstractMultiset.java">
                    com.google.common.collect.AbstractMultiset$ElementSet
                </Class>
                <Class sourceFile="AbstractMultiset.java">
                    com.google.common.collect.AbstractMultiset$EntrySet
                </Class>
                <Class sourceFile="AbstractNavigableMap.java">
                    com.google.common.collect.AbstractNavigableMap$1
                </Class>
                <Class sourceFile="AbstractNavigableMap.java">
                    com.google.common.collect.AbstractNavigableMap$DescendingMap
                </Class>
                <Class sourceFile="AbstractSortedMultiset.java">
                    com.google.common.collect.AbstractSortedMultiset$1DescendingMultisetImpl
                </Class>
                <Class sourceFile="AbstractTable.java">
                    com.google.common.collect.AbstractTable$1
                </Class>
                <Class sourceFile="AbstractTable.java">
                    com.google.common.collect.AbstractTable$CellSet
                </Class>
                <Class sourceFile="AbstractTable.java">
                    com.google.common.collect.AbstractTable$Values
                </Class>
                <Class sourceFile="AllEqualOrdering.java">
                    com.google.common.collect.AllEqualOrdering
                </Class>
                <Class sourceFile="ArrayListMultimap.java">
                    com.google.common.collect.ArrayListMultimap
                </Class>
                <Class sourceFile="ArrayTable.java">
                    com.google.common.collect.ArrayTable
                </Class>
                <Class sourceFile="ArrayTable.java">
                    com.google.common.collect.ArrayTable$1
                </Class>
                <Class sourceFile="ArrayTable.java">
                    com.google.common.collect.ArrayTable$2
                </Class>
                <Class sourceFile="ArrayTable.java">
                    com.google.common.collect.ArrayTable$3
                </Class>
                <Class sourceFile="ArrayTable.java">
                    com.google.common.collect.ArrayTable$ArrayMap$1
                </Class>
                <Class sourceFile="ArrayTable.java">
                    com.google.common.collect.ArrayTable$ArrayMap$2
                </Class>
                <Class sourceFile="ArrayTable.java">
                    com.google.common.collect.ArrayTable$Column
                </Class>
                <Class sourceFile="ArrayTable.java">
                    com.google.common.collect.ArrayTable$ColumnMap
                </Class>
                <Class sourceFile="ArrayTable.java">
                    com.google.common.collect.ArrayTable$Row
                </Class>
                <Class sourceFile="ArrayTable.java">
                    com.google.common.collect.ArrayTable$RowMap
                </Class>
                <Class sourceFile="BinaryTreeTraverser.java">
                    com.google.common.collect.BinaryTreeTraverser$1
                </Class>
                <Class sourceFile="BinaryTreeTraverser.java">
                    com.google.common.collect.BinaryTreeTraverser$1$1
                </Class>
                <Class sourceFile="BinaryTreeTraverser.java">
                    com.google.common.collect.BinaryTreeTraverser$2
                </Class>
                <Class sourceFile="BinaryTreeTraverser.java">
                    com.google.common.collect.BinaryTreeTraverser$2$1
                </Class>
                <Class sourceFile="BinaryTreeTraverser.java">
                    com.google.common.collect.BinaryTreeTraverser$InOrderIterator
                </Class>
                <Class sourceFile="BinaryTreeTraverser.java">
                    com.google.common.collect.BinaryTreeTraverser$PostOrderIterator
                </Class>
                <Class sourceFile="BinaryTreeTraverser.java">
                    com.google.common.collect.BinaryTreeTraverser$PreOrderIterator
                </Class>
                <Class sourceFile="BoundType.java">
                    com.google.common.collect.BoundType$1
                </Class>
                <Class sourceFile="BoundType.java">
                    com.google.common.collect.BoundType$2
                </Class>
                <Class sourceFile="ByFunctionOrdering.java">
                    com.google.common.collect.ByFunctionOrdering
                </Class>
                <Class sourceFile="CartesianList.java">
                    com.google.common.collect.CartesianList
                </Class>
                <Class sourceFile="CartesianList.java">
                    com.google.common.collect.CartesianList$1
                </Class>
                <Class sourceFile="CollectCollectors.java">
                    com.google.common.collect.CollectCollectors
                </Class>
                <Class sourceFile="CollectPreconditions.java">
                    com.google.common.collect.CollectPreconditions
                </Class>
                <Class sourceFile="CollectSpliterators.java">
                    com.google.common.collect.CollectSpliterators
                </Class>
                <Class sourceFile="CollectSpliterators.java">
                    com.google.common.collect.CollectSpliterators$1
                </Class>
                <Class sourceFile="CollectSpliterators.java">
                    com.google.common.collect.CollectSpliterators$1FlatMapSpliterator
                </Class>
                <Class sourceFile="CollectSpliterators.java">
                    com.google.common.collect.CollectSpliterators$1Splitr
                </Class>
                <Class sourceFile="CollectSpliterators.java">
                    com.google.common.collect.CollectSpliterators$1WithCharacteristics
                </Class>
                <Class sourceFile="Collections2.java">
                    com.google.common.collect.Collections2
                </Class>
                <Class sourceFile="Collections2.java">
                    com.google.common.collect.Collections2$1
                </Class>
                <Class sourceFile="Collections2.java">
                    com.google.common.collect.Collections2$FilteredCollection
                </Class>
                <Class sourceFile="Collections2.java">
                    com.google.common.collect.Collections2$OrderedPermutationCollection
                </Class>
                <Class sourceFile="Collections2.java">
                    com.google.common.collect.Collections2$OrderedPermutationIterator
                </Class>
                <Class sourceFile="Collections2.java">
                    com.google.common.collect.Collections2$PermutationCollection
                </Class>
                <Class sourceFile="Collections2.java">
                    com.google.common.collect.Collections2$PermutationIterator
                </Class>
                <Class sourceFile="Collections2.java">
                    com.google.common.collect.Collections2$TransformedCollection
                </Class>
                <Class sourceFile="ComparatorOrdering.java">
                    com.google.common.collect.ComparatorOrdering
                </Class>
                <Class sourceFile="Comparators.java">
                    com.google.common.collect.Comparators
                </Class>
                <Class sourceFile="ComparisonChain.java">
                    com.google.common.collect.ComparisonChain$1
                </Class>
                <Class sourceFile="ComparisonChain.java">
                    com.google.common.collect.ComparisonChain$InactiveComparisonChain
                </Class>
                <Class sourceFile="CompoundOrdering.java">
                    com.google.common.collect.CompoundOrdering
                </Class>
                <Class sourceFile="ComputationException.java">
                    com.google.common.collect.ComputationException
                </Class>
                <Class sourceFile="ConcurrentHashMultiset.java">
                    com.google.common.collect.ConcurrentHashMultiset
                </Class>
                <Class sourceFile="ConcurrentHashMultiset.java">
                    com.google.common.collect.ConcurrentHashMultiset$1
                </Class>
                <Class sourceFile="ConcurrentHashMultiset.java">
                    com.google.common.collect.ConcurrentHashMultiset$2
                </Class>
                <Class sourceFile="ConcurrentHashMultiset.java">
                    com.google.common.collect.ConcurrentHashMultiset$3
                </Class>
                <Class sourceFile="ConcurrentHashMultiset.java">
                    com.google.common.collect.ConcurrentHashMultiset$EntrySet
                </Class>
                <Class sourceFile="ConcurrentHashMultiset.java">
                    com.google.common.collect.ConcurrentHashMultiset$FieldSettersHolder
                </Class>
                <Class sourceFile="ConsumingQueueIterator.java">
                    com.google.common.collect.ConsumingQueueIterator
                </Class>
                <Class sourceFile="Count.java">
                    com.google.common.collect.Count
                </Class>
                <Class sourceFile="Cut.java">
                    com.google.common.collect.Cut$1
                </Class>
                <Class sourceFile="Cut.java">
                    com.google.common.collect.Cut$AboveAll
                </Class>
                <Class sourceFile="Cut.java">
                    com.google.common.collect.Cut$AboveValue
                </Class>
                <Class sourceFile="Cut.java">
                    com.google.common.collect.Cut$BelowAll
                </Class>
                <Class sourceFile="Cut.java">
                    com.google.common.collect.Cut$BelowValue
                </Class>
                <Class sourceFile="DenseImmutableTable.java">
                    com.google.common.collect.DenseImmutableTable
                </Class>
                <Class sourceFile="DenseImmutableTable.java">
                    com.google.common.collect.DenseImmutableTable$1
                </Class>
                <Class sourceFile="DenseImmutableTable.java">
                    com.google.common.collect.DenseImmutableTable$Column
                </Class>
                <Class sourceFile="DenseImmutableTable.java">
                    com.google.common.collect.DenseImmutableTable$ColumnMap
                </Class>
                <Class sourceFile="DenseImmutableTable.java">
                    com.google.common.collect.DenseImmutableTable$ImmutableArrayMap$1
                </Class>
                <Class sourceFile="DenseImmutableTable.java">
                    com.google.common.collect.DenseImmutableTable$Row
                </Class>
                <Class sourceFile="DenseImmutableTable.java">
                    com.google.common.collect.DenseImmutableTable$RowMap
                </Class>
                <Class sourceFile="DescendingImmutableSortedMultiset.java">
                    com.google.common.collect.DescendingImmutableSortedMultiset
                </Class>
                <Class sourceFile="DescendingImmutableSortedSet.java">
                    com.google.common.collect.DescendingImmutableSortedSet
                </Class>
                <Class sourceFile="DescendingMultiset.java">
                    com.google.common.collect.DescendingMultiset$1EntrySetImpl
                </Class>
                <Class sourceFile="DiscreteDomain.java">
                    com.google.common.collect.DiscreteDomain$BigIntegerDomain
                </Class>
                <Class sourceFile="DiscreteDomain.java">
                    com.google.common.collect.DiscreteDomain$IntegerDomain
                </Class>
                <Class sourceFile="DiscreteDomain.java">
                    com.google.common.collect.DiscreteDomain$LongDomain
                </Class>
                <Class sourceFile="EmptyContiguousSet.java">
                    com.google.common.collect.EmptyContiguousSet
                </Class>
                <Class sourceFile="EmptyContiguousSet.java">
                    com.google.common.collect.EmptyContiguousSet$1
                </Class>
                <Class sourceFile="EmptyContiguousSet.java">
                    com.google.common.collect.EmptyContiguousSet$SerializedForm
                </Class>
                <Class sourceFile="EmptyImmutableListMultimap.java">
                    com.google.common.collect.EmptyImmutableListMultimap
                </Class>
                <Class sourceFile="EmptyImmutableSetMultimap.java">
                    com.google.common.collect.EmptyImmutableSetMultimap
                </Class>
                <Class sourceFile="EnumBiMap.java">
                    com.google.common.collect.EnumBiMap
                </Class>
                <Class sourceFile="EnumHashBiMap.java">
                    com.google.common.collect.EnumHashBiMap
                </Class>
                <Class sourceFile="EnumMultiset.java">
                    com.google.common.collect.EnumMultiset
                </Class>
                <Class sourceFile="EvictingQueue.java">
                    com.google.common.collect.EvictingQueue
                </Class>
                <Class sourceFile="ExplicitOrdering.java">
                    com.google.common.collect.ExplicitOrdering
                </Class>
                <Class sourceFile="FilteredEntryMultimap.java">
                    com.google.common.collect.FilteredEntryMultimap
                </Class>
                <Class sourceFile="FilteredEntryMultimap.java">
                    com.google.common.collect.FilteredEntryMultimap$AsMap
                </Class>
                <Class sourceFile="FilteredEntryMultimap.java">
                    com.google.common.collect.FilteredEntryMultimap$AsMap$1EntrySetImpl
                </Class>
                <Class sourceFile="FilteredEntryMultimap.java">
                    com.google.common.collect.FilteredEntryMultimap$AsMap$1EntrySetImpl$1
                </Class>
                <Class sourceFile="FilteredEntryMultimap.java">
                    com.google.common.collect.FilteredEntryMultimap$AsMap$1KeySetImpl
                </Class>
                <Class sourceFile="FilteredEntryMultimap.java">
                    com.google.common.collect.FilteredEntryMultimap$AsMap$1ValuesImpl
                </Class>
                <Class sourceFile="FilteredEntryMultimap.java">
                    com.google.common.collect.FilteredEntryMultimap$Keys
                </Class>
                <Class sourceFile="FilteredEntryMultimap.java">
                    com.google.common.collect.FilteredEntryMultimap$Keys$1
                </Class>
                <Class sourceFile="FilteredEntryMultimap.java">
                    com.google.common.collect.FilteredEntryMultimap$Keys$1$1
                </Class>
                <Class sourceFile="FilteredEntryMultimap.java">
                    com.google.common.collect.FilteredEntryMultimap$ValuePredicate
                </Class>
                <Class sourceFile="FilteredEntrySetMultimap.java">
                    com.google.common.collect.FilteredEntrySetMultimap
                </Class>
                <Class sourceFile="FilteredKeyListMultimap.java">
                    com.google.common.collect.FilteredKeyListMultimap
                </Class>
                <Class sourceFile="FilteredKeyMultimap.java">
                    com.google.common.collect.FilteredKeyMultimap
                </Class>
                <Class sourceFile="FilteredKeyMultimap.java">
                    com.google.common.collect.FilteredKeyMultimap$AddRejectingList
                </Class>
                <Class sourceFile="FilteredKeyMultimap.java">
                    com.google.common.collect.FilteredKeyMultimap$AddRejectingSet
                </Class>
                <Class sourceFile="FilteredKeyMultimap.java">
                    com.google.common.collect.FilteredKeyMultimap$Entries
                </Class>
                <Class sourceFile="FilteredKeySetMultimap.java">
                    com.google.common.collect.FilteredKeySetMultimap
                </Class>
                <Class sourceFile="FilteredKeySetMultimap.java">
                    com.google.common.collect.FilteredKeySetMultimap$EntrySet
                </Class>
                <Class sourceFile="FilteredMultimapValues.java">
                    com.google.common.collect.FilteredMultimapValues
                </Class>
                <Class sourceFile="FluentIterable.java">
                    com.google.common.collect.FluentIterable$1
                </Class>
                <Class sourceFile="FluentIterable.java">
                    com.google.common.collect.FluentIterable$2
                </Class>
                <Class sourceFile="FluentIterable.java">
                    com.google.common.collect.FluentIterable$FromIterableFunction
                </Class>
                <Class sourceFile="ForwardingImmutableCollection.java">
                    com.google.common.collect.ForwardingImmutableCollection
                </Class>
                <Class sourceFile="ForwardingMap.java">
                    com.google.common.collect.ForwardingMap$StandardKeySet
                </Class>
                <Class sourceFile="ForwardingMap.java">
                    com.google.common.collect.ForwardingMap$StandardValues
                </Class>
                <Class sourceFile="ForwardingMultiset.java">
                    com.google.common.collect.ForwardingMultiset$StandardElementSet
                </Class>
                <Class sourceFile="ForwardingNavigableMap.java">
                    com.google.common.collect.ForwardingNavigableMap$StandardDescendingMap
                </Class>
                <Class sourceFile="ForwardingNavigableMap.java">
                    com.google.common.collect.ForwardingNavigableMap$StandardDescendingMap$1
                </Class>
                <Class sourceFile="ForwardingNavigableMap.java">
                    com.google.common.collect.ForwardingNavigableMap$StandardNavigableKeySet
                </Class>
                <Class sourceFile="ForwardingNavigableSet.java">
                    com.google.common.collect.ForwardingNavigableSet$StandardDescendingSet
                </Class>
                <Class sourceFile="ForwardingSortedMap.java">
                    com.google.common.collect.ForwardingSortedMap$StandardKeySet
                </Class>
                <Class sourceFile="ForwardingSortedMultiset.java">
                    com.google.common.collect.ForwardingSortedMultiset$StandardElementSet
                </Class>
                <Class sourceFile="GeneralRange.java">
                    com.google.common.collect.GeneralRange
                </Class>
                <Class sourceFile="HashBasedTable.java">
                    com.google.common.collect.HashBasedTable
                </Class>
                <Class sourceFile="HashBasedTable.java">
                    com.google.common.collect.HashBasedTable$Factory
                </Class>
                <Class sourceFile="HashBiMap.java">
                    com.google.common.collect.HashBiMap
                </Class>
                <Class sourceFile="HashBiMap.java">
                    com.google.common.collect.HashBiMap$1
                </Class>
                <Class sourceFile="HashBiMap.java">
                    com.google.common.collect.HashBiMap$1$MapEntry
                </Class>
                <Class sourceFile="HashBiMap.java">
                    com.google.common.collect.HashBiMap$BiEntry
                </Class>
                <Class sourceFile="HashBiMap.java">
                    com.google.common.collect.HashBiMap$Inverse
                </Class>
                <Class sourceFile="HashBiMap.java">
                    com.google.common.collect.HashBiMap$Inverse$1
                </Class>
                <Class sourceFile="HashBiMap.java">
                    com.google.common.collect.HashBiMap$Inverse$1$InverseEntry
                </Class>
                <Class sourceFile="HashBiMap.java">
                    com.google.common.collect.HashBiMap$Inverse$InverseKeySet
                </Class>
                <Class sourceFile="HashBiMap.java">
                    com.google.common.collect.HashBiMap$Inverse$InverseKeySet$1
                </Class>
                <Class sourceFile="HashBiMap.java">
                    com.google.common.collect.HashBiMap$InverseSerializedForm
                </Class>
                <Class sourceFile="HashBiMap.java">
                    com.google.common.collect.HashBiMap$KeySet
                </Class>
                <Class sourceFile="HashBiMap.java">
                    com.google.common.collect.HashBiMap$KeySet$1
                </Class>
                <Class sourceFile="HashMultimap.java">
                    com.google.common.collect.HashMultimap
                </Class>
                <Class sourceFile="HashMultiset.java">
                    com.google.common.collect.HashMultiset
                </Class>
                <Class sourceFile="Hashing.java">
                    com.google.common.collect.Hashing
                </Class>
                <Class sourceFile="ImmutableAsList.java">
                    com.google.common.collect.ImmutableAsList$SerializedForm
                </Class>
                <Class sourceFile="ImmutableBiMap.java">
                    com.google.common.collect.ImmutableBiMap$Builder
                </Class>
                <Class sourceFile="ImmutableBiMap.java">
                    com.google.common.collect.ImmutableBiMap$SerializedForm
                </Class>
                <Class sourceFile="ImmutableClassToInstanceMap.java">
                    com.google.common.collect.ImmutableClassToInstanceMap
                </Class>
                <Class sourceFile="ImmutableClassToInstanceMap.java">
                    com.google.common.collect.ImmutableClassToInstanceMap$1
                </Class>
                <Class sourceFile="ImmutableClassToInstanceMap.java">
                    com.google.common.collect.ImmutableClassToInstanceMap$Builder
                </Class>
                <Class sourceFile="ImmutableEntry.java">
                    com.google.common.collect.ImmutableEntry
                </Class>
                <Class sourceFile="ImmutableEnumMap.java">
                    com.google.common.collect.ImmutableEnumMap
                </Class>
                <Class sourceFile="ImmutableEnumMap.java">
                    com.google.common.collect.ImmutableEnumMap$1
                </Class>
                <Class sourceFile="ImmutableEnumMap.java">
                    com.google.common.collect.ImmutableEnumMap$EnumSerializedForm
                </Class>
                <Class sourceFile="ImmutableEnumSet.java">
                    com.google.common.collect.ImmutableEnumSet
                </Class>
                <Class sourceFile="ImmutableEnumSet.java">
                    com.google.common.collect.ImmutableEnumSet$1
                </Class>
                <Class sourceFile="ImmutableEnumSet.java">
                    com.google.common.collect.ImmutableEnumSet$EnumSerializedForm
                </Class>
                <Class sourceFile="ImmutableList.java">
                    com.google.common.collect.ImmutableList$1
                </Class>
                <Class sourceFile="ImmutableList.java">
                    com.google.common.collect.ImmutableList$Builder
                </Class>
                <Class sourceFile="ImmutableList.java">
                    com.google.common.collect.ImmutableList$ReverseImmutableList
                </Class>
                <Class sourceFile="ImmutableList.java">
                    com.google.common.collect.ImmutableList$SerializedForm
                </Class>
                <Class sourceFile="ImmutableList.java">
                    com.google.common.collect.ImmutableList$SubList
                </Class>
                <Class sourceFile="ImmutableListMultimap.java">
                    com.google.common.collect.ImmutableListMultimap
                </Class>
                <Class sourceFile="ImmutableListMultimap.java">
                    com.google.common.collect.ImmutableListMultimap$Builder
                </Class>
                <Class sourceFile="ImmutableMap.java">
                    com.google.common.collect.ImmutableMap$1
                </Class>
                <Class sourceFile="ImmutableMap.java">
                    com.google.common.collect.ImmutableMap$Builder
                </Class>
                <Class sourceFile="ImmutableMap.java">
                    com.google.common.collect.ImmutableMap$IteratorBasedImmutableMap$1EntrySetImpl
                </Class>
                <Class sourceFile="ImmutableMap.java">
                    com.google.common.collect.ImmutableMap$MapViewOfValuesAsSingletonSets
                </Class>
                <Class sourceFile="ImmutableMap.java">
                    com.google.common.collect.ImmutableMap$MapViewOfValuesAsSingletonSets$1
                </Class>
                <Class sourceFile="ImmutableMap.java">
                    com.google.common.collect.ImmutableMap$MapViewOfValuesAsSingletonSets$1$1
                </Class>
                <Class sourceFile="ImmutableMap.java">
                    com.google.common.collect.ImmutableMap$SerializedForm
                </Class>
                <Class sourceFile="ImmutableMapEntry.java">
                    com.google.common.collect.ImmutableMapEntry
                </Class>
                <Class sourceFile="ImmutableMapEntry.java">
                    com.google.common.collect.ImmutableMapEntry$NonTerminalImmutableBiMapEntry
                </Class>
                <Class sourceFile="ImmutableMapEntry.java">
                    com.google.common.collect.ImmutableMapEntry$NonTerminalImmutableMapEntry
                </Class>
                <Class sourceFile="ImmutableMapEntrySet.java">
                    com.google.common.collect.ImmutableMapEntrySet$EntrySetSerializedForm
                </Class>
                <Class sourceFile="ImmutableMapEntrySet.java">
                    com.google.common.collect.ImmutableMapEntrySet$RegularEntrySet
                </Class>
                <Class sourceFile="ImmutableMapKeySet.java">
                    com.google.common.collect.ImmutableMapKeySet
                </Class>
                <Class sourceFile="ImmutableMapKeySet.java">
                    com.google.common.collect.ImmutableMapKeySet$KeySetSerializedForm
                </Class>
                <Class sourceFile="ImmutableMapValues.java">
                    com.google.common.collect.ImmutableMapValues
                </Class>
                <Class sourceFile="ImmutableMapValues.java">
                    com.google.common.collect.ImmutableMapValues$1
                </Class>
                <Class sourceFile="ImmutableMapValues.java">
                    com.google.common.collect.ImmutableMapValues$2
                </Class>
                <Class sourceFile="ImmutableMapValues.java">
                    com.google.common.collect.ImmutableMapValues$SerializedForm
                </Class>
                <Class sourceFile="ImmutableMultimap.java">
                    com.google.common.collect.ImmutableMultimap$1
                </Class>
                <Class sourceFile="ImmutableMultimap.java">
                    com.google.common.collect.ImmutableMultimap$2
                </Class>
                <Class sourceFile="ImmutableMultimap.java">
                    com.google.common.collect.ImmutableMultimap$Builder
                </Class>
                <Class sourceFile="ImmutableMultimap.java">
                    com.google.common.collect.ImmutableMultimap$EntryCollection
                </Class>
                <Class sourceFile="ImmutableMultimap.java">
                    com.google.common.collect.ImmutableMultimap$FieldSettersHolder
                </Class>
                <Class sourceFile="ImmutableMultimap.java">
                    com.google.common.collect.ImmutableMultimap$Keys
                </Class>
                <Class sourceFile="ImmutableMultimap.java">
                    com.google.common.collect.ImmutableMultimap$Values
                </Class>
                <Class sourceFile="ImmutableMultiset.java">
                    com.google.common.collect.ImmutableMultiset$1
                </Class>
                <Class sourceFile="ImmutableMultiset.java">
                    com.google.common.collect.ImmutableMultiset$Builder
                </Class>
                <Class sourceFile="ImmutableMultiset.java">
                    com.google.common.collect.ImmutableMultiset$EntrySet
                </Class>
                <Class sourceFile="ImmutableMultiset.java">
                    com.google.common.collect.ImmutableMultiset$EntrySetSerializedForm
                </Class>
                <Class sourceFile="ImmutableMultiset.java">
                    com.google.common.collect.ImmutableMultiset$SerializedForm
                </Class>
                <Class sourceFile="ImmutableRangeMap.java">
                    com.google.common.collect.ImmutableRangeMap
                </Class>
                <Class sourceFile="ImmutableRangeMap.java">
                    com.google.common.collect.ImmutableRangeMap$1
                </Class>
                <Class sourceFile="ImmutableRangeMap.java">
                    com.google.common.collect.ImmutableRangeMap$2
                </Class>
                <Class sourceFile="ImmutableRangeMap.java">
                    com.google.common.collect.ImmutableRangeMap$Builder
                </Class>
                <Class sourceFile="ImmutableRangeMap.java">
                    com.google.common.collect.ImmutableRangeMap$SerializedForm
                </Class>
                <Class sourceFile="ImmutableRangeSet.java">
                    com.google.common.collect.ImmutableRangeSet
                </Class>
                <Class sourceFile="ImmutableRangeSet.java">
                    com.google.common.collect.ImmutableRangeSet$1
                </Class>
                <Class sourceFile="ImmutableRangeSet.java">
                    com.google.common.collect.ImmutableRangeSet$AsSet
                </Class>
                <Class sourceFile="ImmutableRangeSet.java">
                    com.google.common.collect.ImmutableRangeSet$AsSet$1
                </Class>
                <Class sourceFile="ImmutableRangeSet.java">
                    com.google.common.collect.ImmutableRangeSet$AsSet$2
                </Class>
                <Class sourceFile="ImmutableRangeSet.java">
                    com.google.common.collect.ImmutableRangeSet$AsSetSerializedForm
                </Class>
                <Class sourceFile="ImmutableRangeSet.java">
                    com.google.common.collect.ImmutableRangeSet$Builder
                </Class>
                <Class sourceFile="ImmutableRangeSet.java">
                    com.google.common.collect.ImmutableRangeSet$ComplementRanges
                </Class>
                <Class sourceFile="ImmutableRangeSet.java">
                    com.google.common.collect.ImmutableRangeSet$SerializedForm
                </Class>
                <Class sourceFile="ImmutableSet.java">
                    com.google.common.collect.ImmutableSet$Builder
                </Class>
                <Class sourceFile="ImmutableSet.java">
                    com.google.common.collect.ImmutableSet$Indexed$1
                </Class>
                <Class sourceFile="ImmutableSet.java">
                    com.google.common.collect.ImmutableSet$SerializedForm
                </Class>
                <Class sourceFile="ImmutableSetMultimap.java">
                    com.google.common.collect.ImmutableSetMultimap
                </Class>
                <Class sourceFile="ImmutableSetMultimap.java">
                    com.google.common.collect.ImmutableSetMultimap$Builder
                </Class>
                <Class sourceFile="ImmutableSetMultimap.java">
                    com.google.common.collect.ImmutableSetMultimap$EntrySet
                </Class>
                <Class sourceFile="ImmutableSortedAsList.java">
                    com.google.common.collect.ImmutableSortedAsList
                </Class>
                <Class sourceFile="ImmutableSortedMap.java">
                    com.google.common.collect.ImmutableSortedMap
                </Class>
                <Class sourceFile="ImmutableSortedMap.java">
                    com.google.common.collect.ImmutableSortedMap$1EntrySet
                </Class>
                <Class sourceFile="ImmutableSortedMap.java">
                    com.google.common.collect.ImmutableSortedMap$1EntrySet$1
                </Class>
                <Class sourceFile="ImmutableSortedMap.java">
                    com.google.common.collect.ImmutableSortedMap$Builder
                </Class>
                <Class sourceFile="ImmutableSortedMap.java">
                    com.google.common.collect.ImmutableSortedMap$SerializedForm
                </Class>
                <Class sourceFile="ImmutableSortedMultiset.java">
                    com.google.common.collect.ImmutableSortedMultiset$Builder
                </Class>
                <Class sourceFile="ImmutableSortedMultiset.java">
                    com.google.common.collect.ImmutableSortedMultiset$SerializedForm
                </Class>
                <Class sourceFile="ImmutableSortedSet.java">
                    com.google.common.collect.ImmutableSortedSet$1
                </Class>
                <Class sourceFile="ImmutableSortedSet.java">
                    com.google.common.collect.ImmutableSortedSet$Builder
                </Class>
                <Class sourceFile="ImmutableSortedSet.java">
                    com.google.common.collect.ImmutableSortedSet$SerializedForm
                </Class>
                <Class sourceFile="ImmutableTable.java">
                    com.google.common.collect.ImmutableTable$1
                </Class>
                <Class sourceFile="ImmutableTable.java">
                    com.google.common.collect.ImmutableTable$Builder
                </Class>
                <Class sourceFile="ImmutableTable.java">
                    com.google.common.collect.ImmutableTable$CollectorState
                </Class>
                <Class sourceFile="ImmutableTable.java">
                    com.google.common.collect.ImmutableTable$MutableCell
                </Class>
                <Class sourceFile="ImmutableTable.java">
                    com.google.common.collect.ImmutableTable$SerializedForm
                </Class>
                <Class sourceFile="Interners.java">
                    com.google.common.collect.Interners
                </Class>
                <Class sourceFile="Interners.java">
                    com.google.common.collect.Interners$1
                </Class>
                <Class sourceFile="Interners.java">
                    com.google.common.collect.Interners$InternerBuilder
                </Class>
                <Class sourceFile="Interners.java">
                    com.google.common.collect.Interners$InternerFunction
                </Class>
                <Class sourceFile="Interners.java">
                    com.google.common.collect.Interners$StrongInterner
                </Class>
                <Class sourceFile="Interners.java">
                    com.google.common.collect.Interners$WeakInterner
                </Class>
                <Class sourceFile="Interners.java">
                    com.google.common.collect.Interners$WeakInterner$Dummy
                </Class>
                <Class sourceFile="Iterables.java">
                    com.google.common.collect.Iterables
                </Class>
                <Class sourceFile="Iterables.java">
                    com.google.common.collect.Iterables$1
                </Class>
                <Class sourceFile="Iterables.java">
                    com.google.common.collect.Iterables$10
                </Class>
                <Class sourceFile="Iterables.java">
                    com.google.common.collect.Iterables$11
                </Class>
                <Class sourceFile="Iterables.java">
                    com.google.common.collect.Iterables$12
                </Class>
                <Class sourceFile="Iterables.java">
                    com.google.common.collect.Iterables$13
                </Class>
                <Class sourceFile="Iterables.java">
                    com.google.common.collect.Iterables$2
                </Class>
                <Class sourceFile="Iterables.java">
                    com.google.common.collect.Iterables$3
                </Class>
                <Class sourceFile="Iterables.java">
                    com.google.common.collect.Iterables$4
                </Class>
                <Class sourceFile="Iterables.java">
                    com.google.common.collect.Iterables$5
                </Class>
                <Class sourceFile="Iterables.java">
                    com.google.common.collect.Iterables$6
                </Class>
                <Class sourceFile="Iterables.java">
                    com.google.common.collect.Iterables$7
                </Class>
                <Class sourceFile="Iterables.java">
                    com.google.common.collect.Iterables$8
                </Class>
                <Class sourceFile="Iterables.java">
                    com.google.common.collect.Iterables$8$1
                </Class>
                <Class sourceFile="Iterables.java">
                    com.google.common.collect.Iterables$9
                </Class>
                <Class sourceFile="Iterables.java">
                    com.google.common.collect.Iterables$UnmodifiableIterable
                </Class>
                <Class sourceFile="Iterators.java">
                    com.google.common.collect.Iterators
                </Class>
                <Class sourceFile="Iterators.java">
                    com.google.common.collect.Iterators$1
                </Class>
                <Class sourceFile="Iterators.java">
                    com.google.common.collect.Iterators$10
                </Class>
                <Class sourceFile="Iterators.java">
                    com.google.common.collect.Iterators$11
                </Class>
                <Class sourceFile="Iterators.java">
                    com.google.common.collect.Iterators$12
                </Class>
                <Class sourceFile="Iterators.java">
                    com.google.common.collect.Iterators$13
                </Class>
                <Class sourceFile="Iterators.java">
                    com.google.common.collect.Iterators$2
                </Class>
                <Class sourceFile="Iterators.java">
                    com.google.common.collect.Iterators$3
                </Class>
                <Class sourceFile="Iterators.java">
                    com.google.common.collect.Iterators$4
                </Class>
                <Class sourceFile="Iterators.java">
                    com.google.common.collect.Iterators$5
                </Class>
                <Class sourceFile="Iterators.java">
                    com.google.common.collect.Iterators$6
                </Class>
                <Class sourceFile="Iterators.java">
                    com.google.common.collect.Iterators$7
                </Class>
                <Class sourceFile="Iterators.java">
                    com.google.common.collect.Iterators$8
                </Class>
                <Class sourceFile="Iterators.java">
                    com.google.common.collect.Iterators$9
                </Class>
                <Class sourceFile="Iterators.java">
                    com.google.common.collect.Iterators$ConcatenatedIterator
                </Class>
                <Class sourceFile="Iterators.java">
                    com.google.common.collect.Iterators$ConcatenatedIterator$1
                </Class>
                <Class sourceFile="Iterators.java">
                    com.google.common.collect.Iterators$MergingIterator
                </Class>
                <Class sourceFile="Iterators.java">
                    com.google.common.collect.Iterators$MergingIterator$1
                </Class>
                <Class sourceFile="Iterators.java">
                    com.google.common.collect.Iterators$PeekingImpl
                </Class>
                <Class sourceFile="LexicographicalOrdering.java">
                    com.google.common.collect.LexicographicalOrdering
                </Class>
                <Class sourceFile="LinkedHashMultimap.java">
                    com.google.common.collect.LinkedHashMultimap
                </Class>
                <Class sourceFile="LinkedHashMultimap.java">
                    com.google.common.collect.LinkedHashMultimap$1
                </Class>
                <Class sourceFile="LinkedHashMultimap.java">
                    com.google.common.collect.LinkedHashMultimap$ValueEntry
                </Class>
                <Class sourceFile="LinkedHashMultimap.java">
                    com.google.common.collect.LinkedHashMultimap$ValueSet
                </Class>
                <Class sourceFile="LinkedHashMultimap.java">
                    com.google.common.collect.LinkedHashMultimap$ValueSet$1
                </Class>
                <Class sourceFile="LinkedHashMultiset.java">
                    com.google.common.collect.LinkedHashMultiset
                </Class>
                <Class sourceFile="LinkedListMultimap.java">
                    com.google.common.collect.LinkedListMultimap
                </Class>
                <Class sourceFile="LinkedListMultimap.java">
                    com.google.common.collect.LinkedListMultimap$1
                </Class>
                <Class sourceFile="LinkedListMultimap.java">
                    com.google.common.collect.LinkedListMultimap$1EntriesImpl
                </Class>
                <Class sourceFile="LinkedListMultimap.java">
                    com.google.common.collect.LinkedListMultimap$1KeySetImpl
                </Class>
                <Class sourceFile="LinkedListMultimap.java">
                    com.google.common.collect.LinkedListMultimap$1ValuesImpl
                </Class>
                <Class sourceFile="LinkedListMultimap.java">
                    com.google.common.collect.LinkedListMultimap$1ValuesImpl$1
                </Class>
                <Class sourceFile="LinkedListMultimap.java">
                    com.google.common.collect.LinkedListMultimap$DistinctKeyIterator
                </Class>
                <Class sourceFile="LinkedListMultimap.java">
                    com.google.common.collect.LinkedListMultimap$KeyList
                </Class>
                <Class sourceFile="LinkedListMultimap.java">
                    com.google.common.collect.LinkedListMultimap$Node
                </Class>
                <Class sourceFile="LinkedListMultimap.java">
                    com.google.common.collect.LinkedListMultimap$NodeIterator
                </Class>
                <Class sourceFile="LinkedListMultimap.java">
                    com.google.common.collect.LinkedListMultimap$ValueForKeyIterator
                </Class>
                <Class sourceFile="Lists.java">
                    com.google.common.collect.Lists
                </Class>
                <Class sourceFile="Lists.java">
                    com.google.common.collect.Lists$1
                </Class>
                <Class sourceFile="Lists.java">
                    com.google.common.collect.Lists$2
                </Class>
                <Class sourceFile="Lists.java">
                    com.google.common.collect.Lists$AbstractListWrapper
                </Class>
                <Class sourceFile="Lists.java">
                    com.google.common.collect.Lists$CharSequenceAsList
                </Class>
                <Class sourceFile="Lists.java">
                    com.google.common.collect.Lists$OnePlusArrayList
                </Class>
                <Class sourceFile="Lists.java">
                    com.google.common.collect.Lists$Partition
                </Class>
                <Class sourceFile="Lists.java">
                    com.google.common.collect.Lists$RandomAccessListWrapper
                </Class>
                <Class sourceFile="Lists.java">
                    com.google.common.collect.Lists$RandomAccessPartition
                </Class>
                <Class sourceFile="Lists.java">
                    com.google.common.collect.Lists$RandomAccessReverseList
                </Class>
                <Class sourceFile="Lists.java">
                    com.google.common.collect.Lists$ReverseList
                </Class>
                <Class sourceFile="Lists.java">
                    com.google.common.collect.Lists$ReverseList$1
                </Class>
                <Class sourceFile="Lists.java">
                    com.google.common.collect.Lists$StringAsImmutableList
                </Class>
                <Class sourceFile="Lists.java">
                    com.google.common.collect.Lists$TransformingRandomAccessList
                </Class>
                <Class sourceFile="Lists.java">
                    com.google.common.collect.Lists$TransformingRandomAccessList$1
                </Class>
                <Class sourceFile="Lists.java">
                    com.google.common.collect.Lists$TransformingSequentialList
                </Class>
                <Class sourceFile="Lists.java">
                    com.google.common.collect.Lists$TransformingSequentialList$1
                </Class>
                <Class sourceFile="Lists.java">
                    com.google.common.collect.Lists$TwoPlusArrayList
                </Class>
                <Class sourceFile="MapMaker.java">
                    com.google.common.collect.MapMaker
                </Class>
                <Class sourceFile="MapMakerInternalMap.java">
                    com.google.common.collect.MapMakerInternalMap
                </Class>
                <Class sourceFile="MapMakerInternalMap.java">
                    com.google.common.collect.MapMakerInternalMap$1
                </Class>
                <Class sourceFile="MapMakerInternalMap.java">
                    com.google.common.collect.MapMakerInternalMap$CleanupMapTask
                </Class>
                <Class sourceFile="MapMakerInternalMap.java">
                    com.google.common.collect.MapMakerInternalMap$DummyInternalEntry
                </Class>
                <Class sourceFile="MapMakerInternalMap.java">
                    com.google.common.collect.MapMakerInternalMap$EntryIterator
                </Class>
                <Class sourceFile="MapMakerInternalMap.java">
                    com.google.common.collect.MapMakerInternalMap$EntrySet
                </Class>
                <Class sourceFile="MapMakerInternalMap.java">
                    com.google.common.collect.MapMakerInternalMap$KeyIterator
                </Class>
                <Class sourceFile="MapMakerInternalMap.java">
                    com.google.common.collect.MapMakerInternalMap$KeySet
                </Class>
                <Class sourceFile="MapMakerInternalMap.java">
                    com.google.common.collect.MapMakerInternalMap$SerializationProxy
                </Class>
                <Class sourceFile="MapMakerInternalMap.java">
                    com.google.common.collect.MapMakerInternalMap$Strength$1
                </Class>
                <Class sourceFile="MapMakerInternalMap.java">
                    com.google.common.collect.MapMakerInternalMap$Strength$2
                </Class>
                <Class sourceFile="MapMakerInternalMap.java">
                    com.google.common.collect.MapMakerInternalMap$StrongKeyStrongValueEntry
                </Class>
                <Class sourceFile="MapMakerInternalMap.java">
                    com.google.common.collect.MapMakerInternalMap$StrongKeyStrongValueEntry$Helper
                </Class>
                <Class sourceFile="MapMakerInternalMap.java">
                    com.google.common.collect.MapMakerInternalMap$StrongKeyStrongValueSegment
                </Class>
                <Class sourceFile="MapMakerInternalMap.java">
                    com.google.common.collect.MapMakerInternalMap$StrongKeyWeakValueEntry
                </Class>
                <Class sourceFile="MapMakerInternalMap.java">
                    com.google.common.collect.MapMakerInternalMap$StrongKeyWeakValueEntry$Helper
                </Class>
                <Class sourceFile="MapMakerInternalMap.java">
                    com.google.common.collect.MapMakerInternalMap$StrongKeyWeakValueSegment
                </Class>
                <Class sourceFile="MapMakerInternalMap.java">
                    com.google.common.collect.MapMakerInternalMap$ValueIterator
                </Class>
                <Class sourceFile="MapMakerInternalMap.java">
                    com.google.common.collect.MapMakerInternalMap$Values
                </Class>
                <Class sourceFile="MapMakerInternalMap.java">
                    com.google.common.collect.MapMakerInternalMap$WeakKeyStrongValueEntry
                </Class>
                <Class sourceFile="MapMakerInternalMap.java">
                    com.google.common.collect.MapMakerInternalMap$WeakKeyStrongValueEntry$Helper
                </Class>
                <Class sourceFile="MapMakerInternalMap.java">
                    com.google.common.collect.MapMakerInternalMap$WeakKeyStrongValueSegment
                </Class>
                <Class sourceFile="MapMakerInternalMap.java">
                    com.google.common.collect.MapMakerInternalMap$WeakKeyWeakValueEntry
                </Class>
                <Class sourceFile="MapMakerInternalMap.java">
                    com.google.common.collect.MapMakerInternalMap$WeakKeyWeakValueEntry$Helper
                </Class>
                <Class sourceFile="MapMakerInternalMap.java">
                    com.google.common.collect.MapMakerInternalMap$WeakKeyWeakValueSegment
                </Class>
                <Class sourceFile="MapMakerInternalMap.java">
                    com.google.common.collect.MapMakerInternalMap$WeakValueReferenceImpl
                </Class>
                <Class sourceFile="MapMakerInternalMap.java">
                    com.google.common.collect.MapMakerInternalMap$WriteThroughEntry
                </Class>
                <Class sourceFile="Maps.java">
                    com.google.common.collect.Maps
                </Class>
                <Class sourceFile="Maps.java">
                    com.google.common.collect.Maps$1
                </Class>
                <Class sourceFile="Maps.java">
                    com.google.common.collect.Maps$10
                </Class>
                <Class sourceFile="Maps.java">
                    com.google.common.collect.Maps$11
                </Class>
                <Class sourceFile="Maps.java">
                    com.google.common.collect.Maps$2
                </Class>
                <Class sourceFile="Maps.java">
                    com.google.common.collect.Maps$3
                </Class>
                <Class sourceFile="Maps.java">
                    com.google.common.collect.Maps$4
                </Class>
                <Class sourceFile="Maps.java">
                    com.google.common.collect.Maps$5
                </Class>
                <Class sourceFile="Maps.java">
                    com.google.common.collect.Maps$6
                </Class>
                <Class sourceFile="Maps.java">
                    com.google.common.collect.Maps$7
                </Class>
                <Class sourceFile="Maps.java">
                    com.google.common.collect.Maps$8
                </Class>
                <Class sourceFile="Maps.java">
                    com.google.common.collect.Maps$9
                </Class>
                <Class sourceFile="Maps.java">
                    com.google.common.collect.Maps$Accumulator
                </Class>
                <Class sourceFile="Maps.java">
                    com.google.common.collect.Maps$AsMapView
                </Class>
                <Class sourceFile="Maps.java">
                    com.google.common.collect.Maps$AsMapView$1EntrySetImpl
                </Class>
                <Class sourceFile="Maps.java">
                    com.google.common.collect.Maps$BiMapConverter
                </Class>
                <Class sourceFile="Maps.java">
                    com.google.common.collect.Maps$DescendingMap$1EntrySetImpl
                </Class>
                <Class sourceFile="Maps.java">
                    com.google.common.collect.Maps$EntryFunction$1
                </Class>
                <Class sourceFile="Maps.java">
                    com.google.common.collect.Maps$EntryFunction$2
                </Class>
                <Class sourceFile="Maps.java">
                    com.google.common.collect.Maps$FilteredEntryBiMap
                </Class>
                <Class sourceFile="Maps.java">
                    com.google.common.collect.Maps$FilteredEntryBiMap$1
                </Class>
                <Class sourceFile="Maps.java">
                    com.google.common.collect.Maps$FilteredEntryMap
                </Class>
                <Class sourceFile="Maps.java">
                    com.google.common.collect.Maps$FilteredEntryMap$EntrySet
                </Class>
                <Class sourceFile="Maps.java">
                    com.google.common.collect.Maps$FilteredEntryMap$EntrySet$1
                </Class>
                <Class sourceFile="Maps.java">
                    com.google.common.collect.Maps$FilteredEntryMap$EntrySet$1$1
                </Class>
                <Class sourceFile="Maps.java">
                    com.google.common.collect.Maps$FilteredEntryMap$KeySet
                </Class>
                <Class sourceFile="Maps.java">
                    com.google.common.collect.Maps$FilteredEntryNavigableMap
                </Class>
                <Class sourceFile="Maps.java">
                    com.google.common.collect.Maps$FilteredEntryNavigableMap$1
                </Class>
                <Class sourceFile="Maps.java">
                    com.google.common.collect.Maps$FilteredEntrySortedMap
                </Class>
                <Class sourceFile="Maps.java">
                    com.google.common.collect.Maps$FilteredEntrySortedMap$SortedKeySet
                </Class>
                <Class sourceFile="Maps.java">
                    com.google.common.collect.Maps$FilteredKeyMap
                </Class>
                <Class sourceFile="Maps.java">
                    com.google.common.collect.Maps$FilteredMapValues
                </Class>
                <Class sourceFile="Maps.java">
                    com.google.common.collect.Maps$IteratorBasedAbstractMap$1
                </Class>
                <Class sourceFile="Maps.java">
                    com.google.common.collect.Maps$KeySet
                </Class>
                <Class sourceFile="Maps.java">
                    com.google.common.collect.Maps$MapDifferenceImpl
                </Class>
                <Class sourceFile="Maps.java">
                    com.google.common.collect.Maps$NavigableAsMapView
                </Class>
                <Class sourceFile="Maps.java">
                    com.google.common.collect.Maps$NavigableKeySet
                </Class>
                <Class sourceFile="Maps.java">
                    com.google.common.collect.Maps$SortedAsMapView
                </Class>
                <Class sourceFile="Maps.java">
                    com.google.common.collect.Maps$SortedKeySet
                </Class>
                <Class sourceFile="Maps.java">
                    com.google.common.collect.Maps$SortedMapDifferenceImpl
                </Class>
                <Class sourceFile="Maps.java">
                    com.google.common.collect.Maps$TransformedEntriesMap
                </Class>
                <Class sourceFile="Maps.java">
                    com.google.common.collect.Maps$TransformedEntriesNavigableMap
                </Class>
                <Class sourceFile="Maps.java">
                    com.google.common.collect.Maps$TransformedEntriesSortedMap
                </Class>
                <Class sourceFile="Maps.java">
                    com.google.common.collect.Maps$UnmodifiableBiMap
                </Class>
                <Class sourceFile="Maps.java">
                    com.google.common.collect.Maps$UnmodifiableEntries
                </Class>
                <Class sourceFile="Maps.java">
                    com.google.common.collect.Maps$UnmodifiableEntrySet
                </Class>
                <Class sourceFile="Maps.java">
                    com.google.common.collect.Maps$UnmodifiableNavigableMap
                </Class>
                <Class sourceFile="Maps.java">
                    com.google.common.collect.Maps$ValueDifferenceImpl
                </Class>
                <Class sourceFile="Maps.java">
                    com.google.common.collect.Maps$Values
                </Class>
                <Class sourceFile="MinMaxPriorityQueue.java">
                    com.google.common.collect.MinMaxPriorityQueue
                </Class>
                <Class sourceFile="MinMaxPriorityQueue.java">
                    com.google.common.collect.MinMaxPriorityQueue$1
                </Class>
                <Class sourceFile="MinMaxPriorityQueue.java">
                    com.google.common.collect.MinMaxPriorityQueue$Builder
                </Class>
                <Class sourceFile="MinMaxPriorityQueue.java">
                    com.google.common.collect.MinMaxPriorityQueue$Heap
                </Class>
                <Class sourceFile="MinMaxPriorityQueue.java">
                    com.google.common.collect.MinMaxPriorityQueue$MoveDesc
                </Class>
                <Class sourceFile="MinMaxPriorityQueue.java">
                    com.google.common.collect.MinMaxPriorityQueue$QueueIterator
                </Class>
                <Class sourceFile="MoreCollectors.java">
                    com.google.common.collect.MoreCollectors
                </Class>
                <Class sourceFile="MoreCollectors.java">
                    com.google.common.collect.MoreCollectors$ToOptionalState
                </Class>
                <Class sourceFile="MultimapBuilder.java">
                    com.google.common.collect.MultimapBuilder$1
                </Class>
                <Class sourceFile="MultimapBuilder.java">
                    com.google.common.collect.MultimapBuilder$2
                </Class>
                <Class sourceFile="MultimapBuilder.java">
                    com.google.common.collect.MultimapBuilder$3
                </Class>
                <Class sourceFile="MultimapBuilder.java">
                    com.google.common.collect.MultimapBuilder$4
                </Class>
                <Class sourceFile="MultimapBuilder.java">
                    com.google.common.collect.MultimapBuilder$ArrayListSupplier
                </Class>
                <Class sourceFile="MultimapBuilder.java">
                    com.google.common.collect.MultimapBuilder$EnumSetSupplier
                </Class>
                <Class sourceFile="MultimapBuilder.java">
                    com.google.common.collect.MultimapBuilder$HashSetSupplier
                </Class>
                <Class sourceFile="MultimapBuilder.java">
                    com.google.common.collect.MultimapBuilder$LinkedHashSetSupplier
                </Class>
                <Class sourceFile="MultimapBuilder.java">
                    com.google.common.collect.MultimapBuilder$LinkedListSupplier
                </Class>
                <Class sourceFile="MultimapBuilder.java">
                    com.google.common.collect.MultimapBuilder$MultimapBuilderWithKeys$1
                </Class>
                <Class sourceFile="MultimapBuilder.java">
                    com.google.common.collect.MultimapBuilder$MultimapBuilderWithKeys$2
                </Class>
                <Class sourceFile="MultimapBuilder.java">
                    com.google.common.collect.MultimapBuilder$MultimapBuilderWithKeys$3
                </Class>
                <Class sourceFile="MultimapBuilder.java">
                    com.google.common.collect.MultimapBuilder$MultimapBuilderWithKeys$4
                </Class>
                <Class sourceFile="MultimapBuilder.java">
                    com.google.common.collect.MultimapBuilder$MultimapBuilderWithKeys$5
                </Class>
                <Class sourceFile="MultimapBuilder.java">
                    com.google.common.collect.MultimapBuilder$MultimapBuilderWithKeys$6
                </Class>
                <Class sourceFile="MultimapBuilder.java">
                    com.google.common.collect.MultimapBuilder$TreeSetSupplier
                </Class>
                <Class sourceFile="Multimaps.java">
                    com.google.common.collect.Multimaps
                </Class>
                <Class sourceFile="Multimaps.java">
                    com.google.common.collect.Multimaps$AsMap
                </Class>
                <Class sourceFile="Multimaps.java">
                    com.google.common.collect.Multimaps$AsMap$EntrySet
                </Class>
                <Class sourceFile="Multimaps.java">
                    com.google.common.collect.Multimaps$AsMap$EntrySet$1
                </Class>
                <Class sourceFile="Multimaps.java">
                    com.google.common.collect.Multimaps$CustomListMultimap
                </Class>
                <Class sourceFile="Multimaps.java">
                    com.google.common.collect.Multimaps$CustomMultimap
                </Class>
                <Class sourceFile="Multimaps.java">
                    com.google.common.collect.Multimaps$CustomSetMultimap
                </Class>
                <Class sourceFile="Multimaps.java">
                    com.google.common.collect.Multimaps$CustomSortedSetMultimap
                </Class>
                <Class sourceFile="Multimaps.java">
                    com.google.common.collect.Multimaps$Keys
                </Class>
                <Class sourceFile="Multimaps.java">
                    com.google.common.collect.Multimaps$Keys$1
                </Class>
                <Class sourceFile="Multimaps.java">
                    com.google.common.collect.Multimaps$Keys$1$1
                </Class>
                <Class sourceFile="Multimaps.java">
                    com.google.common.collect.Multimaps$Keys$KeysEntrySet
                </Class>
                <Class sourceFile="Multimaps.java">
                    com.google.common.collect.Multimaps$MapMultimap
                </Class>
                <Class sourceFile="Multimaps.java">
                    com.google.common.collect.Multimaps$MapMultimap$1
                </Class>
                <Class sourceFile="Multimaps.java">
                    com.google.common.collect.Multimaps$MapMultimap$1$1
                </Class>
                <Class sourceFile="Multimaps.java">
                    com.google.common.collect.Multimaps$TransformedEntriesListMultimap
                </Class>
                <Class sourceFile="Multimaps.java">
                    com.google.common.collect.Multimaps$TransformedEntriesMultimap
                </Class>
                <Class sourceFile="Multimaps.java">
                    com.google.common.collect.Multimaps$TransformedEntriesMultimap$1
                </Class>
                <Class sourceFile="Multimaps.java">
                    com.google.common.collect.Multimaps$UnmodifiableListMultimap
                </Class>
                <Class sourceFile="Multimaps.java">
                    com.google.common.collect.Multimaps$UnmodifiableMultimap
                </Class>
                <Class sourceFile="Multimaps.java">
                    com.google.common.collect.Multimaps$UnmodifiableMultimap$1
                </Class>
                <Class sourceFile="Multimaps.java">
                    com.google.common.collect.Multimaps$UnmodifiableSetMultimap
                </Class>
                <Class sourceFile="Multimaps.java">
                    com.google.common.collect.Multimaps$UnmodifiableSortedSetMultimap
                </Class>
                <Class sourceFile="Multisets.java">
                    com.google.common.collect.Multisets
                </Class>
                <Class sourceFile="Multisets.java">
                    com.google.common.collect.Multisets$1
                </Class>
                <Class sourceFile="Multisets.java">
                    com.google.common.collect.Multisets$1$1
                </Class>
                <Class sourceFile="Multisets.java">
                    com.google.common.collect.Multisets$2
                </Class>
                <Class sourceFile="Multisets.java">
                    com.google.common.collect.Multisets$2$1
                </Class>
                <Class sourceFile="Multisets.java">
                    com.google.common.collect.Multisets$3
                </Class>
                <Class sourceFile="Multisets.java">
                    com.google.common.collect.Multisets$3$1
                </Class>
                <Class sourceFile="Multisets.java">
                    com.google.common.collect.Multisets$4
                </Class>
                <Class sourceFile="Multisets.java">
                    com.google.common.collect.Multisets$4$1
                </Class>
                <Class sourceFile="Multisets.java">
                    com.google.common.collect.Multisets$5
                </Class>
                <Class sourceFile="Multisets.java">
                    com.google.common.collect.Multisets$ElementSet$1
                </Class>
                <Class sourceFile="Multisets.java">
                    com.google.common.collect.Multisets$FilteredMultiset
                </Class>
                <Class sourceFile="Multisets.java">
                    com.google.common.collect.Multisets$FilteredMultiset$1
                </Class>
                <Class sourceFile="Multisets.java">
                    com.google.common.collect.Multisets$ImmutableEntry
                </Class>
                <Class sourceFile="Multisets.java">
                    com.google.common.collect.Multisets$MultisetIteratorImpl
                </Class>
                <Class sourceFile="Multisets.java">
                    com.google.common.collect.Multisets$UnmodifiableMultiset
                </Class>
                <Class sourceFile="MutableClassToInstanceMap.java">
                    com.google.common.collect.MutableClassToInstanceMap
                </Class>
                <Class sourceFile="MutableClassToInstanceMap.java">
                    com.google.common.collect.MutableClassToInstanceMap$1
                </Class>
                <Class sourceFile="MutableClassToInstanceMap.java">
                    com.google.common.collect.MutableClassToInstanceMap$2
                </Class>
                <Class sourceFile="MutableClassToInstanceMap.java">
                    com.google.common.collect.MutableClassToInstanceMap$2$1
                </Class>
                <Class sourceFile="MutableClassToInstanceMap.java">
                    com.google.common.collect.MutableClassToInstanceMap$SerializedForm
                </Class>
                <Class sourceFile="NaturalOrdering.java">
                    com.google.common.collect.NaturalOrdering
                </Class>
                <Class sourceFile="NullsFirstOrdering.java">
                    com.google.common.collect.NullsFirstOrdering
                </Class>
                <Class sourceFile="NullsLastOrdering.java">
                    com.google.common.collect.NullsLastOrdering
                </Class>
                <Class sourceFile="ObjectArrays.java">
                    com.google.common.collect.ObjectArrays
                </Class>
                <Class sourceFile="Ordering.java">
                    com.google.common.collect.Ordering$ArbitraryOrdering
                </Class>
                <Class sourceFile="Ordering.java">
                    com.google.common.collect.Ordering$ArbitraryOrderingHolder
                </Class>
                <Class sourceFile="Ordering.java">
                    com.google.common.collect.Ordering$IncomparableValueException
                </Class>
                <Class sourceFile="Platform.java">
                    com.google.common.collect.Platform
                </Class>
                <Class sourceFile="Queues.java">
                    com.google.common.collect.Queues
                </Class>
                <Class sourceFile="Range.java">
                    com.google.common.collect.Range
                </Class>
                <Class sourceFile="Range.java">
                    com.google.common.collect.Range$1
                </Class>
                <Class sourceFile="Range.java">
                    com.google.common.collect.Range$2
                </Class>
                <Class sourceFile="Range.java">
                    com.google.common.collect.Range$3
                </Class>
                <Class sourceFile="Range.java">
                    com.google.common.collect.Range$RangeLexOrdering
                </Class>
                <Class sourceFile="RegularContiguousSet.java">
                    com.google.common.collect.RegularContiguousSet
                </Class>
                <Class sourceFile="RegularContiguousSet.java">
                    com.google.common.collect.RegularContiguousSet$1
                </Class>
                <Class sourceFile="RegularContiguousSet.java">
                    com.google.common.collect.RegularContiguousSet$2
                </Class>
                <Class sourceFile="RegularContiguousSet.java">
                    com.google.common.collect.RegularContiguousSet$SerializedForm
                </Class>
                <Class sourceFile="RegularImmutableAsList.java">
                    com.google.common.collect.RegularImmutableAsList
                </Class>
                <Class sourceFile="RegularImmutableBiMap.java">
                    com.google.common.collect.RegularImmutableBiMap
                </Class>
                <Class sourceFile="RegularImmutableBiMap.java">
                    com.google.common.collect.RegularImmutableBiMap$1
                </Class>
                <Class sourceFile="RegularImmutableBiMap.java">
                    com.google.common.collect.RegularImmutableBiMap$Inverse
                </Class>
                <Class sourceFile="RegularImmutableBiMap.java">
                    com.google.common.collect.RegularImmutableBiMap$Inverse$InverseEntrySet
                </Class>
                <Class sourceFile="RegularImmutableBiMap.java">
                    com.google.common.collect.RegularImmutableBiMap$Inverse$InverseEntrySet$1
                </Class>
                <Class sourceFile="RegularImmutableBiMap.java">
                    com.google.common.collect.RegularImmutableBiMap$InverseSerializedForm
                </Class>
                <Class sourceFile="RegularImmutableList.java">
                    com.google.common.collect.RegularImmutableList
                </Class>
                <Class sourceFile="RegularImmutableMap.java">
                    com.google.common.collect.RegularImmutableMap
                </Class>
                <Class sourceFile="RegularImmutableMap.java">
                    com.google.common.collect.RegularImmutableMap$KeySet
                </Class>
                <Class sourceFile="RegularImmutableMap.java">
                    com.google.common.collect.RegularImmutableMap$KeySet$SerializedForm
                </Class>
                <Class sourceFile="RegularImmutableMap.java">
                    com.google.common.collect.RegularImmutableMap$Values
                </Class>
                <Class sourceFile="RegularImmutableMap.java">
                    com.google.common.collect.RegularImmutableMap$Values$SerializedForm
                </Class>
                <Class sourceFile="RegularImmutableMultiset.java">
                    com.google.common.collect.RegularImmutableMultiset
                </Class>
                <Class sourceFile="RegularImmutableMultiset.java">
                    com.google.common.collect.RegularImmutableMultiset$1
                </Class>
                <Class sourceFile="RegularImmutableMultiset.java">
                    com.google.common.collect.RegularImmutableMultiset$ElementSet
                </Class>
                <Class sourceFile="RegularImmutableMultiset.java">
                    com.google.common.collect.RegularImmutableMultiset$NonTerminalEntry
                </Class>
                <Class sourceFile="RegularImmutableSet.java">
                    com.google.common.collect.RegularImmutableSet
                </Class>
                <Class sourceFile="RegularImmutableSortedMultiset.java">
                    com.google.common.collect.RegularImmutableSortedMultiset
                </Class>
                <Class sourceFile="RegularImmutableSortedSet.java">
                    com.google.common.collect.RegularImmutableSortedSet
                </Class>
                <Class sourceFile="RegularImmutableTable.java">
                    com.google.common.collect.RegularImmutableTable$1
                </Class>
                <Class sourceFile="RegularImmutableTable.java">
                    com.google.common.collect.RegularImmutableTable$CellSet
                </Class>
                <Class sourceFile="RegularImmutableTable.java">
                    com.google.common.collect.RegularImmutableTable$Values
                </Class>
                <Class sourceFile="ReverseNaturalOrdering.java">
                    com.google.common.collect.ReverseNaturalOrdering
                </Class>
                <Class sourceFile="ReverseOrdering.java">
                    com.google.common.collect.ReverseOrdering
                </Class>
                <Class sourceFile="Serialization.java">
                    com.google.common.collect.Serialization
                </Class>
                <Class sourceFile="Serialization.java">
                    com.google.common.collect.Serialization$1
                </Class>
                <Class sourceFile="Serialization.java">
                    com.google.common.collect.Serialization$FieldSetter
                </Class>
                <Class sourceFile="Sets.java">
                    com.google.common.collect.Sets
                </Class>
                <Class sourceFile="Sets.java">
                    com.google.common.collect.Sets$1
                </Class>
                <Class sourceFile="Sets.java">
                    com.google.common.collect.Sets$2
                </Class>
                <Class sourceFile="Sets.java">
                    com.google.common.collect.Sets$3
                </Class>
                <Class sourceFile="Sets.java">
                    com.google.common.collect.Sets$4
                </Class>
                <Class sourceFile="Sets.java">
                    com.google.common.collect.Sets$4$1
                </Class>
                <Class sourceFile="Sets.java">
                    com.google.common.collect.Sets$Accumulator
                </Class>
                <Class sourceFile="Sets.java">
                    com.google.common.collect.Sets$CartesianSet
                </Class>
                <Class sourceFile="Sets.java">
                    com.google.common.collect.Sets$CartesianSet$1
                </Class>
                <Class sourceFile="Sets.java">
                    com.google.common.collect.Sets$DescendingSet
                </Class>
                <Class sourceFile="Sets.java">
                    com.google.common.collect.Sets$FilteredNavigableSet
                </Class>
                <Class sourceFile="Sets.java">
                    com.google.common.collect.Sets$FilteredSet
                </Class>
                <Class sourceFile="Sets.java">
                    com.google.common.collect.Sets$FilteredSortedSet
                </Class>
                <Class sourceFile="Sets.java">
                    com.google.common.collect.Sets$PowerSet
                </Class>
                <Class sourceFile="Sets.java">
                    com.google.common.collect.Sets$PowerSet$1
                </Class>
                <Class sourceFile="Sets.java">
                    com.google.common.collect.Sets$SubSet
                </Class>
                <Class sourceFile="Sets.java">
                    com.google.common.collect.Sets$SubSet$1
                </Class>
                <Class sourceFile="Sets.java">
                    com.google.common.collect.Sets$UnmodifiableNavigableSet
                </Class>
                <Class sourceFile="SingletonImmutableBiMap.java">
                    com.google.common.collect.SingletonImmutableBiMap
                </Class>
                <Class sourceFile="SingletonImmutableList.java">
                    com.google.common.collect.SingletonImmutableList
                </Class>
                <Class sourceFile="SingletonImmutableSet.java">
                    com.google.common.collect.SingletonImmutableSet
                </Class>
                <Class sourceFile="SingletonImmutableTable.java">
                    com.google.common.collect.SingletonImmutableTable
                </Class>
                <Class sourceFile="SortedIterables.java">
                    com.google.common.collect.SortedIterables
                </Class>
                <Class sourceFile="SortedLists.java">
                    com.google.common.collect.SortedLists
                </Class>
                <Class sourceFile="SortedLists.java">
                    com.google.common.collect.SortedLists$1
                </Class>
                <Class sourceFile="SortedLists.java">
                    com.google.common.collect.SortedLists$KeyAbsentBehavior$1
                </Class>
                <Class sourceFile="SortedLists.java">
                    com.google.common.collect.SortedLists$KeyAbsentBehavior$2
                </Class>
                <Class sourceFile="SortedLists.java">
                    com.google.common.collect.SortedLists$KeyAbsentBehavior$3
                </Class>
                <Class sourceFile="SortedLists.java">
                    com.google.common.collect.SortedLists$KeyPresentBehavior$1
                </Class>
                <Class sourceFile="SortedLists.java">
                    com.google.common.collect.SortedLists$KeyPresentBehavior$2
                </Class>
                <Class sourceFile="SortedLists.java">
                    com.google.common.collect.SortedLists$KeyPresentBehavior$3
                </Class>
                <Class sourceFile="SortedLists.java">
                    com.google.common.collect.SortedLists$KeyPresentBehavior$4
                </Class>
                <Class sourceFile="SortedLists.java">
                    com.google.common.collect.SortedLists$KeyPresentBehavior$5
                </Class>
                <Class sourceFile="SortedMultisets.java">
                    com.google.common.collect.SortedMultisets
                </Class>
                <Class sourceFile="SortedMultisets.java">
                    com.google.common.collect.SortedMultisets$ElementSet
                </Class>
                <Class sourceFile="SortedMultisets.java">
                    com.google.common.collect.SortedMultisets$NavigableElementSet
                </Class>
                <Class sourceFile="SparseImmutableTable.java">
                    com.google.common.collect.SparseImmutableTable
                </Class>
                <Class sourceFile="StandardRowSortedTable.java">
                    com.google.common.collect.StandardRowSortedTable
                </Class>
                <Class sourceFile="StandardRowSortedTable.java">
                    com.google.common.collect.StandardRowSortedTable$1
                </Class>
                <Class sourceFile="StandardRowSortedTable.java">
                    com.google.common.collect.StandardRowSortedTable$RowSortedMap
                </Class>
                <Class sourceFile="StandardTable.java">
                    com.google.common.collect.StandardTable
                </Class>
                <Class sourceFile="StandardTable.java">
                    com.google.common.collect.StandardTable$1
                </Class>
                <Class sourceFile="StandardTable.java">
                    com.google.common.collect.StandardTable$CellIterator
                </Class>
                <Class sourceFile="StandardTable.java">
                    com.google.common.collect.StandardTable$Column
                </Class>
                <Class sourceFile="StandardTable.java">
                    com.google.common.collect.StandardTable$Column$EntrySet
                </Class>
                <Class sourceFile="StandardTable.java">
                    com.google.common.collect.StandardTable$Column$EntrySetIterator
                </Class>
                <Class sourceFile="StandardTable.java">
                    com.google.common.collect.StandardTable$Column$EntrySetIterator$1EntryImpl
                </Class>
                <Class sourceFile="StandardTable.java">
                    com.google.common.collect.StandardTable$Column$KeySet
                </Class>
                <Class sourceFile="StandardTable.java">
                    com.google.common.collect.StandardTable$Column$Values
                </Class>
                <Class sourceFile="StandardTable.java">
                    com.google.common.collect.StandardTable$ColumnKeyIterator
                </Class>
                <Class sourceFile="StandardTable.java">
                    com.google.common.collect.StandardTable$ColumnKeySet
                </Class>
                <Class sourceFile="StandardTable.java">
                    com.google.common.collect.StandardTable$ColumnMap
                </Class>
                <Class sourceFile="StandardTable.java">
                    com.google.common.collect.StandardTable$ColumnMap$ColumnMapEntrySet
                </Class>
                <Class sourceFile="StandardTable.java">
                    com.google.common.collect.StandardTable$ColumnMap$ColumnMapEntrySet$1
                </Class>
                <Class sourceFile="StandardTable.java">
                    com.google.common.collect.StandardTable$ColumnMap$ColumnMapValues
                </Class>
                <Class sourceFile="StandardTable.java">
                    com.google.common.collect.StandardTable$Row
                </Class>
                <Class sourceFile="StandardTable.java">
                    com.google.common.collect.StandardTable$Row$1
                </Class>
                <Class sourceFile="StandardTable.java">
                    com.google.common.collect.StandardTable$Row$2
                </Class>
                <Class sourceFile="StandardTable.java">
                    com.google.common.collect.StandardTable$RowMap
                </Class>
                <Class sourceFile="StandardTable.java">
                    com.google.common.collect.StandardTable$RowMap$EntrySet
                </Class>
                <Class sourceFile="StandardTable.java">
                    com.google.common.collect.StandardTable$RowMap$EntrySet$1
                </Class>
                <Class sourceFile="Streams.java">
                    com.google.common.collect.Streams
                </Class>
                <Class sourceFile="Streams.java">
                    com.google.common.collect.Streams$1
                </Class>
                <Class sourceFile="Streams.java">
                    com.google.common.collect.Streams$1OptionalState
                </Class>
                <Class sourceFile="Streams.java">
                    com.google.common.collect.Streams$1Splitr
                </Class>
                <Class sourceFile="Streams.java">
                    com.google.common.collect.Streams$2
                </Class>
                <Class sourceFile="Streams.java">
                    com.google.common.collect.Streams$2Splitr
                </Class>
                <Class sourceFile="Streams.java">
                    com.google.common.collect.Streams$3
                </Class>
                <Class sourceFile="Streams.java">
                    com.google.common.collect.Streams$3Splitr
                </Class>
                <Class sourceFile="Streams.java">
                    com.google.common.collect.Streams$4
                </Class>
                <Class sourceFile="Streams.java">
                    com.google.common.collect.Streams$4Splitr
                </Class>
                <Class sourceFile="Streams.java">
                    com.google.common.collect.Streams$5
                </Class>
                <Class sourceFile="Synchronized.java">
                    com.google.common.collect.Synchronized
                </Class>
                <Class sourceFile="Synchronized.java">
                    com.google.common.collect.Synchronized$1
                </Class>
                <Class sourceFile="Synchronized.java">
                    com.google.common.collect.Synchronized$SynchronizedAsMap
                </Class>
                <Class sourceFile="Synchronized.java">
                    com.google.common.collect.Synchronized$SynchronizedAsMapEntries
                </Class>
                <Class sourceFile="Synchronized.java">
                    com.google.common.collect.Synchronized$SynchronizedAsMapEntries$1
                </Class>
                <Class sourceFile="Synchronized.java">
                    com.google.common.collect.Synchronized$SynchronizedAsMapEntries$1$1
                </Class>
                <Class sourceFile="Synchronized.java">
                    com.google.common.collect.Synchronized$SynchronizedAsMapValues
                </Class>
                <Class sourceFile="Synchronized.java">
                    com.google.common.collect.Synchronized$SynchronizedAsMapValues$1
                </Class>
                <Class sourceFile="Synchronized.java">
                    com.google.common.collect.Synchronized$SynchronizedBiMap
                </Class>
                <Class sourceFile="Synchronized.java">
                    com.google.common.collect.Synchronized$SynchronizedCollection
                </Class>
                <Class sourceFile="Synchronized.java">
                    com.google.common.collect.Synchronized$SynchronizedDeque
                </Class>
                <Class sourceFile="Synchronized.java">
                    com.google.common.collect.Synchronized$SynchronizedEntry
                </Class>
                <Class sourceFile="Synchronized.java">
                    com.google.common.collect.Synchronized$SynchronizedList
                </Class>
                <Class sourceFile="Synchronized.java">
                    com.google.common.collect.Synchronized$SynchronizedListMultimap
                </Class>
                <Class sourceFile="Synchronized.java">
                    com.google.common.collect.Synchronized$SynchronizedMap
                </Class>
                <Class sourceFile="Synchronized.java">
                    com.google.common.collect.Synchronized$SynchronizedMultimap
                </Class>
                <Class sourceFile="Synchronized.java">
                    com.google.common.collect.Synchronized$SynchronizedMultiset
                </Class>
                <Class sourceFile="Synchronized.java">
                    com.google.common.collect.Synchronized$SynchronizedNavigableMap
                </Class>
                <Class sourceFile="Synchronized.java">
                    com.google.common.collect.Synchronized$SynchronizedNavigableSet
                </Class>
                <Class sourceFile="Synchronized.java">
                    com.google.common.collect.Synchronized$SynchronizedObject
                </Class>
                <Class sourceFile="Synchronized.java">
                    com.google.common.collect.Synchronized$SynchronizedQueue
                </Class>
                <Class sourceFile="Synchronized.java">
                    com.google.common.collect.Synchronized$SynchronizedRandomAccessList
                </Class>
                <Class sourceFile="Synchronized.java">
                    com.google.common.collect.Synchronized$SynchronizedSet
                </Class>
                <Class sourceFile="Synchronized.java">
                    com.google.common.collect.Synchronized$SynchronizedSetMultimap
                </Class>
                <Class sourceFile="Synchronized.java">
                    com.google.common.collect.Synchronized$SynchronizedSortedMap
                </Class>
                <Class sourceFile="Synchronized.java">
                    com.google.common.collect.Synchronized$SynchronizedSortedSet
                </Class>
                <Class sourceFile="Synchronized.java">
                    com.google.common.collect.Synchronized$SynchronizedSortedSetMultimap
                </Class>
                <Class sourceFile="Tables.java">
                    com.google.common.collect.Tables
                </Class>
                <Class sourceFile="Tables.java">
                    com.google.common.collect.Tables$1
                </Class>
                <Class sourceFile="Tables.java">
                    com.google.common.collect.Tables$ImmutableCell
                </Class>
                <Class sourceFile="Tables.java">
                    com.google.common.collect.Tables$TransformedTable
                </Class>
                <Class sourceFile="Tables.java">
                    com.google.common.collect.Tables$TransformedTable$1
                </Class>
                <Class sourceFile="Tables.java">
                    com.google.common.collect.Tables$TransformedTable$2
                </Class>
                <Class sourceFile="Tables.java">
                    com.google.common.collect.Tables$TransformedTable$3
                </Class>
                <Class sourceFile="Tables.java">
                    com.google.common.collect.Tables$TransposeTable
                </Class>
                <Class sourceFile="Tables.java">
                    com.google.common.collect.Tables$TransposeTable$1
                </Class>
                <Class sourceFile="Tables.java">
                    com.google.common.collect.Tables$UnmodifiableRowSortedMap
                </Class>
                <Class sourceFile="Tables.java">
                    com.google.common.collect.Tables$UnmodifiableTable
                </Class>
                <Class sourceFile="TopKSelector.java">
                    com.google.common.collect.TopKSelector
                </Class>
                <Class sourceFile="TreeBasedTable.java">
                    com.google.common.collect.TreeBasedTable
                </Class>
                <Class sourceFile="TreeBasedTable.java">
                    com.google.common.collect.TreeBasedTable$1
                </Class>
                <Class sourceFile="TreeBasedTable.java">
                    com.google.common.collect.TreeBasedTable$2
                </Class>
                <Class sourceFile="TreeBasedTable.java">
                    com.google.common.collect.TreeBasedTable$Factory
                </Class>
                <Class sourceFile="TreeBasedTable.java">
                    com.google.common.collect.TreeBasedTable$TreeRow
                </Class>
                <Class sourceFile="TreeMultimap.java">
                    com.google.common.collect.TreeMultimap
                </Class>
                <Class sourceFile="TreeMultiset.java">
                    com.google.common.collect.TreeMultiset
                </Class>
                <Class sourceFile="TreeMultiset.java">
                    com.google.common.collect.TreeMultiset$1
                </Class>
                <Class sourceFile="TreeMultiset.java">
                    com.google.common.collect.TreeMultiset$2
                </Class>
                <Class sourceFile="TreeMultiset.java">
                    com.google.common.collect.TreeMultiset$3
                </Class>
                <Class sourceFile="TreeMultiset.java">
                    com.google.common.collect.TreeMultiset$4
                </Class>
                <Class sourceFile="TreeMultiset.java">
                    com.google.common.collect.TreeMultiset$Aggregate$1
                </Class>
                <Class sourceFile="TreeMultiset.java">
                    com.google.common.collect.TreeMultiset$Aggregate$2
                </Class>
                <Class sourceFile="TreeMultiset.java">
                    com.google.common.collect.TreeMultiset$AvlNode
                </Class>
                <Class sourceFile="TreeMultiset.java">
                    com.google.common.collect.TreeMultiset$Reference
                </Class>
                <Class sourceFile="TreeRangeMap.java">
                    com.google.common.collect.TreeRangeMap
                </Class>
                <Class sourceFile="TreeRangeMap.java">
                    com.google.common.collect.TreeRangeMap$1
                </Class>
                <Class sourceFile="TreeRangeMap.java">
                    com.google.common.collect.TreeRangeMap$AsMapOfRanges
                </Class>
                <Class sourceFile="TreeRangeMap.java">
                    com.google.common.collect.TreeRangeMap$RangeMapEntry
                </Class>
                <Class sourceFile="TreeRangeMap.java">
                    com.google.common.collect.TreeRangeMap$SubRangeMap
                </Class>
                <Class sourceFile="TreeRangeMap.java">
                    com.google.common.collect.TreeRangeMap$SubRangeMap$1
                </Class>
                <Class sourceFile="TreeRangeMap.java">
                    com.google.common.collect.TreeRangeMap$SubRangeMap$1$1
                </Class>
                <Class sourceFile="TreeRangeMap.java">
                    com.google.common.collect.TreeRangeMap$SubRangeMap$SubRangeMapAsMap
                </Class>
                <Class sourceFile="TreeRangeMap.java">
                    com.google.common.collect.TreeRangeMap$SubRangeMap$SubRangeMapAsMap$1
                </Class>
                <Class sourceFile="TreeRangeMap.java">
                    com.google.common.collect.TreeRangeMap$SubRangeMap$SubRangeMapAsMap$2
                </Class>
                <Class sourceFile="TreeRangeMap.java">
                    com.google.common.collect.TreeRangeMap$SubRangeMap$SubRangeMapAsMap$3
                </Class>
                <Class sourceFile="TreeRangeMap.java">
                    com.google.common.collect.TreeRangeMap$SubRangeMap$SubRangeMapAsMap$4
                </Class>
                <Class sourceFile="TreeRangeSet.java">
                    com.google.common.collect.TreeRangeSet
                </Class>
                <Class sourceFile="TreeRangeSet.java">
                    com.google.common.collect.TreeRangeSet$1
                </Class>
                <Class sourceFile="TreeRangeSet.java">
                    com.google.common.collect.TreeRangeSet$AsRanges
                </Class>
                <Class sourceFile="TreeRangeSet.java">
                    com.google.common.collect.TreeRangeSet$Complement
                </Class>
                <Class sourceFile="TreeRangeSet.java">
                    com.google.common.collect.TreeRangeSet$ComplementRangesByLowerBound
                </Class>
                <Class sourceFile="TreeRangeSet.java">
                    com.google.common.collect.TreeRangeSet$ComplementRangesByLowerBound$1
                </Class>
                <Class sourceFile="TreeRangeSet.java">
                    com.google.common.collect.TreeRangeSet$ComplementRangesByLowerBound$2
                </Class>
                <Class sourceFile="TreeRangeSet.java">
                    com.google.common.collect.TreeRangeSet$RangesByUpperBound
                </Class>
                <Class sourceFile="TreeRangeSet.java">
                    com.google.common.collect.TreeRangeSet$RangesByUpperBound$1
                </Class>
                <Class sourceFile="TreeRangeSet.java">
                    com.google.common.collect.TreeRangeSet$RangesByUpperBound$2
                </Class>
                <Class sourceFile="TreeRangeSet.java">
                    com.google.common.collect.TreeRangeSet$SubRangeSet
                </Class>
                <Class sourceFile="TreeRangeSet.java">
                    com.google.common.collect.TreeRangeSet$SubRangeSetRangesByLowerBound
                </Class>
                <Class sourceFile="TreeRangeSet.java">
                    com.google.common.collect.TreeRangeSet$SubRangeSetRangesByLowerBound$1
                </Class>
                <Class sourceFile="TreeRangeSet.java">
                    com.google.common.collect.TreeRangeSet$SubRangeSetRangesByLowerBound$2
                </Class>
                <Class sourceFile="TreeTraverser.java">
                    com.google.common.collect.TreeTraverser$1
                </Class>
                <Class sourceFile="TreeTraverser.java">
                    com.google.common.collect.TreeTraverser$2
                </Class>
                <Class sourceFile="TreeTraverser.java">
                    com.google.common.collect.TreeTraverser$2$1
                </Class>
                <Class sourceFile="TreeTraverser.java">
                    com.google.common.collect.TreeTraverser$3
                </Class>
                <Class sourceFile="TreeTraverser.java">
                    com.google.common.collect.TreeTraverser$3$1
                </Class>
                <Class sourceFile="TreeTraverser.java">
                    com.google.common.collect.TreeTraverser$4
                </Class>
                <Class sourceFile="TreeTraverser.java">
                    com.google.common.collect.TreeTraverser$BreadthFirstIterator
                </Class>
                <Class sourceFile="TreeTraverser.java">
                    com.google.common.collect.TreeTraverser$PostOrderIterator
                </Class>
                <Class sourceFile="TreeTraverser.java">
                    com.google.common.collect.TreeTraverser$PostOrderNode
                </Class>
                <Class sourceFile="TreeTraverser.java">
                    com.google.common.collect.TreeTraverser$PreOrderIterator
                </Class>
                <Class sourceFile="UnmodifiableSortedMultiset.java">
                    com.google.common.collect.UnmodifiableSortedMultiset
                </Class>
                <Class sourceFile="UsingToStringOrdering.java">
                    com.google.common.collect.UsingToStringOrdering
                </Class>
                <Class sourceFile="WellBehavedMap.java">
                    com.google.common.collect.WellBehavedMap
                </Class>
                <Class sourceFile="WellBehavedMap.java">
                    com.google.common.collect.WellBehavedMap$1
                </Class>
                <Class sourceFile="WellBehavedMap.java">
                    com.google.common.collect.WellBehavedMap$EntrySet
                </Class>
                <Class sourceFile="WellBehavedMap.java">
                    com.google.common.collect.WellBehavedMap$EntrySet$1
                </Class>
                <Class sourceFile="WellBehavedMap.java">
                    com.google.common.collect.WellBehavedMap$EntrySet$1$1
                </Class>
            </ConcreteClasses>

            <DependsUpon>
                <Package>com.google.common.base</Package>
                <Package>com.google.common.math</Package>
                <Package>com.google.common.primitives</Package>
                <Package>com.google.errorprone.annotations.concurrent</Package>
                <Package>java.io</Package>
                <Package>java.lang</Package>
                <Package>java.lang.annotation</Package>
                <Package>java.lang.invoke</Package>
                <Package>java.lang.ref</Package>
                <Package>java.lang.reflect</Package>
                <Package>java.math</Package>
                <Package>java.util</Package>
                <Package>java.util.concurrent</Package>
                <Package>java.util.concurrent.atomic</Package>
                <Package>java.util.concurrent.locks</Package>
                <Package>java.util.function</Package>
                <Package>java.util.stream</Package>
                <Package>javax.annotation</Package>
            </DependsUpon>

            <UsedBy>
                <Package>com.google.common.cache</Package>
                <Package>com.google.common.eventbus</Package>
                <Package>com.google.common.graph</Package>
                <Package>com.google.common.io</Package>
                <Package>com.google.common.net</Package>
                <Package>com.google.common.reflect</Package>
                <Package>com.google.common.util.concurrent</Package>
                <Package>com.google.thirdparty.publicsuffix</Package>
            </UsedBy>
        </Package>

        <Package name="com.google.common.escape">
            <Stats>
                <TotalClasses>17</TotalClasses>
                <ConcreteClasses>11</ConcreteClasses>
                <AbstractClasses>6</AbstractClasses>
                <Ca>3</Ca>
                <Ce>4</Ce>
                <A>0.35</A>
                <I>0.57</I>
                <D>0.08</D>
                <V>1</V>
            </Stats>

            <AbstractClasses>
                <Class sourceFile="ArrayBasedCharEscaper.java">
                    com.google.common.escape.ArrayBasedCharEscaper
                </Class>
                <Class sourceFile="ArrayBasedUnicodeEscaper.java">
                    com.google.common.escape.ArrayBasedUnicodeEscaper
                </Class>
                <Class sourceFile="CharEscaper.java">
                    com.google.common.escape.CharEscaper
                </Class>
                <Class sourceFile="Escaper.java">
                    com.google.common.escape.Escaper
                </Class>
                <Class sourceFile="UnicodeEscaper.java">
                    com.google.common.escape.UnicodeEscaper
                </Class>
                <Class sourceFile="package-info.java">
                    com.google.common.escape.package-info
                </Class>
            </AbstractClasses>

            <ConcreteClasses>
                <Class sourceFile="ArrayBasedEscaperMap.java">
                    com.google.common.escape.ArrayBasedEscaperMap
                </Class>
                <Class sourceFile="CharEscaperBuilder.java">
                    com.google.common.escape.CharEscaperBuilder
                </Class>
                <Class sourceFile="CharEscaperBuilder.java">
                    com.google.common.escape.CharEscaperBuilder$CharArrayDecorator
                </Class>
                <Class sourceFile="Escaper.java">
                    com.google.common.escape.Escaper$1
                </Class>
                <Class sourceFile="Escapers.java">
                    com.google.common.escape.Escapers
                </Class>
                <Class sourceFile="Escapers.java">
                    com.google.common.escape.Escapers$1
                </Class>
                <Class sourceFile="Escapers.java">
                    com.google.common.escape.Escapers$2
                </Class>
                <Class sourceFile="Escapers.java">
                    com.google.common.escape.Escapers$Builder
                </Class>
                <Class sourceFile="Escapers.java">
                    com.google.common.escape.Escapers$Builder$1
                </Class>
                <Class sourceFile="Platform.java">
                    com.google.common.escape.Platform
                </Class>
                <Class sourceFile="Platform.java">
                    com.google.common.escape.Platform$1
                </Class>
            </ConcreteClasses>

            <DependsUpon>
                <Package>com.google.common.base</Package>
                <Package>java.lang</Package>
                <Package>java.util</Package>
                <Package>javax.annotation</Package>
            </DependsUpon>

            <UsedBy>
                <Package>com.google.common.html</Package>
                <Package>com.google.common.net</Package>
                <Package>com.google.common.xml</Package>
            </UsedBy>
        </Package>

        <Package name="com.google.common.eventbus">
            <Stats>
                <TotalClasses>25</TotalClasses>
                <ConcreteClasses>20</ConcreteClasses>
                <AbstractClasses>5</AbstractClasses>
                <Ca>0</Ca>
                <Ce>12</Ce>
                <A>0.2</A>
                <I>1</I>
                <D>0.2</D>
                <V>1</V>
            </Stats>

            <AbstractClasses>
                <Class sourceFile="AllowConcurrentEvents.java">
                    com.google.common.eventbus.AllowConcurrentEvents
                </Class>
                <Class sourceFile="Dispatcher.java">
                    com.google.common.eventbus.Dispatcher
                </Class>
                <Class sourceFile="Subscribe.java">
                    com.google.common.eventbus.Subscribe
                </Class>
                <Class sourceFile="SubscriberExceptionHandler.java">
                    com.google.common.eventbus.SubscriberExceptionHandler
                </Class>
                <Class sourceFile="package-info.java">
                    com.google.common.eventbus.package-info
                </Class>
            </AbstractClasses>

            <ConcreteClasses>
                <Class sourceFile="AsyncEventBus.java">
                    com.google.common.eventbus.AsyncEventBus
                </Class>
                <Class sourceFile="DeadEvent.java">
                    com.google.common.eventbus.DeadEvent
                </Class>
                <Class sourceFile="Dispatcher.java">
                    com.google.common.eventbus.Dispatcher$1
                </Class>
                <Class sourceFile="Dispatcher.java">
                    com.google.common.eventbus.Dispatcher$ImmediateDispatcher
                </Class>
                <Class sourceFile="Dispatcher.java">
                    com.google.common.eventbus.Dispatcher$LegacyAsyncDispatcher
                </Class>
                <Class sourceFile="Dispatcher.java">
                    com.google.common.eventbus.Dispatcher$LegacyAsyncDispatcher$EventWithSubscriber
                </Class>
                <Class sourceFile="Dispatcher.java">
                    com.google.common.eventbus.Dispatcher$PerThreadQueuedDispatcher
                </Class>
                <Class sourceFile="Dispatcher.java">
                    com.google.common.eventbus.Dispatcher$PerThreadQueuedDispatcher$1
                </Class>
                <Class sourceFile="Dispatcher.java">
                    com.google.common.eventbus.Dispatcher$PerThreadQueuedDispatcher$2
                </Class>
                <Class sourceFile="Dispatcher.java">
                    com.google.common.eventbus.Dispatcher$PerThreadQueuedDispatcher$Event
                </Class>
                <Class sourceFile="EventBus.java">
                    com.google.common.eventbus.EventBus
                </Class>
                <Class sourceFile="EventBus.java">
                    com.google.common.eventbus.EventBus$LoggingHandler
                </Class>
                <Class sourceFile="Subscriber.java">
                    com.google.common.eventbus.Subscriber
                </Class>
                <Class sourceFile="Subscriber.java">
                    com.google.common.eventbus.Subscriber$1
                </Class>
                <Class sourceFile="Subscriber.java">
                    com.google.common.eventbus.Subscriber$SynchronizedSubscriber
                </Class>
                <Class sourceFile="SubscriberExceptionContext.java">
                    com.google.common.eventbus.SubscriberExceptionContext
                </Class>
                <Class sourceFile="SubscriberRegistry.java">
                    com.google.common.eventbus.SubscriberRegistry
                </Class>
                <Class sourceFile="SubscriberRegistry.java">
                    com.google.common.eventbus.SubscriberRegistry$1
                </Class>
                <Class sourceFile="SubscriberRegistry.java">
                    com.google.common.eventbus.SubscriberRegistry$2
                </Class>
                <Class sourceFile="SubscriberRegistry.java">
                    com.google.common.eventbus.SubscriberRegistry$MethodIdentifier
                </Class>
            </ConcreteClasses>

            <DependsUpon>
                <Package>com.google.common.base</Package>
                <Package>com.google.common.cache</Package>
                <Package>com.google.common.collect</Package>
                <Package>com.google.common.reflect</Package>
                <Package>com.google.common.util.concurrent</Package>
                <Package>java.lang</Package>
                <Package>java.lang.annotation</Package>
                <Package>java.lang.reflect</Package>
                <Package>java.util</Package>
                <Package>java.util.concurrent</Package>
                <Package>java.util.logging</Package>
                <Package>javax.annotation</Package>
            </DependsUpon>

            <UsedBy>
            </UsedBy>
        </Package>

        <Package name="com.google.common.graph">
            <Stats>
                <TotalClasses>79</TotalClasses>
                <ConcreteClasses>59</ConcreteClasses>
                <AbstractClasses>20</AbstractClasses>
                <Ca>0</Ca>
                <Ce>9</Ce>
                <A>0.25</A>
                <I>1</I>
                <D>0.25</D>
                <V>1</V>
            </Stats>

            <AbstractClasses>
                <Class sourceFile="AbstractDirectedNetworkConnections.java">
                    com.google.common.graph.AbstractDirectedNetworkConnections
                </Class>
                <Class sourceFile="AbstractGraph.java">
                    com.google.common.graph.AbstractGraph
                </Class>
                <Class sourceFile="AbstractGraphBuilder.java">
                    com.google.common.graph.AbstractGraphBuilder
                </Class>
                <Class sourceFile="AbstractNetwork.java">
                    com.google.common.graph.AbstractNetwork
                </Class>
                <Class sourceFile="AbstractUndirectedNetworkConnections.java">
                    com.google.common.graph.AbstractUndirectedNetworkConnections
                </Class>
                <Class sourceFile="AbstractValueGraph.java">
                    com.google.common.graph.AbstractValueGraph
                </Class>
                <Class sourceFile="EndpointPair.java">
                    com.google.common.graph.EndpointPair
                </Class>
                <Class sourceFile="EndpointPairIterator.java">
                    com.google.common.graph.EndpointPairIterator
                </Class>
                <Class sourceFile="ForwardingGraph.java">
                    com.google.common.graph.ForwardingGraph
                </Class>
                <Class sourceFile="Graph.java">
                    com.google.common.graph.Graph
                </Class>
                <Class sourceFile="GraphConnections.java">
                    com.google.common.graph.GraphConnections
                </Class>
                <Class sourceFile="ImmutableGraph.java">
                    com.google.common.graph.ImmutableGraph
                </Class>
                <Class sourceFile="MultiEdgesConnecting.java">
                    com.google.common.graph.MultiEdgesConnecting
                </Class>
                <Class sourceFile="MutableGraph.java">
                    com.google.common.graph.MutableGraph
                </Class>
                <Class sourceFile="MutableNetwork.java">
                    com.google.common.graph.MutableNetwork
                </Class>
                <Class sourceFile="MutableValueGraph.java">
                    com.google.common.graph.MutableValueGraph
                </Class>
                <Class sourceFile="Network.java">
                    com.google.common.graph.Network
                </Class>
                <Class sourceFile="NetworkConnections.java">
                    com.google.common.graph.NetworkConnections
                </Class>
                <Class sourceFile="ValueGraph.java">
                    com.google.common.graph.ValueGraph
                </Class>
                <Class sourceFile="package-info.java">
                    com.google.common.graph.package-info
                </Class>
            </AbstractClasses>

            <ConcreteClasses>
                <Class sourceFile="AbstractDirectedNetworkConnections.java">
                    com.google.common.graph.AbstractDirectedNetworkConnections$1
                </Class>
                <Class sourceFile="AbstractGraph.java">
                    com.google.common.graph.AbstractGraph$1
                </Class>
                <Class sourceFile="AbstractNetwork.java">
                    com.google.common.graph.AbstractNetwork$1
                </Class>
                <Class sourceFile="AbstractNetwork.java">
                    com.google.common.graph.AbstractNetwork$1$1
                </Class>
                <Class sourceFile="AbstractNetwork.java">
                    com.google.common.graph.AbstractNetwork$1$1$1
                </Class>
                <Class sourceFile="AbstractNetwork.java">
                    com.google.common.graph.AbstractNetwork$2
                </Class>
                <Class sourceFile="AbstractValueGraph.java">
                    com.google.common.graph.AbstractValueGraph$1
                </Class>
                <Class sourceFile="ConfigurableMutableGraph.java">
                    com.google.common.graph.ConfigurableMutableGraph
                </Class>
                <Class sourceFile="ConfigurableMutableNetwork.java">
                    com.google.common.graph.ConfigurableMutableNetwork
                </Class>
                <Class sourceFile="ConfigurableMutableValueGraph.java">
                    com.google.common.graph.ConfigurableMutableValueGraph
                </Class>
                <Class sourceFile="ConfigurableNetwork.java">
                    com.google.common.graph.ConfigurableNetwork
                </Class>
                <Class sourceFile="ConfigurableValueGraph.java">
                    com.google.common.graph.ConfigurableValueGraph
                </Class>
                <Class sourceFile="DirectedGraphConnections.java">
                    com.google.common.graph.DirectedGraphConnections
                </Class>
                <Class sourceFile="DirectedGraphConnections.java">
                    com.google.common.graph.DirectedGraphConnections$1
                </Class>
                <Class sourceFile="DirectedGraphConnections.java">
                    com.google.common.graph.DirectedGraphConnections$1$1
                </Class>
                <Class sourceFile="DirectedGraphConnections.java">
                    com.google.common.graph.DirectedGraphConnections$2
                </Class>
                <Class sourceFile="DirectedGraphConnections.java">
                    com.google.common.graph.DirectedGraphConnections$2$1
                </Class>
                <Class sourceFile="DirectedGraphConnections.java">
                    com.google.common.graph.DirectedGraphConnections$PredAndSucc
                </Class>
                <Class sourceFile="DirectedMultiNetworkConnections.java">
                    com.google.common.graph.DirectedMultiNetworkConnections
                </Class>
                <Class sourceFile="DirectedMultiNetworkConnections.java">
                    com.google.common.graph.DirectedMultiNetworkConnections$1
                </Class>
                <Class sourceFile="DirectedNetworkConnections.java">
                    com.google.common.graph.DirectedNetworkConnections
                </Class>
                <Class sourceFile="EdgesConnecting.java">
                    com.google.common.graph.EdgesConnecting
                </Class>
                <Class sourceFile="ElementOrder.java">
                    com.google.common.graph.ElementOrder
                </Class>
                <Class sourceFile="ElementOrder.java">
                    com.google.common.graph.ElementOrder$1
                </Class>
                <Class sourceFile="ElementOrder.java">
                    com.google.common.graph.ElementOrder$Type
                </Class>
                <Class sourceFile="EndpointPair.java">
                    com.google.common.graph.EndpointPair$1
                </Class>
                <Class sourceFile="EndpointPair.java">
                    com.google.common.graph.EndpointPair$Ordered
                </Class>
                <Class sourceFile="EndpointPair.java">
                    com.google.common.graph.EndpointPair$Unordered
                </Class>
                <Class sourceFile="EndpointPairIterator.java">
                    com.google.common.graph.EndpointPairIterator$1
                </Class>
                <Class sourceFile="EndpointPairIterator.java">
                    com.google.common.graph.EndpointPairIterator$Directed
                </Class>
                <Class sourceFile="EndpointPairIterator.java">
                    com.google.common.graph.EndpointPairIterator$Undirected
                </Class>
                <Class sourceFile="GraphBuilder.java">
                    com.google.common.graph.GraphBuilder
                </Class>
                <Class sourceFile="GraphConstants.java">
                    com.google.common.graph.GraphConstants
                </Class>
                <Class sourceFile="GraphConstants.java">
                    com.google.common.graph.GraphConstants$Presence
                </Class>
                <Class sourceFile="Graphs.java">
                    com.google.common.graph.Graphs
                </Class>
                <Class sourceFile="Graphs.java">
                    com.google.common.graph.Graphs$NodeVisitState
                </Class>
                <Class sourceFile="Graphs.java">
                    com.google.common.graph.Graphs$TransposedGraph
                </Class>
                <Class sourceFile="Graphs.java">
                    com.google.common.graph.Graphs$TransposedNetwork
                </Class>
                <Class sourceFile="Graphs.java">
                    com.google.common.graph.Graphs$TransposedValueGraph
                </Class>
                <Class sourceFile="ImmutableGraph.java">
                    com.google.common.graph.ImmutableGraph$ValueBackedImpl
                </Class>
                <Class sourceFile="ImmutableNetwork.java">
                    com.google.common.graph.ImmutableNetwork
                </Class>
                <Class sourceFile="ImmutableNetwork.java">
                    com.google.common.graph.ImmutableNetwork$1
                </Class>
                <Class sourceFile="ImmutableNetwork.java">
                    com.google.common.graph.ImmutableNetwork$2
                </Class>
                <Class sourceFile="ImmutableNetwork.java">
                    com.google.common.graph.ImmutableNetwork$3
                </Class>
                <Class sourceFile="ImmutableNetwork.java">
                    com.google.common.graph.ImmutableNetwork$4
                </Class>
                <Class sourceFile="ImmutableValueGraph.java">
                    com.google.common.graph.ImmutableValueGraph
                </Class>
                <Class sourceFile="ImmutableValueGraph.java">
                    com.google.common.graph.ImmutableValueGraph$1
                </Class>
                <Class sourceFile="MapIteratorCache.java">
                    com.google.common.graph.MapIteratorCache
                </Class>
                <Class sourceFile="MapIteratorCache.java">
                    com.google.common.graph.MapIteratorCache$1
                </Class>
                <Class sourceFile="MapIteratorCache.java">
                    com.google.common.graph.MapIteratorCache$1$1
                </Class>
                <Class sourceFile="MapRetrievalCache.java">
                    com.google.common.graph.MapRetrievalCache
                </Class>
                <Class sourceFile="MapRetrievalCache.java">
                    com.google.common.graph.MapRetrievalCache$CacheEntry
                </Class>
                <Class sourceFile="MultiEdgesConnecting.java">
                    com.google.common.graph.MultiEdgesConnecting$1
                </Class>
                <Class sourceFile="NetworkBuilder.java">
                    com.google.common.graph.NetworkBuilder
                </Class>
                <Class sourceFile="UndirectedGraphConnections.java">
                    com.google.common.graph.UndirectedGraphConnections
                </Class>
                <Class sourceFile="UndirectedMultiNetworkConnections.java">
                    com.google.common.graph.UndirectedMultiNetworkConnections
                </Class>
                <Class sourceFile="UndirectedMultiNetworkConnections.java">
                    com.google.common.graph.UndirectedMultiNetworkConnections$1
                </Class>
                <Class sourceFile="UndirectedNetworkConnections.java">
                    com.google.common.graph.UndirectedNetworkConnections
                </Class>
                <Class sourceFile="ValueGraphBuilder.java">
                    com.google.common.graph.ValueGraphBuilder
                </Class>
            </ConcreteClasses>

            <DependsUpon>
                <Package>com.google.common.base</Package>
                <Package>com.google.common.collect</Package>
                <Package>com.google.common.math</Package>
                <Package>com.google.common.primitives</Package>
                <Package>com.google.errorprone.annotations.concurrent</Package>
                <Package>java.lang</Package>
                <Package>java.lang.ref</Package>
                <Package>java.util</Package>
                <Package>javax.annotation</Package>
            </DependsUpon>

            <UsedBy>
            </UsedBy>
        </Package>

        <Package name="com.google.common.hash">
            <Stats>
                <TotalClasses>84</TotalClasses>
                <ConcreteClasses>66</ConcreteClasses>
                <AbstractClasses>18</AbstractClasses>
                <Ca>2</Ca>
                <Ce>16</Ce>
                <A>0.21</A>
                <I>0.89</I>
                <D>0.1</D>
                <V>1</V>
            </Stats>

            <AbstractClasses>
                <Class sourceFile="AbstractByteHasher.java">
                    com.google.common.hash.AbstractByteHasher
                </Class>
                <Class sourceFile="AbstractCompositeHashFunction.java">
                    com.google.common.hash.AbstractCompositeHashFunction
                </Class>
                <Class sourceFile="AbstractHasher.java">
                    com.google.common.hash.AbstractHasher
                </Class>
                <Class sourceFile="AbstractNonStreamingHashFunction.java">
                    com.google.common.hash.AbstractNonStreamingHashFunction
                </Class>
                <Class sourceFile="AbstractStreamingHashFunction.java">
                    com.google.common.hash.AbstractStreamingHashFunction
                </Class>
                <Class sourceFile="AbstractStreamingHashFunction.java">
                    com.google.common.hash.AbstractStreamingHashFunction$AbstractStreamingHasher
                </Class>
                <Class sourceFile="BloomFilter.java">
                    com.google.common.hash.BloomFilter$Strategy
                </Class>
                <Class sourceFile="BloomFilterStrategies.java">
                    com.google.common.hash.BloomFilterStrategies
                </Class>
                <Class sourceFile="Funnel.java">
                    com.google.common.hash.Funnel
                </Class>
                <Class sourceFile="HashCode.java">
                    com.google.common.hash.HashCode
                </Class>
                <Class sourceFile="HashFunction.java">
                    com.google.common.hash.HashFunction
                </Class>
                <Class sourceFile="Hasher.java">
                    com.google.common.hash.Hasher
                </Class>
                <Class sourceFile="Hashing.java">
                    com.google.common.hash.Hashing$ChecksumType
                </Class>
                <Class sourceFile="LittleEndianByteArray.java">
                    com.google.common.hash.LittleEndianByteArray$JavaLittleEndianBytes
                </Class>
                <Class sourceFile="LittleEndianByteArray.java">
                    com.google.common.hash.LittleEndianByteArray$LittleEndianBytes
                </Class>
                <Class sourceFile="LittleEndianByteArray.java">
                    com.google.common.hash.LittleEndianByteArray$UnsafeByteArray
                </Class>
                <Class sourceFile="PrimitiveSink.java">
                    com.google.common.hash.PrimitiveSink
                </Class>
                <Class sourceFile="package-info.java">
                    com.google.common.hash.package-info
                </Class>
            </AbstractClasses>

            <ConcreteClasses>
                <Class sourceFile="AbstractCompositeHashFunction.java">
                    com.google.common.hash.AbstractCompositeHashFunction$1
                </Class>
                <Class sourceFile="AbstractNonStreamingHashFunction.java">
                    com.google.common.hash.AbstractNonStreamingHashFunction$BufferingHasher
                </Class>
                <Class sourceFile="AbstractNonStreamingHashFunction.java">
                    com.google.common.hash.AbstractNonStreamingHashFunction$ExposedByteArrayOutputStream
                </Class>
                <Class sourceFile="BloomFilter.java">
                    com.google.common.hash.BloomFilter
                </Class>
                <Class sourceFile="BloomFilter.java">
                    com.google.common.hash.BloomFilter$1
                </Class>
                <Class sourceFile="BloomFilter.java">
                    com.google.common.hash.BloomFilter$SerialForm
                </Class>
                <Class sourceFile="BloomFilterStrategies.java">
                    com.google.common.hash.BloomFilterStrategies$1
                </Class>
                <Class sourceFile="BloomFilterStrategies.java">
                    com.google.common.hash.BloomFilterStrategies$2
                </Class>
                <Class sourceFile="BloomFilterStrategies.java">
                    com.google.common.hash.BloomFilterStrategies$BitArray
                </Class>
                <Class sourceFile="ChecksumHashFunction.java">
                    com.google.common.hash.ChecksumHashFunction
                </Class>
                <Class sourceFile="ChecksumHashFunction.java">
                    com.google.common.hash.ChecksumHashFunction$1
                </Class>
                <Class sourceFile="ChecksumHashFunction.java">
                    com.google.common.hash.ChecksumHashFunction$ChecksumHasher
                </Class>
                <Class sourceFile="Crc32cHashFunction.java">
                    com.google.common.hash.Crc32cHashFunction
                </Class>
                <Class sourceFile="Crc32cHashFunction.java">
                    com.google.common.hash.Crc32cHashFunction$Crc32cHasher
                </Class>
                <Class sourceFile="FarmHashFingerprint64.java">
                    com.google.common.hash.FarmHashFingerprint64
                </Class>
                <Class sourceFile="Funnels.java">
                    com.google.common.hash.Funnels
                </Class>
                <Class sourceFile="Funnels.java">
                    com.google.common.hash.Funnels$ByteArrayFunnel
                </Class>
                <Class sourceFile="Funnels.java">
                    com.google.common.hash.Funnels$IntegerFunnel
                </Class>
                <Class sourceFile="Funnels.java">
                    com.google.common.hash.Funnels$LongFunnel
                </Class>
                <Class sourceFile="Funnels.java">
                    com.google.common.hash.Funnels$SequentialFunnel
                </Class>
                <Class sourceFile="Funnels.java">
                    com.google.common.hash.Funnels$SinkAsStream
                </Class>
                <Class sourceFile="Funnels.java">
                    com.google.common.hash.Funnels$StringCharsetFunnel
                </Class>
                <Class sourceFile="Funnels.java">
                    com.google.common.hash.Funnels$StringCharsetFunnel$SerializedForm
                </Class>
                <Class sourceFile="Funnels.java">
                    com.google.common.hash.Funnels$UnencodedCharsFunnel
                </Class>
                <Class sourceFile="HashCode.java">
                    com.google.common.hash.HashCode$BytesHashCode
                </Class>
                <Class sourceFile="HashCode.java">
                    com.google.common.hash.HashCode$IntHashCode
                </Class>
                <Class sourceFile="HashCode.java">
                    com.google.common.hash.HashCode$LongHashCode
                </Class>
                <Class sourceFile="Hashing.java">
                    com.google.common.hash.Hashing
                </Class>
                <Class sourceFile="Hashing.java">
                    com.google.common.hash.Hashing$1
                </Class>
                <Class sourceFile="Hashing.java">
                    com.google.common.hash.Hashing$Adler32Holder
                </Class>
                <Class sourceFile="Hashing.java">
                    com.google.common.hash.Hashing$ChecksumType$1
                </Class>
                <Class sourceFile="Hashing.java">
                    com.google.common.hash.Hashing$ChecksumType$2
                </Class>
                <Class sourceFile="Hashing.java">
                    com.google.common.hash.Hashing$ConcatenatedHashFunction
                </Class>
                <Class sourceFile="Hashing.java">
                    com.google.common.hash.Hashing$Crc32Holder
                </Class>
                <Class sourceFile="Hashing.java">
                    com.google.common.hash.Hashing$Crc32cHolder
                </Class>
                <Class sourceFile="Hashing.java">
                    com.google.common.hash.Hashing$FarmHashFingerprint64Holder
                </Class>
                <Class sourceFile="Hashing.java">
                    com.google.common.hash.Hashing$LinearCongruentialGenerator
                </Class>
                <Class sourceFile="Hashing.java">
                    com.google.common.hash.Hashing$Md5Holder
                </Class>
                <Class sourceFile="Hashing.java">
                    com.google.common.hash.Hashing$Murmur3_128Holder
                </Class>
                <Class sourceFile="Hashing.java">
                    com.google.common.hash.Hashing$Murmur3_32Holder
                </Class>
                <Class sourceFile="Hashing.java">
                    com.google.common.hash.Hashing$Sha1Holder
                </Class>
                <Class sourceFile="Hashing.java">
                    com.google.common.hash.Hashing$Sha256Holder
                </Class>
                <Class sourceFile="Hashing.java">
                    com.google.common.hash.Hashing$Sha384Holder
                </Class>
                <Class sourceFile="Hashing.java">
                    com.google.common.hash.Hashing$Sha512Holder
                </Class>
                <Class sourceFile="Hashing.java">
                    com.google.common.hash.Hashing$SipHash24Holder
                </Class>
                <Class sourceFile="HashingInputStream.java">
                    com.google.common.hash.HashingInputStream
                </Class>
                <Class sourceFile="HashingOutputStream.java">
                    com.google.common.hash.HashingOutputStream
                </Class>
                <Class sourceFile="LittleEndianByteArray.java">
                    com.google.common.hash.LittleEndianByteArray
                </Class>
                <Class sourceFile="LittleEndianByteArray.java">
                    com.google.common.hash.LittleEndianByteArray$1
                </Class>
                <Class sourceFile="LittleEndianByteArray.java">
                    com.google.common.hash.LittleEndianByteArray$JavaLittleEndianBytes$1
                </Class>
                <Class sourceFile="LittleEndianByteArray.java">
                    com.google.common.hash.LittleEndianByteArray$UnsafeByteArray$1
                </Class>
                <Class sourceFile="LittleEndianByteArray.java">
                    com.google.common.hash.LittleEndianByteArray$UnsafeByteArray$2
                </Class>
                <Class sourceFile="LittleEndianByteArray.java">
                    com.google.common.hash.LittleEndianByteArray$UnsafeByteArray$3
                </Class>
                <Class sourceFile="MacHashFunction.java">
                    com.google.common.hash.MacHashFunction
                </Class>
                <Class sourceFile="MacHashFunction.java">
                    com.google.common.hash.MacHashFunction$1
                </Class>
                <Class sourceFile="MacHashFunction.java">
                    com.google.common.hash.MacHashFunction$MacHasher
                </Class>
                <Class sourceFile="MessageDigestHashFunction.java">
                    com.google.common.hash.MessageDigestHashFunction
                </Class>
                <Class sourceFile="MessageDigestHashFunction.java">
                    com.google.common.hash.MessageDigestHashFunction$1
                </Class>
                <Class sourceFile="MessageDigestHashFunction.java">
                    com.google.common.hash.MessageDigestHashFunction$MessageDigestHasher
                </Class>
                <Class sourceFile="MessageDigestHashFunction.java">
                    com.google.common.hash.MessageDigestHashFunction$SerializedForm
                </Class>
                <Class sourceFile="Murmur3_128HashFunction.java">
                    com.google.common.hash.Murmur3_128HashFunction
                </Class>
                <Class sourceFile="Murmur3_128HashFunction.java">
                    com.google.common.hash.Murmur3_128HashFunction$Murmur3_128Hasher
                </Class>
                <Class sourceFile="Murmur3_32HashFunction.java">
                    com.google.common.hash.Murmur3_32HashFunction
                </Class>
                <Class sourceFile="Murmur3_32HashFunction.java">
                    com.google.common.hash.Murmur3_32HashFunction$Murmur3_32Hasher
                </Class>
                <Class sourceFile="SipHashFunction.java">
                    com.google.common.hash.SipHashFunction
                </Class>
                <Class sourceFile="SipHashFunction.java">
                    com.google.common.hash.SipHashFunction$SipHasher
                </Class>
            </ConcreteClasses>

            <DependsUpon>
                <Package>com.google.common.base</Package>
                <Package>com.google.common.math</Package>
                <Package>com.google.common.primitives</Package>
                <Package>java.io</Package>
                <Package>java.lang</Package>
                <Package>java.lang.reflect</Package>
                <Package>java.math</Package>
                <Package>java.nio</Package>
                <Package>java.nio.charset</Package>
                <Package>java.security</Package>
                <Package>java.util</Package>
                <Package>java.util.zip</Package>
                <Package>javax.annotation</Package>
                <Package>javax.crypto</Package>
                <Package>javax.crypto.spec</Package>
                <Package>sun.misc</Package>
            </DependsUpon>

            <UsedBy>
                <Package>com.google.common.io</Package>
                <Package>com.google.common.net</Package>
            </UsedBy>
        </Package>

        <Package name="com.google.common.html">
            <Stats>
                <TotalClasses>2</TotalClasses>
                <ConcreteClasses>1</ConcreteClasses>
                <AbstractClasses>1</AbstractClasses>
                <Ca>0</Ca>
                <Ce>3</Ce>
                <A>0.5</A>
                <I>1</I>
                <D>0.5</D>
                <V>1</V>
            </Stats>

            <AbstractClasses>
                <Class sourceFile="package-info.java">
                    com.google.common.html.package-info
                </Class>
            </AbstractClasses>

            <ConcreteClasses>
                <Class sourceFile="HtmlEscapers.java">
                    com.google.common.html.HtmlEscapers
                </Class>
            </ConcreteClasses>

            <DependsUpon>
                <Package>com.google.common.escape</Package>
                <Package>java.lang</Package>
                <Package>javax.annotation</Package>
            </DependsUpon>

            <UsedBy>
            </UsedBy>
        </Package>

        <Package name="com.google.common.io">
            <Stats>
                <TotalClasses>88</TotalClasses>
                <ConcreteClasses>74</ConcreteClasses>
                <AbstractClasses>14</AbstractClasses>
                <Ca>2</Ca>
                <Ce>20</Ce>
                <A>0.16</A>
                <I>0.91</I>
                <D>0.07</D>
                <V>1</V>
            </Stats>

            <AbstractClasses>
                <Class sourceFile="AndroidIncompatible.java">
                    com.google.common.io.AndroidIncompatible
                </Class>
                <Class sourceFile="BaseEncoding.java">
                    com.google.common.io.BaseEncoding
                </Class>
                <Class sourceFile="ByteArrayDataInput.java">
                    com.google.common.io.ByteArrayDataInput
                </Class>
                <Class sourceFile="ByteArrayDataOutput.java">
                    com.google.common.io.ByteArrayDataOutput
                </Class>
                <Class sourceFile="ByteProcessor.java">
                    com.google.common.io.ByteProcessor
                </Class>
                <Class sourceFile="ByteSink.java">
                    com.google.common.io.ByteSink
                </Class>
                <Class sourceFile="ByteSource.java">
                    com.google.common.io.ByteSource
                </Class>
                <Class sourceFile="CharSink.java">
                    com.google.common.io.CharSink
                </Class>
                <Class sourceFile="CharSource.java">
                    com.google.common.io.CharSource
                </Class>
                <Class sourceFile="Closer.java">
                    com.google.common.io.Closer$Suppressor
                </Class>
                <Class sourceFile="Files.java">
                    com.google.common.io.Files$FilePredicate
                </Class>
                <Class sourceFile="LineBuffer.java">
                    com.google.common.io.LineBuffer
                </Class>
                <Class sourceFile="LineProcessor.java">
                    com.google.common.io.LineProcessor
                </Class>
                <Class sourceFile="package-info.java">
                    com.google.common.io.package-info
                </Class>
            </AbstractClasses>

            <ConcreteClasses>
                <Class sourceFile="AppendableWriter.java">
                    com.google.common.io.AppendableWriter
                </Class>
                <Class sourceFile="BaseEncoding.java">
                    com.google.common.io.BaseEncoding$1
                </Class>
                <Class sourceFile="BaseEncoding.java">
                    com.google.common.io.BaseEncoding$2
                </Class>
                <Class sourceFile="BaseEncoding.java">
                    com.google.common.io.BaseEncoding$3
                </Class>
                <Class sourceFile="BaseEncoding.java">
                    com.google.common.io.BaseEncoding$4
                </Class>
                <Class sourceFile="BaseEncoding.java">
                    com.google.common.io.BaseEncoding$5
                </Class>
                <Class sourceFile="BaseEncoding.java">
                    com.google.common.io.BaseEncoding$Alphabet
                </Class>
                <Class sourceFile="BaseEncoding.java">
                    com.google.common.io.BaseEncoding$Base16Encoding
                </Class>
                <Class sourceFile="BaseEncoding.java">
                    com.google.common.io.BaseEncoding$Base64Encoding
                </Class>
                <Class sourceFile="BaseEncoding.java">
                    com.google.common.io.BaseEncoding$DecodingException
                </Class>
                <Class sourceFile="BaseEncoding.java">
                    com.google.common.io.BaseEncoding$SeparatedBaseEncoding
                </Class>
                <Class sourceFile="BaseEncoding.java">
                    com.google.common.io.BaseEncoding$StandardBaseEncoding
                </Class>
                <Class sourceFile="BaseEncoding.java">
                    com.google.common.io.BaseEncoding$StandardBaseEncoding$1
                </Class>
                <Class sourceFile="BaseEncoding.java">
                    com.google.common.io.BaseEncoding$StandardBaseEncoding$2
                </Class>
                <Class sourceFile="ByteSink.java">
                    com.google.common.io.ByteSink$1
                </Class>
                <Class sourceFile="ByteSink.java">
                    com.google.common.io.ByteSink$AsCharSink
                </Class>
                <Class sourceFile="ByteSource.java">
                    com.google.common.io.ByteSource$AsCharSource
                </Class>
                <Class sourceFile="ByteSource.java">
                    com.google.common.io.ByteSource$ByteArrayByteSource
                </Class>
                <Class sourceFile="ByteSource.java">
                    com.google.common.io.ByteSource$ConcatenatedByteSource
                </Class>
                <Class sourceFile="ByteSource.java">
                    com.google.common.io.ByteSource$EmptyByteSource
                </Class>
                <Class sourceFile="ByteSource.java">
                    com.google.common.io.ByteSource$SlicedByteSource
                </Class>
                <Class sourceFile="ByteStreams.java">
                    com.google.common.io.ByteStreams
                </Class>
                <Class sourceFile="ByteStreams.java">
                    com.google.common.io.ByteStreams$1
                </Class>
                <Class sourceFile="ByteStreams.java">
                    com.google.common.io.ByteStreams$ByteArrayDataInputStream
                </Class>
                <Class sourceFile="ByteStreams.java">
                    com.google.common.io.ByteStreams$ByteArrayDataOutputStream
                </Class>
                <Class sourceFile="ByteStreams.java">
                    com.google.common.io.ByteStreams$FastByteArrayOutputStream
                </Class>
                <Class sourceFile="ByteStreams.java">
                    com.google.common.io.ByteStreams$LimitedInputStream
                </Class>
                <Class sourceFile="CharSequenceReader.java">
                    com.google.common.io.CharSequenceReader
                </Class>
                <Class sourceFile="CharSource.java">
                    com.google.common.io.CharSource$AsByteSource
                </Class>
                <Class sourceFile="CharSource.java">
                    com.google.common.io.CharSource$CharSequenceCharSource
                </Class>
                <Class sourceFile="CharSource.java">
                    com.google.common.io.CharSource$CharSequenceCharSource$1
                </Class>
                <Class sourceFile="CharSource.java">
                    com.google.common.io.CharSource$CharSequenceCharSource$1$1
                </Class>
                <Class sourceFile="CharSource.java">
                    com.google.common.io.CharSource$ConcatenatedCharSource
                </Class>
                <Class sourceFile="CharSource.java">
                    com.google.common.io.CharSource$EmptyCharSource
                </Class>
                <Class sourceFile="CharStreams.java">
                    com.google.common.io.CharStreams
                </Class>
                <Class sourceFile="CharStreams.java">
                    com.google.common.io.CharStreams$NullWriter
                </Class>
                <Class sourceFile="Closeables.java">
                    com.google.common.io.Closeables
                </Class>
                <Class sourceFile="Closer.java">
                    com.google.common.io.Closer
                </Class>
                <Class sourceFile="Closer.java">
                    com.google.common.io.Closer$LoggingSuppressor
                </Class>
                <Class sourceFile="Closer.java">
                    com.google.common.io.Closer$SuppressingSuppressor
                </Class>
                <Class sourceFile="CountingInputStream.java">
                    com.google.common.io.CountingInputStream
                </Class>
                <Class sourceFile="CountingOutputStream.java">
                    com.google.common.io.CountingOutputStream
                </Class>
                <Class sourceFile="FileBackedOutputStream.java">
                    com.google.common.io.FileBackedOutputStream
                </Class>
                <Class sourceFile="FileBackedOutputStream.java">
                    com.google.common.io.FileBackedOutputStream$1
                </Class>
                <Class sourceFile="FileBackedOutputStream.java">
                    com.google.common.io.FileBackedOutputStream$2
                </Class>
                <Class sourceFile="FileBackedOutputStream.java">
                    com.google.common.io.FileBackedOutputStream$MemoryOutput
                </Class>
                <Class sourceFile="FileWriteMode.java">
                    com.google.common.io.FileWriteMode
                </Class>
                <Class sourceFile="Files.java">
                    com.google.common.io.Files
                </Class>
                <Class sourceFile="Files.java">
                    com.google.common.io.Files$1
                </Class>
                <Class sourceFile="Files.java">
                    com.google.common.io.Files$2
                </Class>
                <Class sourceFile="Files.java">
                    com.google.common.io.Files$FileByteSink
                </Class>
                <Class sourceFile="Files.java">
                    com.google.common.io.Files$FileByteSource
                </Class>
                <Class sourceFile="Files.java">
                    com.google.common.io.Files$FilePredicate$1
                </Class>
                <Class sourceFile="Files.java">
                    com.google.common.io.Files$FilePredicate$2
                </Class>
                <Class sourceFile="Flushables.java">
                    com.google.common.io.Flushables
                </Class>
                <Class sourceFile="InsecureRecursiveDeleteException.java">
                    com.google.common.io.InsecureRecursiveDeleteException
                </Class>
                <Class sourceFile="LineReader.java">
                    com.google.common.io.LineReader
                </Class>
                <Class sourceFile="LineReader.java">
                    com.google.common.io.LineReader$1
                </Class>
                <Class sourceFile="LittleEndianDataInputStream.java">
                    com.google.common.io.LittleEndianDataInputStream
                </Class>
                <Class sourceFile="LittleEndianDataOutputStream.java">
                    com.google.common.io.LittleEndianDataOutputStream
                </Class>
                <Class sourceFile="MoreFiles.java">
                    com.google.common.io.MoreFiles
                </Class>
                <Class sourceFile="MoreFiles.java">
                    com.google.common.io.MoreFiles$1
                </Class>
                <Class sourceFile="MoreFiles.java">
                    com.google.common.io.MoreFiles$2
                </Class>
                <Class sourceFile="MoreFiles.java">
                    com.google.common.io.MoreFiles$DirectoryTreeTraverser
                </Class>
                <Class sourceFile="MoreFiles.java">
                    com.google.common.io.MoreFiles$PathByteSink
                </Class>
                <Class sourceFile="MoreFiles.java">
                    com.google.common.io.MoreFiles$PathByteSource
                </Class>
                <Class sourceFile="MultiInputStream.java">
                    com.google.common.io.MultiInputStream
                </Class>
                <Class sourceFile="MultiReader.java">
                    com.google.common.io.MultiReader
                </Class>
                <Class sourceFile="PatternFilenameFilter.java">
                    com.google.common.io.PatternFilenameFilter
                </Class>
                <Class sourceFile="ReaderInputStream.java">
                    com.google.common.io.ReaderInputStream
                </Class>
                <Class sourceFile="RecursiveDeleteOption.java">
                    com.google.common.io.RecursiveDeleteOption
                </Class>
                <Class sourceFile="Resources.java">
                    com.google.common.io.Resources
                </Class>
                <Class sourceFile="Resources.java">
                    com.google.common.io.Resources$1
                </Class>
                <Class sourceFile="Resources.java">
                    com.google.common.io.Resources$UrlByteSource
                </Class>
            </ConcreteClasses>

            <DependsUpon>
                <Package>com.google.common.base</Package>
                <Package>com.google.common.collect</Package>
                <Package>com.google.common.hash</Package>
                <Package>com.google.common.math</Package>
                <Package>com.google.common.primitives</Package>
                <Package>java.io</Package>
                <Package>java.lang</Package>
                <Package>java.lang.annotation</Package>
                <Package>java.lang.reflect</Package>
                <Package>java.math</Package>
                <Package>java.net</Package>
                <Package>java.nio</Package>
                <Package>java.nio.channels</Package>
                <Package>java.nio.charset</Package>
                <Package>java.nio.file</Package>
                <Package>java.nio.file.attribute</Package>
                <Package>java.util</Package>
                <Package>java.util.logging</Package>
                <Package>java.util.regex</Package>
                <Package>javax.annotation</Package>
            </DependsUpon>

            <UsedBy>
                <Package>com.google.common.net</Package>
                <Package>com.google.common.reflect</Package>
            </UsedBy>
        </Package>

        <Package name="com.google.common.math">
            <Stats>
                <TotalClasses>29</TotalClasses>
                <ConcreteClasses>26</ConcreteClasses>
                <AbstractClasses>3</AbstractClasses>
                <Ca>5</Ca>
                <Ce>9</Ce>
                <A>0.1</A>
                <I>0.64</I>
                <D>0.25</D>
                <V>1</V>
            </Stats>

            <AbstractClasses>
                <Class sourceFile="LinearTransformation.java">
                    com.google.common.math.LinearTransformation
                </Class>
                <Class sourceFile="LongMath.java">
                    com.google.common.math.LongMath$MillerRabinTester
                </Class>
                <Class sourceFile="package-info.java">
                    com.google.common.math.package-info
                </Class>
            </AbstractClasses>

            <ConcreteClasses>
                <Class sourceFile="BigIntegerMath.java">
                    com.google.common.math.BigIntegerMath
                </Class>
                <Class sourceFile="BigIntegerMath.java">
                    com.google.common.math.BigIntegerMath$1
                </Class>
                <Class sourceFile="DoubleMath.java">
                    com.google.common.math.DoubleMath
                </Class>
                <Class sourceFile="DoubleMath.java">
                    com.google.common.math.DoubleMath$1
                </Class>
                <Class sourceFile="DoubleUtils.java">
                    com.google.common.math.DoubleUtils
                </Class>
                <Class sourceFile="IntMath.java">
                    com.google.common.math.IntMath
                </Class>
                <Class sourceFile="IntMath.java">
                    com.google.common.math.IntMath$1
                </Class>
                <Class sourceFile="LinearTransformation.java">
                    com.google.common.math.LinearTransformation$1
                </Class>
                <Class sourceFile="LinearTransformation.java">
                    com.google.common.math.LinearTransformation$LinearTransformationBuilder
                </Class>
                <Class sourceFile="LinearTransformation.java">
                    com.google.common.math.LinearTransformation$NaNLinearTransformation
                </Class>
                <Class sourceFile="LinearTransformation.java">
                    com.google.common.math.LinearTransformation$RegularLinearTransformation
                </Class>
                <Class sourceFile="LinearTransformation.java">
                    com.google.common.math.LinearTransformation$VerticalLinearTransformation
                </Class>
                <Class sourceFile="LongMath.java">
                    com.google.common.math.LongMath
                </Class>
                <Class sourceFile="LongMath.java">
                    com.google.common.math.LongMath$1
                </Class>
                <Class sourceFile="LongMath.java">
                    com.google.common.math.LongMath$MillerRabinTester$1
                </Class>
                <Class sourceFile="LongMath.java">
                    com.google.common.math.LongMath$MillerRabinTester$2
                </Class>
                <Class sourceFile="MathPreconditions.java">
                    com.google.common.math.MathPreconditions
                </Class>
                <Class sourceFile="PairedStats.java">
                    com.google.common.math.PairedStats
                </Class>
                <Class sourceFile="PairedStatsAccumulator.java">
                    com.google.common.math.PairedStatsAccumulator
                </Class>
                <Class sourceFile="Quantiles.java">
                    com.google.common.math.Quantiles
                </Class>
                <Class sourceFile="Quantiles.java">
                    com.google.common.math.Quantiles$1
                </Class>
                <Class sourceFile="Quantiles.java">
                    com.google.common.math.Quantiles$Scale
                </Class>
                <Class sourceFile="Quantiles.java">
                    com.google.common.math.Quantiles$ScaleAndIndex
                </Class>
                <Class sourceFile="Quantiles.java">
                    com.google.common.math.Quantiles$ScaleAndIndexes
                </Class>
                <Class sourceFile="Stats.java">
                    com.google.common.math.Stats
                </Class>
                <Class sourceFile="StatsAccumulator.java">
                    com.google.common.math.StatsAccumulator
                </Class>
            </ConcreteClasses>

            <DependsUpon>
                <Package>com.google.common.base</Package>
                <Package>com.google.common.primitives</Package>
                <Package>com.google.errorprone.annotations.concurrent</Package>
                <Package>java.io</Package>
                <Package>java.lang</Package>
                <Package>java.math</Package>
                <Package>java.nio</Package>
                <Package>java.util</Package>
                <Package>javax.annotation</Package>
            </DependsUpon>

            <UsedBy>
                <Package>com.google.common.collect</Package>
                <Package>com.google.common.graph</Package>
                <Package>com.google.common.hash</Package>
                <Package>com.google.common.io</Package>
                <Package>com.google.common.util.concurrent</Package>
            </UsedBy>
        </Package>

        <Package name="com.google.common.net">
            <Stats>
                <TotalClasses>13</TotalClasses>
                <ConcreteClasses>12</ConcreteClasses>
                <AbstractClasses>1</AbstractClasses>
                <Ca>0</Ca>
                <Ce>16</Ce>
                <A>0.08</A>
                <I>1</I>
                <D>0.08</D>
                <V>1</V>
            </Stats>

            <AbstractClasses>
                <Class sourceFile="package-info.java">
                    com.google.common.net.package-info
                </Class>
            </AbstractClasses>

            <ConcreteClasses>
                <Class sourceFile="HostAndPort.java">
                    com.google.common.net.HostAndPort
                </Class>
                <Class sourceFile="HostSpecifier.java">
                    com.google.common.net.HostSpecifier
                </Class>
                <Class sourceFile="HttpHeaders.java">
                    com.google.common.net.HttpHeaders
                </Class>
                <Class sourceFile="InetAddresses.java">
                    com.google.common.net.InetAddresses
                </Class>
                <Class sourceFile="InetAddresses.java">
                    com.google.common.net.InetAddresses$TeredoInfo
                </Class>
                <Class sourceFile="InternetDomainName.java">
                    com.google.common.net.InternetDomainName
                </Class>
                <Class sourceFile="MediaType.java">
                    com.google.common.net.MediaType
                </Class>
                <Class sourceFile="MediaType.java">
                    com.google.common.net.MediaType$1
                </Class>
                <Class sourceFile="MediaType.java">
                    com.google.common.net.MediaType$2
                </Class>
                <Class sourceFile="MediaType.java">
                    com.google.common.net.MediaType$Tokenizer
                </Class>
                <Class sourceFile="PercentEscaper.java">
                    com.google.common.net.PercentEscaper
                </Class>
                <Class sourceFile="UrlEscapers.java">
                    com.google.common.net.UrlEscapers
                </Class>
            </ConcreteClasses>

            <DependsUpon>
                <Package>com.google.common.base</Package>
                <Package>com.google.common.collect</Package>
                <Package>com.google.common.escape</Package>
                <Package>com.google.common.hash</Package>
                <Package>com.google.common.io</Package>
                <Package>com.google.common.primitives</Package>
                <Package>com.google.errorprone.annotations.concurrent</Package>
                <Package>com.google.thirdparty.publicsuffix</Package>
                <Package>java.io</Package>
                <Package>java.lang</Package>
                <Package>java.net</Package>
                <Package>java.nio</Package>
                <Package>java.nio.charset</Package>
                <Package>java.text</Package>
                <Package>java.util</Package>
                <Package>javax.annotation</Package>
            </DependsUpon>

            <UsedBy>
            </UsedBy>
        </Package>

        <Package name="com.google.common.primitives">
            <Stats>
                <TotalClasses>45</TotalClasses>
                <ConcreteClasses>44</ConcreteClasses>
                <AbstractClasses>1</AbstractClasses>
                <Ca>9</Ca>
                <Ce>11</Ce>
                <A>0.02</A>
                <I>0.55</I>
                <D>0.43</D>
                <V>1</V>
            </Stats>

            <AbstractClasses>
                <Class sourceFile="package-info.java">
                    com.google.common.primitives.package-info
                </Class>
            </AbstractClasses>

            <ConcreteClasses>
                <Class sourceFile="Booleans.java">
                    com.google.common.primitives.Booleans
                </Class>
                <Class sourceFile="Booleans.java">
                    com.google.common.primitives.Booleans$BooleanArrayAsList
                </Class>
                <Class sourceFile="Booleans.java">
                    com.google.common.primitives.Booleans$BooleanComparator
                </Class>
                <Class sourceFile="Booleans.java">
                    com.google.common.primitives.Booleans$LexicographicalComparator
                </Class>
                <Class sourceFile="Bytes.java">
                    com.google.common.primitives.Bytes
                </Class>
                <Class sourceFile="Bytes.java">
                    com.google.common.primitives.Bytes$ByteArrayAsList
                </Class>
                <Class sourceFile="Chars.java">
                    com.google.common.primitives.Chars
                </Class>
                <Class sourceFile="Chars.java">
                    com.google.common.primitives.Chars$CharArrayAsList
                </Class>
                <Class sourceFile="Chars.java">
                    com.google.common.primitives.Chars$LexicographicalComparator
                </Class>
                <Class sourceFile="Doubles.java">
                    com.google.common.primitives.Doubles
                </Class>
                <Class sourceFile="Doubles.java">
                    com.google.common.primitives.Doubles$DoubleArrayAsList
                </Class>
                <Class sourceFile="Doubles.java">
                    com.google.common.primitives.Doubles$DoubleConverter
                </Class>
                <Class sourceFile="Doubles.java">
                    com.google.common.primitives.Doubles$LexicographicalComparator
                </Class>
                <Class sourceFile="Floats.java">
                    com.google.common.primitives.Floats
                </Class>
                <Class sourceFile="Floats.java">
                    com.google.common.primitives.Floats$FloatArrayAsList
                </Class>
                <Class sourceFile="Floats.java">
                    com.google.common.primitives.Floats$FloatConverter
                </Class>
                <Class sourceFile="Floats.java">
                    com.google.common.primitives.Floats$LexicographicalComparator
                </Class>
                <Class sourceFile="Ints.java">
                    com.google.common.primitives.Ints
                </Class>
                <Class sourceFile="Ints.java">
                    com.google.common.primitives.Ints$IntArrayAsList
                </Class>
                <Class sourceFile="Ints.java">
                    com.google.common.primitives.Ints$IntConverter
                </Class>
                <Class sourceFile="Ints.java">
                    com.google.common.primitives.Ints$LexicographicalComparator
                </Class>
                <Class sourceFile="Longs.java">
                    com.google.common.primitives.Longs
                </Class>
                <Class sourceFile="Longs.java">
                    com.google.common.primitives.Longs$LexicographicalComparator
                </Class>
                <Class sourceFile="Longs.java">
                    com.google.common.primitives.Longs$LongArrayAsList
                </Class>
                <Class sourceFile="Longs.java">
                    com.google.common.primitives.Longs$LongConverter
                </Class>
                <Class sourceFile="ParseRequest.java">
                    com.google.common.primitives.ParseRequest
                </Class>
                <Class sourceFile="Primitives.java">
                    com.google.common.primitives.Primitives
                </Class>
                <Class sourceFile="Shorts.java">
                    com.google.common.primitives.Shorts
                </Class>
                <Class sourceFile="Shorts.java">
                    com.google.common.primitives.Shorts$LexicographicalComparator
                </Class>
                <Class sourceFile="Shorts.java">
                    com.google.common.primitives.Shorts$ShortArrayAsList
                </Class>
                <Class sourceFile="Shorts.java">
                    com.google.common.primitives.Shorts$ShortConverter
                </Class>
                <Class sourceFile="SignedBytes.java">
                    com.google.common.primitives.SignedBytes
                </Class>
                <Class sourceFile="SignedBytes.java">
                    com.google.common.primitives.SignedBytes$LexicographicalComparator
                </Class>
                <Class sourceFile="UnsignedBytes.java">
                    com.google.common.primitives.UnsignedBytes
                </Class>
                <Class sourceFile="UnsignedBytes.java">
                    com.google.common.primitives.UnsignedBytes$LexicographicalComparatorHolder
                </Class>
                <Class sourceFile="UnsignedBytes.java">
                    com.google.common.primitives.UnsignedBytes$LexicographicalComparatorHolder$PureJavaComparator
                </Class>
                <Class sourceFile="UnsignedBytes.java">
                    com.google.common.primitives.UnsignedBytes$LexicographicalComparatorHolder$UnsafeComparator
                </Class>
                <Class sourceFile="UnsignedBytes.java">
                    com.google.common.primitives.UnsignedBytes$LexicographicalComparatorHolder$UnsafeComparator$1
                </Class>
                <Class sourceFile="UnsignedInteger.java">
                    com.google.common.primitives.UnsignedInteger
                </Class>
                <Class sourceFile="UnsignedInts.java">
                    com.google.common.primitives.UnsignedInts
                </Class>
                <Class sourceFile="UnsignedInts.java">
                    com.google.common.primitives.UnsignedInts$LexicographicalComparator
                </Class>
                <Class sourceFile="UnsignedLong.java">
                    com.google.common.primitives.UnsignedLong
                </Class>
                <Class sourceFile="UnsignedLongs.java">
                    com.google.common.primitives.UnsignedLongs
                </Class>
                <Class sourceFile="UnsignedLongs.java">
                    com.google.common.primitives.UnsignedLongs$LexicographicalComparator
                </Class>
            </ConcreteClasses>

            <DependsUpon>
                <Package>com.google.common.base</Package>
                <Package>java.io</Package>
                <Package>java.lang</Package>
                <Package>java.lang.reflect</Package>
                <Package>java.math</Package>
                <Package>java.nio</Package>
                <Package>java.security</Package>
                <Package>java.util</Package>
                <Package>java.util.regex</Package>
                <Package>javax.annotation</Package>
                <Package>sun.misc</Package>
            </DependsUpon>

            <UsedBy>
                <Package>com.google.common.cache</Package>
                <Package>com.google.common.collect</Package>
                <Package>com.google.common.graph</Package>
                <Package>com.google.common.hash</Package>
                <Package>com.google.common.io</Package>
                <Package>com.google.common.math</Package>
                <Package>com.google.common.net</Package>
                <Package>com.google.common.reflect</Package>
                <Package>com.google.common.util.concurrent</Package>
            </UsedBy>
        </Package>

        <Package name="com.google.common.reflect">
            <Stats>
                <TotalClasses>72</TotalClasses>
                <ConcreteClasses>59</ConcreteClasses>
                <AbstractClasses>13</AbstractClasses>
                <Ca>1</Ca>
                <Ce>16</Ce>
                <A>0.18</A>
                <I>0.94</I>
                <D>0.12</D>
                <V>1</V>
            </Stats>

            <AbstractClasses>
                <Class sourceFile="AbstractInvocationHandler.java">
                    com.google.common.reflect.AbstractInvocationHandler
                </Class>
                <Class sourceFile="ClassPath.java">
                    com.google.common.reflect.ClassPath$Scanner
                </Class>
                <Class sourceFile="Invokable.java">
                    com.google.common.reflect.Invokable
                </Class>
                <Class sourceFile="TypeCapture.java">
                    com.google.common.reflect.TypeCapture
                </Class>
                <Class sourceFile="TypeParameter.java">
                    com.google.common.reflect.TypeParameter
                </Class>
                <Class sourceFile="TypeToInstanceMap.java">
                    com.google.common.reflect.TypeToInstanceMap
                </Class>
                <Class sourceFile="TypeToken.java">
                    com.google.common.reflect.TypeToken
                </Class>
                <Class sourceFile="TypeToken.java">
                    com.google.common.reflect.TypeToken$TypeCollector
                </Class>
                <Class sourceFile="TypeToken.java">
                    com.google.common.reflect.TypeToken$TypeFilter
                </Class>
                <Class sourceFile="TypeVisitor.java">
                    com.google.common.reflect.TypeVisitor
                </Class>
                <Class sourceFile="Types.java">
                    com.google.common.reflect.Types$ClassOwnership
                </Class>
                <Class sourceFile="Types.java">
                    com.google.common.reflect.Types$JavaVersion
                </Class>
                <Class sourceFile="package-info.java">
                    com.google.common.reflect.package-info
                </Class>
            </AbstractClasses>

            <ConcreteClasses>
                <Class sourceFile="ClassPath.java">
                    com.google.common.reflect.ClassPath
                </Class>
                <Class sourceFile="ClassPath.java">
                    com.google.common.reflect.ClassPath$1
                </Class>
                <Class sourceFile="ClassPath.java">
                    com.google.common.reflect.ClassPath$ClassInfo
                </Class>
                <Class sourceFile="ClassPath.java">
                    com.google.common.reflect.ClassPath$DefaultScanner
                </Class>
                <Class sourceFile="ClassPath.java">
                    com.google.common.reflect.ClassPath$ResourceInfo
                </Class>
                <Class sourceFile="Element.java">
                    com.google.common.reflect.Element
                </Class>
                <Class sourceFile="ImmutableTypeToInstanceMap.java">
                    com.google.common.reflect.ImmutableTypeToInstanceMap
                </Class>
                <Class sourceFile="ImmutableTypeToInstanceMap.java">
                    com.google.common.reflect.ImmutableTypeToInstanceMap$1
                </Class>
                <Class sourceFile="ImmutableTypeToInstanceMap.java">
                    com.google.common.reflect.ImmutableTypeToInstanceMap$Builder
                </Class>
                <Class sourceFile="Invokable.java">
                    com.google.common.reflect.Invokable$ConstructorInvokable
                </Class>
                <Class sourceFile="Invokable.java">
                    com.google.common.reflect.Invokable$MethodInvokable
                </Class>
                <Class sourceFile="MutableTypeToInstanceMap.java">
                    com.google.common.reflect.MutableTypeToInstanceMap
                </Class>
                <Class sourceFile="MutableTypeToInstanceMap.java">
                    com.google.common.reflect.MutableTypeToInstanceMap$1
                </Class>
                <Class sourceFile="MutableTypeToInstanceMap.java">
                    com.google.common.reflect.MutableTypeToInstanceMap$UnmodifiableEntry
                </Class>
                <Class sourceFile="MutableTypeToInstanceMap.java">
                    com.google.common.reflect.MutableTypeToInstanceMap$UnmodifiableEntry$1
                </Class>
                <Class sourceFile="MutableTypeToInstanceMap.java">
                    com.google.common.reflect.MutableTypeToInstanceMap$UnmodifiableEntry$2
                </Class>
                <Class sourceFile="Parameter.java">
                    com.google.common.reflect.Parameter
                </Class>
                <Class sourceFile="Reflection.java">
                    com.google.common.reflect.Reflection
                </Class>
                <Class sourceFile="TypeResolver.java">
                    com.google.common.reflect.TypeResolver
                </Class>
                <Class sourceFile="TypeResolver.java">
                    com.google.common.reflect.TypeResolver$1
                </Class>
                <Class sourceFile="TypeResolver.java">
                    com.google.common.reflect.TypeResolver$TypeMappingIntrospector
                </Class>
                <Class sourceFile="TypeResolver.java">
                    com.google.common.reflect.TypeResolver$TypeTable
                </Class>
                <Class sourceFile="TypeResolver.java">
                    com.google.common.reflect.TypeResolver$TypeTable$1
                </Class>
                <Class sourceFile="TypeResolver.java">
                    com.google.common.reflect.TypeResolver$TypeVariableKey
                </Class>
                <Class sourceFile="TypeResolver.java">
                    com.google.common.reflect.TypeResolver$WildcardCapturer
                </Class>
                <Class sourceFile="TypeToken.java">
                    com.google.common.reflect.TypeToken$1
                </Class>
                <Class sourceFile="TypeToken.java">
                    com.google.common.reflect.TypeToken$2
                </Class>
                <Class sourceFile="TypeToken.java">
                    com.google.common.reflect.TypeToken$3
                </Class>
                <Class sourceFile="TypeToken.java">
                    com.google.common.reflect.TypeToken$4
                </Class>
                <Class sourceFile="TypeToken.java">
                    com.google.common.reflect.TypeToken$Bounds
                </Class>
                <Class sourceFile="TypeToken.java">
                    com.google.common.reflect.TypeToken$ClassSet
                </Class>
                <Class sourceFile="TypeToken.java">
                    com.google.common.reflect.TypeToken$InterfaceSet
                </Class>
                <Class sourceFile="TypeToken.java">
                    com.google.common.reflect.TypeToken$InterfaceSet$1
                </Class>
                <Class sourceFile="TypeToken.java">
                    com.google.common.reflect.TypeToken$SimpleTypeToken
                </Class>
                <Class sourceFile="TypeToken.java">
                    com.google.common.reflect.TypeToken$TypeCollector$1
                </Class>
                <Class sourceFile="TypeToken.java">
                    com.google.common.reflect.TypeToken$TypeCollector$2
                </Class>
                <Class sourceFile="TypeToken.java">
                    com.google.common.reflect.TypeToken$TypeCollector$3
                </Class>
                <Class sourceFile="TypeToken.java">
                    com.google.common.reflect.TypeToken$TypeCollector$4
                </Class>
                <Class sourceFile="TypeToken.java">
                    com.google.common.reflect.TypeToken$TypeCollector$ForwardingTypeCollector
                </Class>
                <Class sourceFile="TypeToken.java">
                    com.google.common.reflect.TypeToken$TypeFilter$1
                </Class>
                <Class sourceFile="TypeToken.java">
                    com.google.common.reflect.TypeToken$TypeFilter$2
                </Class>
                <Class sourceFile="TypeToken.java">
                    com.google.common.reflect.TypeToken$TypeSet
                </Class>
                <Class sourceFile="Types.java">
                    com.google.common.reflect.Types
                </Class>
                <Class sourceFile="Types.java">
                    com.google.common.reflect.Types$1
                </Class>
                <Class sourceFile="Types.java">
                    com.google.common.reflect.Types$2
                </Class>
                <Class sourceFile="Types.java">
                    com.google.common.reflect.Types$ClassOwnership$1
                </Class>
                <Class sourceFile="Types.java">
                    com.google.common.reflect.Types$ClassOwnership$1LocalClass
                </Class>
                <Class sourceFile="Types.java">
                    com.google.common.reflect.Types$ClassOwnership$2
                </Class>
                <Class sourceFile="Types.java">
                    com.google.common.reflect.Types$ClassOwnership$3
                </Class>
                <Class sourceFile="Types.java">
                    com.google.common.reflect.Types$GenericArrayTypeImpl
                </Class>
                <Class sourceFile="Types.java">
                    com.google.common.reflect.Types$JavaVersion$1
                </Class>
                <Class sourceFile="Types.java">
                    com.google.common.reflect.Types$JavaVersion$2
                </Class>
                <Class sourceFile="Types.java">
                    com.google.common.reflect.Types$JavaVersion$3
                </Class>
                <Class sourceFile="Types.java">
                    com.google.common.reflect.Types$JavaVersion$4
                </Class>
                <Class sourceFile="Types.java">
                    com.google.common.reflect.Types$NativeTypeVariableEquals
                </Class>
                <Class sourceFile="Types.java">
                    com.google.common.reflect.Types$ParameterizedTypeImpl
                </Class>
                <Class sourceFile="Types.java">
                    com.google.common.reflect.Types$TypeVariableImpl
                </Class>
                <Class sourceFile="Types.java">
                    com.google.common.reflect.Types$TypeVariableInvocationHandler
                </Class>
                <Class sourceFile="Types.java">
                    com.google.common.reflect.Types$WildcardTypeImpl
                </Class>
            </ConcreteClasses>

            <DependsUpon>
                <Package>com.google.common.base</Package>
                <Package>com.google.common.collect</Package>
                <Package>com.google.common.io</Package>
                <Package>com.google.common.primitives</Package>
                <Package>java.io</Package>
                <Package>java.lang</Package>
                <Package>java.lang.annotation</Package>
                <Package>java.lang.reflect</Package>
                <Package>java.net</Package>
                <Package>java.nio.charset</Package>
                <Package>java.security</Package>
                <Package>java.util</Package>
                <Package>java.util.concurrent.atomic</Package>
                <Package>java.util.jar</Package>
                <Package>java.util.logging</Package>
                <Package>javax.annotation</Package>
            </DependsUpon>

            <UsedBy>
                <Package>com.google.common.eventbus</Package>
            </UsedBy>
        </Package>

        <Package name="com.google.common.util.concurrent">
            <Stats>
                <TotalClasses>245</TotalClasses>
                <ConcreteClasses>183</ConcreteClasses>
                <AbstractClasses>62</AbstractClasses>
                <Ca>2</Ca>
                <Ce>21</Ce>
                <A>0.25</A>
                <I>0.91</I>
                <D>0.17</D>
                <V>1</V>
            </Stats>

            <AbstractClasses>
                <Class sourceFile="AbstractCatchingFuture.java">
                    com.google.common.util.concurrent.AbstractCatchingFuture
                </Class>
                <Class sourceFile="AbstractCheckedFuture.java">
                    com.google.common.util.concurrent.AbstractCheckedFuture
                </Class>
                <Class sourceFile="AbstractExecutionThreadService.java">
                    com.google.common.util.concurrent.AbstractExecutionThreadService
                </Class>
                <Class sourceFile="AbstractFuture.java">
                    com.google.common.util.concurrent.AbstractFuture
                </Class>
                <Class sourceFile="AbstractFuture.java">
                    com.google.common.util.concurrent.AbstractFuture$AtomicHelper
                </Class>
                <Class sourceFile="AbstractFuture.java">
                    com.google.common.util.concurrent.AbstractFuture$TrustedFuture
                </Class>
                <Class sourceFile="AbstractIdleService.java">
                    com.google.common.util.concurrent.AbstractIdleService
                </Class>
                <Class sourceFile="AbstractListeningExecutorService.java">
                    com.google.common.util.concurrent.AbstractListeningExecutorService
                </Class>
                <Class sourceFile="AbstractScheduledService.java">
                    com.google.common.util.concurrent.AbstractScheduledService
                </Class>
                <Class sourceFile="AbstractScheduledService.java">
                    com.google.common.util.concurrent.AbstractScheduledService$CustomScheduler
                </Class>
                <Class sourceFile="AbstractScheduledService.java">
                    com.google.common.util.concurrent.AbstractScheduledService$Scheduler
                </Class>
                <Class sourceFile="AbstractService.java">
                    com.google.common.util.concurrent.AbstractService
                </Class>
                <Class sourceFile="AbstractTransformFuture.java">
                    com.google.common.util.concurrent.AbstractTransformFuture
                </Class>
                <Class sourceFile="AggregateFuture.java">
                    com.google.common.util.concurrent.AggregateFuture
                </Class>
                <Class sourceFile="AggregateFuture.java">
                    com.google.common.util.concurrent.AggregateFuture$RunningState
                </Class>
                <Class sourceFile="AggregateFutureState.java">
                    com.google.common.util.concurrent.AggregateFutureState
                </Class>
                <Class sourceFile="AggregateFutureState.java">
                    com.google.common.util.concurrent.AggregateFutureState$AtomicHelper
                </Class>
                <Class sourceFile="AsyncCallable.java">
                    com.google.common.util.concurrent.AsyncCallable
                </Class>
                <Class sourceFile="AsyncFunction.java">
                    com.google.common.util.concurrent.AsyncFunction
                </Class>
                <Class sourceFile="CheckedFuture.java">
                    com.google.common.util.concurrent.CheckedFuture
                </Class>
                <Class sourceFile="CollectionFuture.java">
                    com.google.common.util.concurrent.CollectionFuture
                </Class>
                <Class sourceFile="CollectionFuture.java">
                    com.google.common.util.concurrent.CollectionFuture$CollectionFutureRunningState
                </Class>
                <Class sourceFile="CombinedFuture.java">
                    com.google.common.util.concurrent.CombinedFuture$CombinedFutureInterruptibleTask
                </Class>
                <Class sourceFile="CycleDetectingLockFactory.java">
                    com.google.common.util.concurrent.CycleDetectingLockFactory$CycleDetectingLock
                </Class>
                <Class sourceFile="CycleDetectingLockFactory.java">
                    com.google.common.util.concurrent.CycleDetectingLockFactory$Policies
                </Class>
                <Class sourceFile="CycleDetectingLockFactory.java">
                    com.google.common.util.concurrent.CycleDetectingLockFactory$Policy
                </Class>
                <Class sourceFile="ForwardingBlockingDeque.java">
                    com.google.common.util.concurrent.ForwardingBlockingDeque
                </Class>
                <Class sourceFile="ForwardingBlockingQueue.java">
                    com.google.common.util.concurrent.ForwardingBlockingQueue
                </Class>
                <Class sourceFile="ForwardingCheckedFuture.java">
                    com.google.common.util.concurrent.ForwardingCheckedFuture
                </Class>
                <Class sourceFile="ForwardingCheckedFuture.java">
                    com.google.common.util.concurrent.ForwardingCheckedFuture$SimpleForwardingCheckedFuture
                </Class>
                <Class sourceFile="ForwardingExecutorService.java">
                    com.google.common.util.concurrent.ForwardingExecutorService
                </Class>
                <Class sourceFile="ForwardingFuture.java">
                    com.google.common.util.concurrent.ForwardingFuture
                </Class>
                <Class sourceFile="ForwardingFuture.java">
                    com.google.common.util.concurrent.ForwardingFuture$SimpleForwardingFuture
                </Class>
                <Class sourceFile="ForwardingListenableFuture.java">
                    com.google.common.util.concurrent.ForwardingListenableFuture
                </Class>
                <Class sourceFile="ForwardingListenableFuture.java">
                    com.google.common.util.concurrent.ForwardingListenableFuture$SimpleForwardingListenableFuture
                </Class>
                <Class sourceFile="ForwardingListeningExecutorService.java">
                    com.google.common.util.concurrent.ForwardingListeningExecutorService
                </Class>
                <Class sourceFile="FutureCallback.java">
                    com.google.common.util.concurrent.FutureCallback
                </Class>
                <Class sourceFile="FuturesGetChecked.java">
                    com.google.common.util.concurrent.FuturesGetChecked$GetCheckedTypeValidator
                </Class>
                <Class sourceFile="GwtFuturesCatchingSpecialization.java">
                    com.google.common.util.concurrent.GwtFuturesCatchingSpecialization
                </Class>
                <Class sourceFile="ImmediateFuture.java">
                    com.google.common.util.concurrent.ImmediateFuture
                </Class>
                <Class sourceFile="InterruptibleTask.java">
                    com.google.common.util.concurrent.InterruptibleTask
                </Class>
                <Class sourceFile="InterruptibleTask.java">
                    com.google.common.util.concurrent.InterruptibleTask$AtomicHelper
                </Class>
                <Class sourceFile="ListenableFuture.java">
                    com.google.common.util.concurrent.ListenableFuture
                </Class>
                <Class sourceFile="ListenableScheduledFuture.java">
                    com.google.common.util.concurrent.ListenableScheduledFuture
                </Class>
                <Class sourceFile="ListenerCallQueue.java">
                    com.google.common.util.concurrent.ListenerCallQueue$Callback
                </Class>
                <Class sourceFile="ListeningExecutorService.java">
                    com.google.common.util.concurrent.ListeningExecutorService
                </Class>
                <Class sourceFile="ListeningScheduledExecutorService.java">
                    com.google.common.util.concurrent.ListeningScheduledExecutorService
                </Class>
                <Class sourceFile="Monitor.java">
                    com.google.common.util.concurrent.Monitor$Guard
                </Class>
                <Class sourceFile="Partially.java">
                    com.google.common.util.concurrent.Partially$GwtIncompatible
                </Class>
                <Class sourceFile="RateLimiter.java">
                    com.google.common.util.concurrent.RateLimiter
                </Class>
                <Class sourceFile="RateLimiter.java">
                    com.google.common.util.concurrent.RateLimiter$SleepingStopwatch
                </Class>
                <Class sourceFile="Service.java">
                    com.google.common.util.concurrent.Service
                </Class>
                <Class sourceFile="Service.java">
                    com.google.common.util.concurrent.Service$Listener
                </Class>
                <Class sourceFile="Service.java">
                    com.google.common.util.concurrent.Service$State
                </Class>
                <Class sourceFile="ServiceManager.java">
                    com.google.common.util.concurrent.ServiceManager$Listener
                </Class>
                <Class sourceFile="SmoothRateLimiter.java">
                    com.google.common.util.concurrent.SmoothRateLimiter
                </Class>
                <Class sourceFile="Striped.java">
                    com.google.common.util.concurrent.Striped
                </Class>
                <Class sourceFile="Striped.java">
                    com.google.common.util.concurrent.Striped$PowerOfTwoStriped
                </Class>
                <Class sourceFile="TimeLimiter.java">
                    com.google.common.util.concurrent.TimeLimiter
                </Class>
                <Class sourceFile="WrappingExecutorService.java">
                    com.google.common.util.concurrent.WrappingExecutorService
                </Class>
                <Class sourceFile="WrappingScheduledExecutorService.java">
                    com.google.common.util.concurrent.WrappingScheduledExecutorService
                </Class>
                <Class sourceFile="package-info.java">
                    com.google.common.util.concurrent.package-info
                </Class>
            </AbstractClasses>

            <ConcreteClasses>
                <Class sourceFile="AbstractCatchingFuture.java">
                    com.google.common.util.concurrent.AbstractCatchingFuture$AsyncCatchingFuture
                </Class>
                <Class sourceFile="AbstractCatchingFuture.java">
                    com.google.common.util.concurrent.AbstractCatchingFuture$CatchingFuture
                </Class>
                <Class sourceFile="AbstractExecutionThreadService.java">
                    com.google.common.util.concurrent.AbstractExecutionThreadService$1
                </Class>
                <Class sourceFile="AbstractExecutionThreadService.java">
                    com.google.common.util.concurrent.AbstractExecutionThreadService$1$1
                </Class>
                <Class sourceFile="AbstractExecutionThreadService.java">
                    com.google.common.util.concurrent.AbstractExecutionThreadService$1$2
                </Class>
                <Class sourceFile="AbstractExecutionThreadService.java">
                    com.google.common.util.concurrent.AbstractExecutionThreadService$2
                </Class>
                <Class sourceFile="AbstractFuture.java">
                    com.google.common.util.concurrent.AbstractFuture$1
                </Class>
                <Class sourceFile="AbstractFuture.java">
                    com.google.common.util.concurrent.AbstractFuture$Cancellation
                </Class>
                <Class sourceFile="AbstractFuture.java">
                    com.google.common.util.concurrent.AbstractFuture$Failure
                </Class>
                <Class sourceFile="AbstractFuture.java">
                    com.google.common.util.concurrent.AbstractFuture$Failure$1
                </Class>
                <Class sourceFile="AbstractFuture.java">
                    com.google.common.util.concurrent.AbstractFuture$Listener
                </Class>
                <Class sourceFile="AbstractFuture.java">
                    com.google.common.util.concurrent.AbstractFuture$SafeAtomicHelper
                </Class>
                <Class sourceFile="AbstractFuture.java">
                    com.google.common.util.concurrent.AbstractFuture$SetFuture
                </Class>
                <Class sourceFile="AbstractFuture.java">
                    com.google.common.util.concurrent.AbstractFuture$SynchronizedHelper
                </Class>
                <Class sourceFile="AbstractFuture.java">
                    com.google.common.util.concurrent.AbstractFuture$UnsafeAtomicHelper
                </Class>
                <Class sourceFile="AbstractFuture.java">
                    com.google.common.util.concurrent.AbstractFuture$UnsafeAtomicHelper$1
                </Class>
                <Class sourceFile="AbstractFuture.java">
                    com.google.common.util.concurrent.AbstractFuture$Waiter
                </Class>
                <Class sourceFile="AbstractIdleService.java">
                    com.google.common.util.concurrent.AbstractIdleService$1
                </Class>
                <Class sourceFile="AbstractIdleService.java">
                    com.google.common.util.concurrent.AbstractIdleService$DelegateService
                </Class>
                <Class sourceFile="AbstractIdleService.java">
                    com.google.common.util.concurrent.AbstractIdleService$DelegateService$1
                </Class>
                <Class sourceFile="AbstractIdleService.java">
                    com.google.common.util.concurrent.AbstractIdleService$DelegateService$2
                </Class>
                <Class sourceFile="AbstractIdleService.java">
                    com.google.common.util.concurrent.AbstractIdleService$ThreadNameSupplier
                </Class>
                <Class sourceFile="AbstractScheduledService.java">
                    com.google.common.util.concurrent.AbstractScheduledService$1
                </Class>
                <Class sourceFile="AbstractScheduledService.java">
                    com.google.common.util.concurrent.AbstractScheduledService$1ThreadFactoryImpl
                </Class>
                <Class sourceFile="AbstractScheduledService.java">
                    com.google.common.util.concurrent.AbstractScheduledService$CustomScheduler$ReschedulableCallable
                </Class>
                <Class sourceFile="AbstractScheduledService.java">
                    com.google.common.util.concurrent.AbstractScheduledService$CustomScheduler$Schedule
                </Class>
                <Class sourceFile="AbstractScheduledService.java">
                    com.google.common.util.concurrent.AbstractScheduledService$Scheduler$1
                </Class>
                <Class sourceFile="AbstractScheduledService.java">
                    com.google.common.util.concurrent.AbstractScheduledService$Scheduler$2
                </Class>
                <Class sourceFile="AbstractScheduledService.java">
                    com.google.common.util.concurrent.AbstractScheduledService$ServiceDelegate
                </Class>
                <Class sourceFile="AbstractScheduledService.java">
                    com.google.common.util.concurrent.AbstractScheduledService$ServiceDelegate$1
                </Class>
                <Class sourceFile="AbstractScheduledService.java">
                    com.google.common.util.concurrent.AbstractScheduledService$ServiceDelegate$2
                </Class>
                <Class sourceFile="AbstractScheduledService.java">
                    com.google.common.util.concurrent.AbstractScheduledService$ServiceDelegate$3
                </Class>
                <Class sourceFile="AbstractScheduledService.java">
                    com.google.common.util.concurrent.AbstractScheduledService$ServiceDelegate$Task
                </Class>
                <Class sourceFile="AbstractService.java">
                    com.google.common.util.concurrent.AbstractService$1
                </Class>
                <Class sourceFile="AbstractService.java">
                    com.google.common.util.concurrent.AbstractService$2
                </Class>
                <Class sourceFile="AbstractService.java">
                    com.google.common.util.concurrent.AbstractService$3
                </Class>
                <Class sourceFile="AbstractService.java">
                    com.google.common.util.concurrent.AbstractService$4
                </Class>
                <Class sourceFile="AbstractService.java">
                    com.google.common.util.concurrent.AbstractService$5
                </Class>
                <Class sourceFile="AbstractService.java">
                    com.google.common.util.concurrent.AbstractService$6
                </Class>
                <Class sourceFile="AbstractService.java">
                    com.google.common.util.concurrent.AbstractService$HasReachedRunningGuard
                </Class>
                <Class sourceFile="AbstractService.java">
                    com.google.common.util.concurrent.AbstractService$IsStartableGuard
                </Class>
                <Class sourceFile="AbstractService.java">
                    com.google.common.util.concurrent.AbstractService$IsStoppableGuard
                </Class>
                <Class sourceFile="AbstractService.java">
                    com.google.common.util.concurrent.AbstractService$IsStoppedGuard
                </Class>
                <Class sourceFile="AbstractService.java">
                    com.google.common.util.concurrent.AbstractService$StateSnapshot
                </Class>
                <Class sourceFile="AbstractTransformFuture.java">
                    com.google.common.util.concurrent.AbstractTransformFuture$AsyncTransformFuture
                </Class>
                <Class sourceFile="AbstractTransformFuture.java">
                    com.google.common.util.concurrent.AbstractTransformFuture$TransformFuture
                </Class>
                <Class sourceFile="AggregateFuture.java">
                    com.google.common.util.concurrent.AggregateFuture$RunningState$1
                </Class>
                <Class sourceFile="AggregateFutureState.java">
                    com.google.common.util.concurrent.AggregateFutureState$1
                </Class>
                <Class sourceFile="AggregateFutureState.java">
                    com.google.common.util.concurrent.AggregateFutureState$SafeAtomicHelper
                </Class>
                <Class sourceFile="AggregateFutureState.java">
                    com.google.common.util.concurrent.AggregateFutureState$SynchronizedAtomicHelper
                </Class>
                <Class sourceFile="AtomicDouble.java">
                    com.google.common.util.concurrent.AtomicDouble
                </Class>
                <Class sourceFile="AtomicDoubleArray.java">
                    com.google.common.util.concurrent.AtomicDoubleArray
                </Class>
                <Class sourceFile="AtomicLongMap.java">
                    com.google.common.util.concurrent.AtomicLongMap
                </Class>
                <Class sourceFile="Atomics.java">
                    com.google.common.util.concurrent.Atomics
                </Class>
                <Class sourceFile="Callables.java">
                    com.google.common.util.concurrent.Callables
                </Class>
                <Class sourceFile="Callables.java">
                    com.google.common.util.concurrent.Callables$1
                </Class>
                <Class sourceFile="Callables.java">
                    com.google.common.util.concurrent.Callables$2
                </Class>
                <Class sourceFile="Callables.java">
                    com.google.common.util.concurrent.Callables$3
                </Class>
                <Class sourceFile="Callables.java">
                    com.google.common.util.concurrent.Callables$4
                </Class>
                <Class sourceFile="CollectionFuture.java">
                    com.google.common.util.concurrent.CollectionFuture$ListFuture
                </Class>
                <Class sourceFile="CollectionFuture.java">
                    com.google.common.util.concurrent.CollectionFuture$ListFuture$ListFutureRunningState
                </Class>
                <Class sourceFile="CombinedFuture.java">
                    com.google.common.util.concurrent.CombinedFuture
                </Class>
                <Class sourceFile="CombinedFuture.java">
                    com.google.common.util.concurrent.CombinedFuture$AsyncCallableInterruptibleTask
                </Class>
                <Class sourceFile="CombinedFuture.java">
                    com.google.common.util.concurrent.CombinedFuture$CallableInterruptibleTask
                </Class>
                <Class sourceFile="CombinedFuture.java">
                    com.google.common.util.concurrent.CombinedFuture$CombinedFutureRunningState
                </Class>
                <Class sourceFile="CycleDetectingLockFactory.java">
                    com.google.common.util.concurrent.CycleDetectingLockFactory
                </Class>
                <Class sourceFile="CycleDetectingLockFactory.java">
                    com.google.common.util.concurrent.CycleDetectingLockFactory$1
                </Class>
                <Class sourceFile="CycleDetectingLockFactory.java">
                    com.google.common.util.concurrent.CycleDetectingLockFactory$CycleDetectingReentrantLock
                </Class>
                <Class sourceFile="CycleDetectingLockFactory.java">
                    com.google.common.util.concurrent.CycleDetectingLockFactory$CycleDetectingReentrantReadLock
                </Class>
                <Class sourceFile="CycleDetectingLockFactory.java">
                    com.google.common.util.concurrent.CycleDetectingLockFactory$CycleDetectingReentrantReadWriteLock
                </Class>
                <Class sourceFile="CycleDetectingLockFactory.java">
                    com.google.common.util.concurrent.CycleDetectingLockFactory$CycleDetectingReentrantWriteLock
                </Class>
                <Class sourceFile="CycleDetectingLockFactory.java">
                    com.google.common.util.concurrent.CycleDetectingLockFactory$ExampleStackTrace
                </Class>
                <Class sourceFile="CycleDetectingLockFactory.java">
                    com.google.common.util.concurrent.CycleDetectingLockFactory$LockGraphNode
                </Class>
                <Class sourceFile="CycleDetectingLockFactory.java">
                    com.google.common.util.concurrent.CycleDetectingLockFactory$Policies$1
                </Class>
                <Class sourceFile="CycleDetectingLockFactory.java">
                    com.google.common.util.concurrent.CycleDetectingLockFactory$Policies$2
                </Class>
                <Class sourceFile="CycleDetectingLockFactory.java">
                    com.google.common.util.concurrent.CycleDetectingLockFactory$Policies$3
                </Class>
                <Class sourceFile="CycleDetectingLockFactory.java">
                    com.google.common.util.concurrent.CycleDetectingLockFactory$PotentialDeadlockException
                </Class>
                <Class sourceFile="CycleDetectingLockFactory.java">
                    com.google.common.util.concurrent.CycleDetectingLockFactory$WithExplicitOrdering
                </Class>
                <Class sourceFile="ExecutionError.java">
                    com.google.common.util.concurrent.ExecutionError
                </Class>
                <Class sourceFile="ExecutionList.java">
                    com.google.common.util.concurrent.ExecutionList
                </Class>
                <Class sourceFile="ExecutionList.java">
                    com.google.common.util.concurrent.ExecutionList$RunnableExecutorPair
                </Class>
                <Class sourceFile="FakeTimeLimiter.java">
                    com.google.common.util.concurrent.FakeTimeLimiter
                </Class>
                <Class sourceFile="Futures.java">
                    com.google.common.util.concurrent.Futures
                </Class>
                <Class sourceFile="Futures.java">
                    com.google.common.util.concurrent.Futures$1
                </Class>
                <Class sourceFile="Futures.java">
                    com.google.common.util.concurrent.Futures$2
                </Class>
                <Class sourceFile="Futures.java">
                    com.google.common.util.concurrent.Futures$3
                </Class>
                <Class sourceFile="Futures.java">
                    com.google.common.util.concurrent.Futures$4
                </Class>
                <Class sourceFile="Futures.java">
                    com.google.common.util.concurrent.Futures$FutureCombiner
                </Class>
                <Class sourceFile="Futures.java">
                    com.google.common.util.concurrent.Futures$MappingCheckedFuture
                </Class>
                <Class sourceFile="Futures.java">
                    com.google.common.util.concurrent.Futures$NonCancellationPropagatingFuture
                </Class>
                <Class sourceFile="Futures.java">
                    com.google.common.util.concurrent.Futures$NonCancellationPropagatingFuture$1
                </Class>
                <Class sourceFile="FuturesGetChecked.java">
                    com.google.common.util.concurrent.FuturesGetChecked
                </Class>
                <Class sourceFile="FuturesGetChecked.java">
                    com.google.common.util.concurrent.FuturesGetChecked$1
                </Class>
                <Class sourceFile="FuturesGetChecked.java">
                    com.google.common.util.concurrent.FuturesGetChecked$GetCheckedTypeValidatorHolder
                </Class>
                <Class sourceFile="FuturesGetChecked.java">
                    com.google.common.util.concurrent.FuturesGetChecked$GetCheckedTypeValidatorHolder$ClassValueValidator
                </Class>
                <Class sourceFile="FuturesGetChecked.java">
                    com.google.common.util.concurrent.FuturesGetChecked$GetCheckedTypeValidatorHolder$ClassValueValidator$1
                </Class>
                <Class sourceFile="FuturesGetChecked.java">
                    com.google.common.util.concurrent.FuturesGetChecked$GetCheckedTypeValidatorHolder$WeakSetValidator
                </Class>
                <Class sourceFile="ImmediateFuture.java">
                    com.google.common.util.concurrent.ImmediateFuture$ImmediateCancelledFuture
                </Class>
                <Class sourceFile="ImmediateFuture.java">
                    com.google.common.util.concurrent.ImmediateFuture$ImmediateFailedCheckedFuture
                </Class>
                <Class sourceFile="ImmediateFuture.java">
                    com.google.common.util.concurrent.ImmediateFuture$ImmediateFailedFuture
                </Class>
                <Class sourceFile="ImmediateFuture.java">
                    com.google.common.util.concurrent.ImmediateFuture$ImmediateSuccessfulCheckedFuture
                </Class>
                <Class sourceFile="ImmediateFuture.java">
                    com.google.common.util.concurrent.ImmediateFuture$ImmediateSuccessfulFuture
                </Class>
                <Class sourceFile="InterruptibleTask.java">
                    com.google.common.util.concurrent.InterruptibleTask$1
                </Class>
                <Class sourceFile="InterruptibleTask.java">
                    com.google.common.util.concurrent.InterruptibleTask$SafeAtomicHelper
                </Class>
                <Class sourceFile="InterruptibleTask.java">
                    com.google.common.util.concurrent.InterruptibleTask$SynchronizedAtomicHelper
                </Class>
                <Class sourceFile="JdkFutureAdapters.java">
                    com.google.common.util.concurrent.JdkFutureAdapters
                </Class>
                <Class sourceFile="JdkFutureAdapters.java">
                    com.google.common.util.concurrent.JdkFutureAdapters$ListenableFutureAdapter
                </Class>
                <Class sourceFile="JdkFutureAdapters.java">
                    com.google.common.util.concurrent.JdkFutureAdapters$ListenableFutureAdapter$1
                </Class>
                <Class sourceFile="ListenableFutureTask.java">
                    com.google.common.util.concurrent.ListenableFutureTask
                </Class>
                <Class sourceFile="ListenerCallQueue.java">
                    com.google.common.util.concurrent.ListenerCallQueue
                </Class>
                <Class sourceFile="Monitor.java">
                    com.google.common.util.concurrent.Monitor
                </Class>
                <Class sourceFile="Monitor.java">
                    com.google.common.util.concurrent.Monitor$1
                </Class>
                <Class sourceFile="MoreExecutors.java">
                    com.google.common.util.concurrent.MoreExecutors
                </Class>
                <Class sourceFile="MoreExecutors.java">
                    com.google.common.util.concurrent.MoreExecutors$1
                </Class>
                <Class sourceFile="MoreExecutors.java">
                    com.google.common.util.concurrent.MoreExecutors$2
                </Class>
                <Class sourceFile="MoreExecutors.java">
                    com.google.common.util.concurrent.MoreExecutors$3
                </Class>
                <Class sourceFile="MoreExecutors.java">
                    com.google.common.util.concurrent.MoreExecutors$4
                </Class>
                <Class sourceFile="MoreExecutors.java">
                    com.google.common.util.concurrent.MoreExecutors$5
                </Class>
                <Class sourceFile="MoreExecutors.java">
                    com.google.common.util.concurrent.MoreExecutors$5$1
                </Class>
                <Class sourceFile="MoreExecutors.java">
                    com.google.common.util.concurrent.MoreExecutors$Application
                </Class>
                <Class sourceFile="MoreExecutors.java">
                    com.google.common.util.concurrent.MoreExecutors$Application$1
                </Class>
                <Class sourceFile="MoreExecutors.java">
                    com.google.common.util.concurrent.MoreExecutors$DirectExecutor
                </Class>
                <Class sourceFile="MoreExecutors.java">
                    com.google.common.util.concurrent.MoreExecutors$DirectExecutorService
                </Class>
                <Class sourceFile="MoreExecutors.java">
                    com.google.common.util.concurrent.MoreExecutors$ListeningDecorator
                </Class>
                <Class sourceFile="MoreExecutors.java">
                    com.google.common.util.concurrent.MoreExecutors$ScheduledListeningDecorator
                </Class>
                <Class sourceFile="MoreExecutors.java">
                    com.google.common.util.concurrent.MoreExecutors$ScheduledListeningDecorator$ListenableScheduledTask
                </Class>
                <Class sourceFile="MoreExecutors.java">
                    com.google.common.util.concurrent.MoreExecutors$ScheduledListeningDecorator$NeverSuccessfulListenableFutureTask
                </Class>
                <Class sourceFile="Partially.java">
                    com.google.common.util.concurrent.Partially
                </Class>
                <Class sourceFile="Platform.java">
                    com.google.common.util.concurrent.Platform
                </Class>
                <Class sourceFile="RateLimiter.java">
                    com.google.common.util.concurrent.RateLimiter$SleepingStopwatch$1
                </Class>
                <Class sourceFile="Runnables.java">
                    com.google.common.util.concurrent.Runnables
                </Class>
                <Class sourceFile="Runnables.java">
                    com.google.common.util.concurrent.Runnables$1
                </Class>
                <Class sourceFile="SerializingExecutor.java">
                    com.google.common.util.concurrent.SerializingExecutor
                </Class>
                <Class sourceFile="SerializingExecutor.java">
                    com.google.common.util.concurrent.SerializingExecutor$1
                </Class>
                <Class sourceFile="SerializingExecutor.java">
                    com.google.common.util.concurrent.SerializingExecutor$QueueWorker
                </Class>
                <Class sourceFile="Service.java">
                    com.google.common.util.concurrent.Service$1
                </Class>
                <Class sourceFile="Service.java">
                    com.google.common.util.concurrent.Service$State$1
                </Class>
                <Class sourceFile="Service.java">
                    com.google.common.util.concurrent.Service$State$2
                </Class>
                <Class sourceFile="Service.java">
                    com.google.common.util.concurrent.Service$State$3
                </Class>
                <Class sourceFile="Service.java">
                    com.google.common.util.concurrent.Service$State$4
                </Class>
                <Class sourceFile="Service.java">
                    com.google.common.util.concurrent.Service$State$5
                </Class>
                <Class sourceFile="Service.java">
                    com.google.common.util.concurrent.Service$State$6
                </Class>
                <Class sourceFile="ServiceManager.java">
                    com.google.common.util.concurrent.ServiceManager
                </Class>
                <Class sourceFile="ServiceManager.java">
                    com.google.common.util.concurrent.ServiceManager$1
                </Class>
                <Class sourceFile="ServiceManager.java">
                    com.google.common.util.concurrent.ServiceManager$2
                </Class>
                <Class sourceFile="ServiceManager.java">
                    com.google.common.util.concurrent.ServiceManager$EmptyServiceManagerWarning
                </Class>
                <Class sourceFile="ServiceManager.java">
                    com.google.common.util.concurrent.ServiceManager$NoOpService
                </Class>
                <Class sourceFile="ServiceManager.java">
                    com.google.common.util.concurrent.ServiceManager$ServiceListener
                </Class>
                <Class sourceFile="ServiceManager.java">
                    com.google.common.util.concurrent.ServiceManager$ServiceManagerState
                </Class>
                <Class sourceFile="ServiceManager.java">
                    com.google.common.util.concurrent.ServiceManager$ServiceManagerState$1
                </Class>
                <Class sourceFile="ServiceManager.java">
                    com.google.common.util.concurrent.ServiceManager$ServiceManagerState$2
                </Class>
                <Class sourceFile="ServiceManager.java">
                    com.google.common.util.concurrent.ServiceManager$ServiceManagerState$AwaitHealthGuard
                </Class>
                <Class sourceFile="ServiceManager.java">
                    com.google.common.util.concurrent.ServiceManager$ServiceManagerState$StoppedGuard
                </Class>
                <Class sourceFile="SettableFuture.java">
                    com.google.common.util.concurrent.SettableFuture
                </Class>
                <Class sourceFile="SimpleTimeLimiter.java">
                    com.google.common.util.concurrent.SimpleTimeLimiter
                </Class>
                <Class sourceFile="SimpleTimeLimiter.java">
                    com.google.common.util.concurrent.SimpleTimeLimiter$1
                </Class>
                <Class sourceFile="SimpleTimeLimiter.java">
                    com.google.common.util.concurrent.SimpleTimeLimiter$1$1
                </Class>
                <Class sourceFile="SmoothRateLimiter.java">
                    com.google.common.util.concurrent.SmoothRateLimiter$1
                </Class>
                <Class sourceFile="SmoothRateLimiter.java">
                    com.google.common.util.concurrent.SmoothRateLimiter$SmoothBursty
                </Class>
                <Class sourceFile="SmoothRateLimiter.java">
                    com.google.common.util.concurrent.SmoothRateLimiter$SmoothWarmingUp
                </Class>
                <Class sourceFile="Striped.java">
                    com.google.common.util.concurrent.Striped$1
                </Class>
                <Class sourceFile="Striped.java">
                    com.google.common.util.concurrent.Striped$2
                </Class>
                <Class sourceFile="Striped.java">
                    com.google.common.util.concurrent.Striped$3
                </Class>
                <Class sourceFile="Striped.java">
                    com.google.common.util.concurrent.Striped$4
                </Class>
                <Class sourceFile="Striped.java">
                    com.google.common.util.concurrent.Striped$5
                </Class>
                <Class sourceFile="Striped.java">
                    com.google.common.util.concurrent.Striped$CompactStriped
                </Class>
                <Class sourceFile="Striped.java">
                    com.google.common.util.concurrent.Striped$LargeLazyStriped
                </Class>
                <Class sourceFile="Striped.java">
                    com.google.common.util.concurrent.Striped$PaddedLock
                </Class>
                <Class sourceFile="Striped.java">
                    com.google.common.util.concurrent.Striped$PaddedSemaphore
                </Class>
                <Class sourceFile="Striped.java">
                    com.google.common.util.concurrent.Striped$SmallLazyStriped
                </Class>
                <Class sourceFile="Striped.java">
                    com.google.common.util.concurrent.Striped$SmallLazyStriped$ArrayReference
                </Class>
                <Class sourceFile="ThreadFactoryBuilder.java">
                    com.google.common.util.concurrent.ThreadFactoryBuilder
                </Class>
                <Class sourceFile="ThreadFactoryBuilder.java">
                    com.google.common.util.concurrent.ThreadFactoryBuilder$1
                </Class>
                <Class sourceFile="TimeoutFuture.java">
                    com.google.common.util.concurrent.TimeoutFuture
                </Class>
                <Class sourceFile="TimeoutFuture.java">
                    com.google.common.util.concurrent.TimeoutFuture$Fire
                </Class>
                <Class sourceFile="TrustedListenableFutureTask.java">
                    com.google.common.util.concurrent.TrustedListenableFutureTask
                </Class>
                <Class sourceFile="TrustedListenableFutureTask.java">
                    com.google.common.util.concurrent.TrustedListenableFutureTask$TrustedFutureInterruptibleTask
                </Class>
                <Class sourceFile="UncaughtExceptionHandlers.java">
                    com.google.common.util.concurrent.UncaughtExceptionHandlers
                </Class>
                <Class sourceFile="UncaughtExceptionHandlers.java">
                    com.google.common.util.concurrent.UncaughtExceptionHandlers$Exiter
                </Class>
                <Class sourceFile="UncheckedExecutionException.java">
                    com.google.common.util.concurrent.UncheckedExecutionException
                </Class>
                <Class sourceFile="UncheckedTimeoutException.java">
                    com.google.common.util.concurrent.UncheckedTimeoutException
                </Class>
                <Class sourceFile="Uninterruptibles.java">
                    com.google.common.util.concurrent.Uninterruptibles
                </Class>
                <Class sourceFile="WrappingExecutorService.java">
                    com.google.common.util.concurrent.WrappingExecutorService$1
                </Class>
            </ConcreteClasses>

            <DependsUpon>
                <Package>com.google.common.base</Package>
                <Package>com.google.common.collect</Package>
                <Package>com.google.common.math</Package>
                <Package>com.google.common.primitives</Package>
                <Package>java.io</Package>
                <Package>java.lang</Package>
                <Package>java.lang.annotation</Package>
                <Package>java.lang.invoke</Package>
                <Package>java.lang.ref</Package>
                <Package>java.lang.reflect</Package>
                <Package>java.math</Package>
                <Package>java.security</Package>
                <Package>java.util</Package>
                <Package>java.util.concurrent</Package>
                <Package>java.util.concurrent.atomic</Package>
                <Package>java.util.concurrent.locks</Package>
                <Package>java.util.function</Package>
                <Package>java.util.logging</Package>
                <Package>java.util.stream</Package>
                <Package>javax.annotation</Package>
                <Package>sun.misc</Package>
            </DependsUpon>

            <UsedBy>
                <Package>com.google.common.cache</Package>
                <Package>com.google.common.eventbus</Package>
            </UsedBy>
        </Package>

        <Package name="com.google.common.xml">
            <Stats>
                <TotalClasses>2</TotalClasses>
                <ConcreteClasses>1</ConcreteClasses>
                <AbstractClasses>1</AbstractClasses>
                <Ca>0</Ca>
                <Ce>3</Ce>
                <A>0.5</A>
                <I>1</I>
                <D>0.5</D>
                <V>1</V>
            </Stats>

            <AbstractClasses>
                <Class sourceFile="package-info.java">
                    com.google.common.xml.package-info
                </Class>
            </AbstractClasses>

            <ConcreteClasses>
                <Class sourceFile="XmlEscapers.java">
                    com.google.common.xml.XmlEscapers
                </Class>
            </ConcreteClasses>

            <DependsUpon>
                <Package>com.google.common.escape</Package>
                <Package>java.lang</Package>
                <Package>javax.annotation</Package>
            </DependsUpon>

            <UsedBy>
            </UsedBy>
        </Package>

        <Package name="com.google.errorprone.annotations.concurrent">
            <error>No stats available: package referenced, but not analyzed.</error>
        </Package>

        <Package name="com.google.gson">
            <Stats>
                <TotalClasses>39</TotalClasses>
                <ConcreteClasses>27</ConcreteClasses>
                <AbstractClasses>12</AbstractClasses>
                <Ca>2</Ca>
                <Ce>15</Ce>
                <A>0.31</A>
                <I>0.88</I>
                <D>0.19</D>
                <V>1</V>
            </Stats>

            <AbstractClasses>
                <Class sourceFile="ExclusionStrategy.java">
                    com.google.gson.ExclusionStrategy
                </Class>
                <Class sourceFile="FieldNamingPolicy.java">
                    com.google.gson.FieldNamingPolicy
                </Class>
                <Class sourceFile="FieldNamingStrategy.java">
                    com.google.gson.FieldNamingStrategy
                </Class>
                <Class sourceFile="InstanceCreator.java">
                    com.google.gson.InstanceCreator
                </Class>
                <Class sourceFile="JsonDeserializationContext.java">
                    com.google.gson.JsonDeserializationContext
                </Class>
                <Class sourceFile="JsonDeserializer.java">
                    com.google.gson.JsonDeserializer
                </Class>
                <Class sourceFile="JsonElement.java">
                    com.google.gson.JsonElement
                </Class>
                <Class sourceFile="JsonSerializationContext.java">
                    com.google.gson.JsonSerializationContext
                </Class>
                <Class sourceFile="JsonSerializer.java">
                    com.google.gson.JsonSerializer
                </Class>
                <Class sourceFile="LongSerializationPolicy.java">
                    com.google.gson.LongSerializationPolicy
                </Class>
                <Class sourceFile="TypeAdapter.java">
                    com.google.gson.TypeAdapter
                </Class>
                <Class sourceFile="TypeAdapterFactory.java">
                    com.google.gson.TypeAdapterFactory
                </Class>
            </AbstractClasses>

            <ConcreteClasses>
                <Class sourceFile="DefaultDateTypeAdapter.java">
                    com.google.gson.DefaultDateTypeAdapter
                </Class>
                <Class sourceFile="FieldAttributes.java">
                    com.google.gson.FieldAttributes
                </Class>
                <Class sourceFile="FieldNamingPolicy.java">
                    com.google.gson.FieldNamingPolicy$1
                </Class>
                <Class sourceFile="FieldNamingPolicy.java">
                    com.google.gson.FieldNamingPolicy$2
                </Class>
                <Class sourceFile="FieldNamingPolicy.java">
                    com.google.gson.FieldNamingPolicy$3
                </Class>
                <Class sourceFile="FieldNamingPolicy.java">
                    com.google.gson.FieldNamingPolicy$4
                </Class>
                <Class sourceFile="FieldNamingPolicy.java">
                    com.google.gson.FieldNamingPolicy$5
                </Class>
                <Class sourceFile="Gson.java">
                    com.google.gson.Gson
                </Class>
                <Class sourceFile="Gson.java">
                    com.google.gson.Gson$1
                </Class>
                <Class sourceFile="Gson.java">
                    com.google.gson.Gson$2
                </Class>
                <Class sourceFile="Gson.java">
                    com.google.gson.Gson$3
                </Class>
                <Class sourceFile="Gson.java">
                    com.google.gson.Gson$4
                </Class>
                <Class sourceFile="Gson.java">
                    com.google.gson.Gson$5
                </Class>
                <Class sourceFile="Gson.java">
                    com.google.gson.Gson$FutureTypeAdapter
                </Class>
                <Class sourceFile="GsonBuilder.java">
                    com.google.gson.GsonBuilder
                </Class>
                <Class sourceFile="JsonArray.java">
                    com.google.gson.JsonArray
                </Class>
                <Class sourceFile="JsonIOException.java">
                    com.google.gson.JsonIOException
                </Class>
                <Class sourceFile="JsonNull.java">
                    com.google.gson.JsonNull
                </Class>
                <Class sourceFile="JsonObject.java">
                    com.google.gson.JsonObject
                </Class>
                <Class sourceFile="JsonParseException.java">
                    com.google.gson.JsonParseException
                </Class>
                <Class sourceFile="JsonParser.java">
                    com.google.gson.JsonParser
                </Class>
                <Class sourceFile="JsonPrimitive.java">
                    com.google.gson.JsonPrimitive
                </Class>
                <Class sourceFile="JsonStreamParser.java">
                    com.google.gson.JsonStreamParser
                </Class>
                <Class sourceFile="JsonSyntaxException.java">
                    com.google.gson.JsonSyntaxException
                </Class>
                <Class sourceFile="LongSerializationPolicy.java">
                    com.google.gson.LongSerializationPolicy$1
                </Class>
                <Class sourceFile="LongSerializationPolicy.java">
                    com.google.gson.LongSerializationPolicy$2
                </Class>
                <Class sourceFile="TypeAdapter.java">
                    com.google.gson.TypeAdapter$1
                </Class>
            </ConcreteClasses>

            <DependsUpon>
                <Package>com.google.gson.internal</Package>
                <Package>com.google.gson.internal.bind</Package>
                <Package>com.google.gson.internal.bind.util</Package>
                <Package>com.google.gson.reflect</Package>
                <Package>com.google.gson.stream</Package>
                <Package>java.io</Package>
                <Package>java.lang</Package>
                <Package>java.lang.annotation</Package>
                <Package>java.lang.reflect</Package>
                <Package>java.math</Package>
                <Package>java.sql</Package>
                <Package>java.text</Package>
                <Package>java.util</Package>
                <Package>java.util.concurrent</Package>
                <Package>java.util.concurrent.atomic</Package>
            </DependsUpon>

            <UsedBy>
                <Package>com.google.gson.internal</Package>
                <Package>com.google.gson.internal.bind</Package>
            </UsedBy>
        </Package>

        <Package name="com.google.gson.annotations">
            <Stats>
                <TotalClasses>5</TotalClasses>
                <ConcreteClasses>0</ConcreteClasses>
                <AbstractClasses>5</AbstractClasses>
                <Ca>2</Ca>
                <Ce>2</Ce>
                <A>1</A>
                <I>0.5</I>
                <D>0.5</D>
                <V>1</V>
            </Stats>

            <AbstractClasses>
                <Class sourceFile="Expose.java">
                    com.google.gson.annotations.Expose
                </Class>
                <Class sourceFile="JsonAdapter.java">
                    com.google.gson.annotations.JsonAdapter
                </Class>
                <Class sourceFile="SerializedName.java">
                    com.google.gson.annotations.SerializedName
                </Class>
                <Class sourceFile="Since.java">
                    com.google.gson.annotations.Since
                </Class>
                <Class sourceFile="Until.java">
                    com.google.gson.annotations.Until
                </Class>
            </AbstractClasses>

            <ConcreteClasses>
            </ConcreteClasses>

            <DependsUpon>
                <Package>java.lang</Package>
                <Package>java.lang.annotation</Package>
            </DependsUpon>

            <UsedBy>
                <Package>com.google.gson.internal</Package>
                <Package>com.google.gson.internal.bind</Package>
            </UsedBy>
        </Package>

        <Package name="com.google.gson.internal">
            <Stats>
                <TotalClasses>52</TotalClasses>
                <ConcreteClasses>47</ConcreteClasses>
                <AbstractClasses>5</AbstractClasses>
                <Ca>4</Ca>
                <Ce>11</Ce>
                <A>0.1</A>
                <I>0.73</I>
                <D>0.17</D>
                <V>1</V>
            </Stats>

            <AbstractClasses>
                <Class sourceFile="JsonReaderInternalAccess.java">
                    com.google.gson.internal.JsonReaderInternalAccess
                </Class>
                <Class sourceFile="LinkedHashTreeMap.java">
                    com.google.gson.internal.LinkedHashTreeMap$LinkedTreeMapIterator
                </Class>
                <Class sourceFile="LinkedTreeMap.java">
                    com.google.gson.internal.LinkedTreeMap$LinkedTreeMapIterator
                </Class>
                <Class sourceFile="ObjectConstructor.java">
                    com.google.gson.internal.ObjectConstructor
                </Class>
                <Class sourceFile="UnsafeAllocator.java">
                    com.google.gson.internal.UnsafeAllocator
                </Class>
            </AbstractClasses>

            <ConcreteClasses>
                <Class sourceFile="$Gson$Preconditions.java">
                    com.google.gson.internal.$Gson$Preconditions
                </Class>
                <Class sourceFile="$Gson$Types.java">
                    com.google.gson.internal.$Gson$Types
                </Class>
                <Class sourceFile="$Gson$Types.java">
                    com.google.gson.internal.$Gson$Types$GenericArrayTypeImpl
                </Class>
                <Class sourceFile="$Gson$Types.java">
                    com.google.gson.internal.$Gson$Types$ParameterizedTypeImpl
                </Class>
                <Class sourceFile="$Gson$Types.java">
                    com.google.gson.internal.$Gson$Types$WildcardTypeImpl
                </Class>
                <Class sourceFile="ConstructorConstructor.java">
                    com.google.gson.internal.ConstructorConstructor
                </Class>
                <Class sourceFile="ConstructorConstructor.java">
                    com.google.gson.internal.ConstructorConstructor$1
                </Class>
                <Class sourceFile="ConstructorConstructor.java">
                    com.google.gson.internal.ConstructorConstructor$10
                </Class>
                <Class sourceFile="ConstructorConstructor.java">
                    com.google.gson.internal.ConstructorConstructor$11
                </Class>
                <Class sourceFile="ConstructorConstructor.java">
                    com.google.gson.internal.ConstructorConstructor$12
                </Class>
                <Class sourceFile="ConstructorConstructor.java">
                    com.google.gson.internal.ConstructorConstructor$13
                </Class>
                <Class sourceFile="ConstructorConstructor.java">
                    com.google.gson.internal.ConstructorConstructor$14
                </Class>
                <Class sourceFile="ConstructorConstructor.java">
                    com.google.gson.internal.ConstructorConstructor$2
                </Class>
                <Class sourceFile="ConstructorConstructor.java">
                    com.google.gson.internal.ConstructorConstructor$3
                </Class>
                <Class sourceFile="ConstructorConstructor.java">
                    com.google.gson.internal.ConstructorConstructor$4
                </Class>
                <Class sourceFile="ConstructorConstructor.java">
                    com.google.gson.internal.ConstructorConstructor$5
                </Class>
                <Class sourceFile="ConstructorConstructor.java">
                    com.google.gson.internal.ConstructorConstructor$6
                </Class>
                <Class sourceFile="ConstructorConstructor.java">
                    com.google.gson.internal.ConstructorConstructor$7
                </Class>
                <Class sourceFile="ConstructorConstructor.java">
                    com.google.gson.internal.ConstructorConstructor$8
                </Class>
                <Class sourceFile="ConstructorConstructor.java">
                    com.google.gson.internal.ConstructorConstructor$9
                </Class>
                <Class sourceFile="Excluder.java">
                    com.google.gson.internal.Excluder
                </Class>
                <Class sourceFile="Excluder.java">
                    com.google.gson.internal.Excluder$1
                </Class>
                <Class sourceFile="LazilyParsedNumber.java">
                    com.google.gson.internal.LazilyParsedNumber
                </Class>
                <Class sourceFile="LinkedHashTreeMap.java">
                    com.google.gson.internal.LinkedHashTreeMap
                </Class>
                <Class sourceFile="LinkedHashTreeMap.java">
                    com.google.gson.internal.LinkedHashTreeMap$1
                </Class>
                <Class sourceFile="LinkedHashTreeMap.java">
                    com.google.gson.internal.LinkedHashTreeMap$AvlBuilder
                </Class>
                <Class sourceFile="LinkedHashTreeMap.java">
                    com.google.gson.internal.LinkedHashTreeMap$AvlIterator
                </Class>
                <Class sourceFile="LinkedHashTreeMap.java">
                    com.google.gson.internal.LinkedHashTreeMap$EntrySet
                </Class>
                <Class sourceFile="LinkedHashTreeMap.java">
                    com.google.gson.internal.LinkedHashTreeMap$EntrySet$1
                </Class>
                <Class sourceFile="LinkedHashTreeMap.java">
                    com.google.gson.internal.LinkedHashTreeMap$KeySet
                </Class>
                <Class sourceFile="LinkedHashTreeMap.java">
                    com.google.gson.internal.LinkedHashTreeMap$KeySet$1
                </Class>
                <Class sourceFile="LinkedHashTreeMap.java">
                    com.google.gson.internal.LinkedHashTreeMap$Node
                </Class>
                <Class sourceFile="LinkedTreeMap.java">
                    com.google.gson.internal.LinkedTreeMap
                </Class>
                <Class sourceFile="LinkedTreeMap.java">
                    com.google.gson.internal.LinkedTreeMap$1
                </Class>
                <Class sourceFile="LinkedTreeMap.java">
                    com.google.gson.internal.LinkedTreeMap$EntrySet
                </Class>
                <Class sourceFile="LinkedTreeMap.java">
                    com.google.gson.internal.LinkedTreeMap$EntrySet$1
                </Class>
                <Class sourceFile="LinkedTreeMap.java">
                    com.google.gson.internal.LinkedTreeMap$KeySet
                </Class>
                <Class sourceFile="LinkedTreeMap.java">
                    com.google.gson.internal.LinkedTreeMap$KeySet$1
                </Class>
                <Class sourceFile="LinkedTreeMap.java">
                    com.google.gson.internal.LinkedTreeMap$Node
                </Class>
                <Class sourceFile="Primitives.java">
                    com.google.gson.internal.Primitives
                </Class>
                <Class sourceFile="Streams.java">
                    com.google.gson.internal.Streams
                </Class>
                <Class sourceFile="Streams.java">
                    com.google.gson.internal.Streams$AppendableWriter
                </Class>
                <Class sourceFile="Streams.java">
                    com.google.gson.internal.Streams$AppendableWriter$CurrentWrite
                </Class>
                <Class sourceFile="UnsafeAllocator.java">
                    com.google.gson.internal.UnsafeAllocator$1
                </Class>
                <Class sourceFile="UnsafeAllocator.java">
                    com.google.gson.internal.UnsafeAllocator$2
                </Class>
                <Class sourceFile="UnsafeAllocator.java">
                    com.google.gson.internal.UnsafeAllocator$3
                </Class>
                <Class sourceFile="UnsafeAllocator.java">
                    com.google.gson.internal.UnsafeAllocator$4
                </Class>
            </ConcreteClasses>

            <DependsUpon>
                <Package>com.google.gson</Package>
                <Package>com.google.gson.annotations</Package>
                <Package>com.google.gson.internal.bind</Package>
                <Package>com.google.gson.reflect</Package>
                <Package>com.google.gson.stream</Package>
                <Package>java.io</Package>
                <Package>java.lang</Package>
                <Package>java.lang.reflect</Package>
                <Package>java.math</Package>
                <Package>java.util</Package>
                <Package>java.util.concurrent</Package>
            </DependsUpon>

            <UsedBy>
                <Package>com.google.gson</Package>
                <Package>com.google.gson.internal.bind</Package>
                <Package>com.google.gson.reflect</Package>
                <Package>com.google.gson.stream</Package>
            </UsedBy>
        </Package>

        <Package name="com.google.gson.internal.bind">
            <Stats>
                <TotalClasses>69</TotalClasses>
                <ConcreteClasses>68</ConcreteClasses>
                <AbstractClasses>1</AbstractClasses>
                <Ca>3</Ca>
                <Ce>15</Ce>
                <A>0.01</A>
                <I>0.83</I>
                <D>0.15</D>
                <V>1</V>
            </Stats>

            <AbstractClasses>
                <Class sourceFile="ReflectiveTypeAdapterFactory.java">
                    com.google.gson.internal.bind.ReflectiveTypeAdapterFactory$BoundField
                </Class>
            </AbstractClasses>

            <ConcreteClasses>
                <Class sourceFile="ArrayTypeAdapter.java">
                    com.google.gson.internal.bind.ArrayTypeAdapter
                </Class>
                <Class sourceFile="ArrayTypeAdapter.java">
                    com.google.gson.internal.bind.ArrayTypeAdapter$1
                </Class>
                <Class sourceFile="CollectionTypeAdapterFactory.java">
                    com.google.gson.internal.bind.CollectionTypeAdapterFactory
                </Class>
                <Class sourceFile="CollectionTypeAdapterFactory.java">
                    com.google.gson.internal.bind.CollectionTypeAdapterFactory$Adapter
                </Class>
                <Class sourceFile="DateTypeAdapter.java">
                    com.google.gson.internal.bind.DateTypeAdapter
                </Class>
                <Class sourceFile="DateTypeAdapter.java">
                    com.google.gson.internal.bind.DateTypeAdapter$1
                </Class>
                <Class sourceFile="JsonAdapterAnnotationTypeAdapterFactory.java">
                    com.google.gson.internal.bind.JsonAdapterAnnotationTypeAdapterFactory
                </Class>
                <Class sourceFile="JsonTreeReader.java">
                    com.google.gson.internal.bind.JsonTreeReader
                </Class>
                <Class sourceFile="JsonTreeReader.java">
                    com.google.gson.internal.bind.JsonTreeReader$1
                </Class>
                <Class sourceFile="JsonTreeWriter.java">
                    com.google.gson.internal.bind.JsonTreeWriter
                </Class>
                <Class sourceFile="JsonTreeWriter.java">
                    com.google.gson.internal.bind.JsonTreeWriter$1
                </Class>
                <Class sourceFile="MapTypeAdapterFactory.java">
                    com.google.gson.internal.bind.MapTypeAdapterFactory
                </Class>
                <Class sourceFile="MapTypeAdapterFactory.java">
                    com.google.gson.internal.bind.MapTypeAdapterFactory$Adapter
                </Class>
                <Class sourceFile="ObjectTypeAdapter.java">
                    com.google.gson.internal.bind.ObjectTypeAdapter
                </Class>
                <Class sourceFile="ObjectTypeAdapter.java">
                    com.google.gson.internal.bind.ObjectTypeAdapter$1
                </Class>
                <Class sourceFile="ObjectTypeAdapter.java">
                    com.google.gson.internal.bind.ObjectTypeAdapter$2
                </Class>
                <Class sourceFile="ReflectiveTypeAdapterFactory.java">
                    com.google.gson.internal.bind.ReflectiveTypeAdapterFactory
                </Class>
                <Class sourceFile="ReflectiveTypeAdapterFactory.java">
                    com.google.gson.internal.bind.ReflectiveTypeAdapterFactory$1
                </Class>
                <Class sourceFile="ReflectiveTypeAdapterFactory.java">
                    com.google.gson.internal.bind.ReflectiveTypeAdapterFactory$Adapter
                </Class>
                <Class sourceFile="SqlDateTypeAdapter.java">
                    com.google.gson.internal.bind.SqlDateTypeAdapter
                </Class>
                <Class sourceFile="SqlDateTypeAdapter.java">
                    com.google.gson.internal.bind.SqlDateTypeAdapter$1
                </Class>
                <Class sourceFile="TimeTypeAdapter.java">
                    com.google.gson.internal.bind.TimeTypeAdapter
                </Class>
                <Class sourceFile="TimeTypeAdapter.java">
                    com.google.gson.internal.bind.TimeTypeAdapter$1
                </Class>
                <Class sourceFile="TreeTypeAdapter.java">
                    com.google.gson.internal.bind.TreeTypeAdapter
                </Class>
                <Class sourceFile="TreeTypeAdapter.java">
                    com.google.gson.internal.bind.TreeTypeAdapter$1
                </Class>
                <Class sourceFile="TreeTypeAdapter.java">
                    com.google.gson.internal.bind.TreeTypeAdapter$GsonContextImpl
                </Class>
                <Class sourceFile="TreeTypeAdapter.java">
                    com.google.gson.internal.bind.TreeTypeAdapter$SingleTypeFactory
                </Class>
                <Class sourceFile="TypeAdapterRuntimeTypeWrapper.java">
                    com.google.gson.internal.bind.TypeAdapterRuntimeTypeWrapper
                </Class>
                <Class sourceFile="TypeAdapters.java">
                    com.google.gson.internal.bind.TypeAdapters
                </Class>
                <Class sourceFile="TypeAdapters.java">
                    com.google.gson.internal.bind.TypeAdapters$1
                </Class>
                <Class sourceFile="TypeAdapters.java">
                    com.google.gson.internal.bind.TypeAdapters$10
                </Class>
                <Class sourceFile="TypeAdapters.java">
                    com.google.gson.internal.bind.TypeAdapters$11
                </Class>
                <Class sourceFile="TypeAdapters.java">
                    com.google.gson.internal.bind.TypeAdapters$12
                </Class>
                <Class sourceFile="TypeAdapters.java">
                    com.google.gson.internal.bind.TypeAdapters$13
                </Class>
                <Class sourceFile="TypeAdapters.java">
                    com.google.gson.internal.bind.TypeAdapters$14
                </Class>
                <Class sourceFile="TypeAdapters.java">
                    com.google.gson.internal.bind.TypeAdapters$15
                </Class>
                <Class sourceFile="TypeAdapters.java">
                    com.google.gson.internal.bind.TypeAdapters$16
                </Class>
                <Class sourceFile="TypeAdapters.java">
                    com.google.gson.internal.bind.TypeAdapters$17
                </Class>
                <Class sourceFile="TypeAdapters.java">
                    com.google.gson.internal.bind.TypeAdapters$18
                </Class>
                <Class sourceFile="TypeAdapters.java">
                    com.google.gson.internal.bind.TypeAdapters$19
                </Class>
                <Class sourceFile="TypeAdapters.java">
                    com.google.gson.internal.bind.TypeAdapters$2
                </Class>
                <Class sourceFile="TypeAdapters.java">
                    com.google.gson.internal.bind.TypeAdapters$20
                </Class>
                <Class sourceFile="TypeAdapters.java">
                    com.google.gson.internal.bind.TypeAdapters$21
                </Class>
                <Class sourceFile="TypeAdapters.java">
                    com.google.gson.internal.bind.TypeAdapters$22
                </Class>
                <Class sourceFile="TypeAdapters.java">
                    com.google.gson.internal.bind.TypeAdapters$23
                </Class>
                <Class sourceFile="TypeAdapters.java">
                    com.google.gson.internal.bind.TypeAdapters$24
                </Class>
                <Class sourceFile="TypeAdapters.java">
                    com.google.gson.internal.bind.TypeAdapters$25
                </Class>
                <Class sourceFile="TypeAdapters.java">
                    com.google.gson.internal.bind.TypeAdapters$26
                </Class>
                <Class sourceFile="TypeAdapters.java">
                    com.google.gson.internal.bind.TypeAdapters$26$1
                </Class>
                <Class sourceFile="TypeAdapters.java">
                    com.google.gson.internal.bind.TypeAdapters$27
                </Class>
                <Class sourceFile="TypeAdapters.java">
                    com.google.gson.internal.bind.TypeAdapters$28
                </Class>
                <Class sourceFile="TypeAdapters.java">
                    com.google.gson.internal.bind.TypeAdapters$29
                </Class>
                <Class sourceFile="TypeAdapters.java">
                    com.google.gson.internal.bind.TypeAdapters$3
                </Class>
                <Class sourceFile="TypeAdapters.java">
                    com.google.gson.internal.bind.TypeAdapters$30
                </Class>
                <Class sourceFile="TypeAdapters.java">
                    com.google.gson.internal.bind.TypeAdapters$31
                </Class>
                <Class sourceFile="TypeAdapters.java">
                    com.google.gson.internal.bind.TypeAdapters$32
                </Class>
                <Class sourceFile="TypeAdapters.java">
                    com.google.gson.internal.bind.TypeAdapters$33
                </Class>
                <Class sourceFile="TypeAdapters.java">
                    com.google.gson.internal.bind.TypeAdapters$34
                </Class>
                <Class sourceFile="TypeAdapters.java">
                    com.google.gson.internal.bind.TypeAdapters$35
                </Class>
                <Class sourceFile="TypeAdapters.java">
                    com.google.gson.internal.bind.TypeAdapters$35$1
                </Class>
                <Class sourceFile="TypeAdapters.java">
                    com.google.gson.internal.bind.TypeAdapters$36
                </Class>
                <Class sourceFile="TypeAdapters.java">
                    com.google.gson.internal.bind.TypeAdapters$4
                </Class>
                <Class sourceFile="TypeAdapters.java">
                    com.google.gson.internal.bind.TypeAdapters$5
                </Class>
                <Class sourceFile="TypeAdapters.java">
                    com.google.gson.internal.bind.TypeAdapters$6
                </Class>
                <Class sourceFile="TypeAdapters.java">
                    com.google.gson.internal.bind.TypeAdapters$7
                </Class>
                <Class sourceFile="TypeAdapters.java">
                    com.google.gson.internal.bind.TypeAdapters$8
                </Class>
                <Class sourceFile="TypeAdapters.java">
                    com.google.gson.internal.bind.TypeAdapters$9
                </Class>
                <Class sourceFile="TypeAdapters.java">
                    com.google.gson.internal.bind.TypeAdapters$EnumTypeAdapter
                </Class>
            </ConcreteClasses>

            <DependsUpon>
                <Package>com.google.gson</Package>
                <Package>com.google.gson.annotations</Package>
                <Package>com.google.gson.internal</Package>
                <Package>com.google.gson.internal.bind.util</Package>
                <Package>com.google.gson.reflect</Package>
                <Package>com.google.gson.stream</Package>
                <Package>java.io</Package>
                <Package>java.lang</Package>
                <Package>java.lang.reflect</Package>
                <Package>java.math</Package>
                <Package>java.net</Package>
                <Package>java.sql</Package>
                <Package>java.text</Package>
                <Package>java.util</Package>
                <Package>java.util.concurrent.atomic</Package>
            </DependsUpon>

            <UsedBy>
                <Package>com.google.gson</Package>
                <Package>com.google.gson.internal</Package>
                <Package>com.google.gson.stream</Package>
            </UsedBy>
        </Package>

        <Package name="com.google.gson.internal.bind.util">
            <Stats>
                <TotalClasses>1</TotalClasses>
                <ConcreteClasses>1</ConcreteClasses>
                <AbstractClasses>0</AbstractClasses>
                <Ca>2</Ca>
                <Ce>3</Ce>
                <A>0</A>
                <I>0.6</I>
                <D>0.4</D>
                <V>1</V>
            </Stats>

            <AbstractClasses>
            </AbstractClasses>

            <ConcreteClasses>
                <Class sourceFile="ISO8601Utils.java">
                    com.google.gson.internal.bind.util.ISO8601Utils
                </Class>
            </ConcreteClasses>

            <DependsUpon>
                <Package>java.lang</Package>
                <Package>java.text</Package>
                <Package>java.util</Package>
            </DependsUpon>

            <UsedBy>
                <Package>com.google.gson</Package>
                <Package>com.google.gson.internal.bind</Package>
            </UsedBy>
        </Package>

        <Package name="com.google.gson.reflect">
            <Stats>
                <TotalClasses>1</TotalClasses>
                <ConcreteClasses>1</ConcreteClasses>
                <AbstractClasses>0</AbstractClasses>
                <Ca>3</Ca>
                <Ce>4</Ce>
                <A>0</A>
                <I>0.57</I>
                <D>0.43</D>
                <V>1</V>
            </Stats>

            <AbstractClasses>
            </AbstractClasses>

            <ConcreteClasses>
                <Class sourceFile="TypeToken.java">
                    com.google.gson.reflect.TypeToken
                </Class>
            </ConcreteClasses>

            <DependsUpon>
                <Package>com.google.gson.internal</Package>
                <Package>java.lang</Package>
                <Package>java.lang.reflect</Package>
                <Package>java.util</Package>
            </DependsUpon>

            <UsedBy>
                <Package>com.google.gson</Package>
                <Package>com.google.gson.internal</Package>
                <Package>com.google.gson.internal.bind</Package>
            </UsedBy>
        </Package>

        <Package name="com.google.gson.stream">
            <Stats>
                <TotalClasses>6</TotalClasses>
                <ConcreteClasses>6</ConcreteClasses>
                <AbstractClasses>0</AbstractClasses>
                <Ca>3</Ca>
                <Ce>4</Ce>
                <A>0</A>
                <I>0.57</I>
                <D>0.43</D>
                <V>1</V>
            </Stats>

            <AbstractClasses>
            </AbstractClasses>

            <ConcreteClasses>
                <Class sourceFile="JsonReader.java">
                    com.google.gson.stream.JsonReader
                </Class>
                <Class sourceFile="JsonReader.java">
                    com.google.gson.stream.JsonReader$1
                </Class>
                <Class sourceFile="JsonScope.java">
                    com.google.gson.stream.JsonScope
                </Class>
                <Class sourceFile="JsonToken.java">
                    com.google.gson.stream.JsonToken
                </Class>
                <Class sourceFile="JsonWriter.java">
                    com.google.gson.stream.JsonWriter
                </Class>
                <Class sourceFile="MalformedJsonException.java">
                    com.google.gson.stream.MalformedJsonException
                </Class>
            </ConcreteClasses>

            <DependsUpon>
                <Package>com.google.gson.internal</Package>
                <Package>com.google.gson.internal.bind</Package>
                <Package>java.io</Package>
                <Package>java.lang</Package>
            </DependsUpon>

            <UsedBy>
                <Package>com.google.gson</Package>
                <Package>com.google.gson.internal</Package>
                <Package>com.google.gson.internal.bind</Package>
            </UsedBy>
        </Package>

        <Package name="com.google.thirdparty.publicsuffix">
            <Stats>
                <TotalClasses>3</TotalClasses>
                <ConcreteClasses>3</ConcreteClasses>
                <AbstractClasses>0</AbstractClasses>
                <Ca>1</Ca>
                <Ce>4</Ce>
                <A>0</A>
                <I>0.8</I>
                <D>0.2</D>
                <V>1</V>
            </Stats>

            <AbstractClasses>
            </AbstractClasses>

            <ConcreteClasses>
                <Class sourceFile="PublicSuffixPatterns.java">
                    com.google.thirdparty.publicsuffix.PublicSuffixPatterns
                </Class>
                <Class sourceFile="PublicSuffixType.java">
                    com.google.thirdparty.publicsuffix.PublicSuffixType
                </Class>
                <Class sourceFile="TrieParser.java">
                    com.google.thirdparty.publicsuffix.TrieParser
                </Class>
            </ConcreteClasses>

            <DependsUpon>
                <Package>com.google.common.base</Package>
                <Package>com.google.common.collect</Package>
                <Package>java.lang</Package>
                <Package>java.util</Package>
            </DependsUpon>

            <UsedBy>
                <Package>com.google.common.net</Package>
            </UsedBy>
        </Package>

        <Package name="com.jfoenix.animation">
            <Stats>
                <TotalClasses>4</TotalClasses>
                <ConcreteClasses>3</ConcreteClasses>
                <AbstractClasses>1</AbstractClasses>
                <Ca>0</Ca>
                <Ce>4</Ce>
                <A>0.25</A>
                <I>1</I>
                <D>0.25</D>
                <V>1</V>
            </Stats>

            <AbstractClasses>
                <Class sourceFile="JFXNodesAnimation.java">
                    com.jfoenix.animation.JFXNodesAnimation
                </Class>
            </AbstractClasses>

            <ConcreteClasses>
                <Class sourceFile="Unknown">
                    com.jfoenix.animation.JFXNodesAnimation$$Lambda$1
                </Class>
                <Class sourceFile="Unknown">
                    com.jfoenix.animation.JFXNodesAnimation$$Lambda$2
                </Class>
                <Class sourceFile="Unknown">
                    com.jfoenix.animation.JFXNodesAnimation$$Lambda$3
                </Class>
            </ConcreteClasses>

            <DependsUpon>
                <Package>java.lang</Package>
                <Package>javafx.animation</Package>
                <Package>javafx.event</Package>
                <Package>javafx.scene</Package>
            </DependsUpon>

            <UsedBy>
            </UsedBy>
        </Package>

        <Package name="com.jfoenix.animation.alert">
            <Stats>
                <TotalClasses>11</TotalClasses>
                <ConcreteClasses>10</ConcreteClasses>
                <AbstractClasses>1</AbstractClasses>
                <Ca>1</Ca>
                <Ce>8</Ce>
                <A>0.09</A>
                <I>0.89</I>
                <D>0.02</D>
                <V>1</V>
            </Stats>

            <AbstractClasses>
                <Class sourceFile="JFXAlertAnimation.java">
                    com.jfoenix.animation.alert.JFXAlertAnimation
                </Class>
            </AbstractClasses>

            <ConcreteClasses>
                <Class sourceFile="CenterTransition.java">
                    com.jfoenix.animation.alert.CenterTransition
                </Class>
                <Class sourceFile="HorizontalTransition.java">
                    com.jfoenix.animation.alert.HorizontalTransition
                </Class>
                <Class sourceFile="JFXAlertAnimation.java">
                    com.jfoenix.animation.alert.JFXAlertAnimation$
                </Class>
                <Class sourceFile="Unknown">
                    com.jfoenix.animation.alert.JFXAlertAnimation$$Lambda$1
                </Class>
                <Class sourceFile="JFXAlertAnimation.java">
                    com.jfoenix.animation.alert.JFXAlertAnimation$1
                </Class>
                <Class sourceFile="JFXAlertAnimation.java">
                    com.jfoenix.animation.alert.JFXAlertAnimation$2
                </Class>
                <Class sourceFile="JFXAlertAnimation.java">
                    com.jfoenix.animation.alert.JFXAlertAnimation$3
                </Class>
                <Class sourceFile="JFXAlertAnimation.java">
                    com.jfoenix.animation.alert.JFXAlertAnimation$4
                </Class>
                <Class sourceFile="JFXAlertAnimation.java">
                    com.jfoenix.animation.alert.JFXAlertAnimation$5
                </Class>
                <Class sourceFile="VerticalTransition.java">
                    com.jfoenix.animation.alert.VerticalTransition
                </Class>
            </ConcreteClasses>

            <DependsUpon>
                <Package>com.jfoenix.transitions</Package>
                <Package>java.lang</Package>
                <Package>java.util.function</Package>
                <Package>javafx.animation</Package>
                <Package>javafx.beans.property</Package>
                <Package>javafx.geometry</Package>
                <Package>javafx.scene</Package>
                <Package>javafx.util</Package>
            </DependsUpon>

            <UsedBy>
                <Package>com.jfoenix.controls</Package>
            </UsedBy>
        </Package>

        <Package name="com.jfoenix.concurrency">
            <Stats>
                <TotalClasses>2</TotalClasses>
                <ConcreteClasses>2</ConcreteClasses>
                <AbstractClasses>0</AbstractClasses>
                <Ca>4</Ca>
                <Ce>3</Ce>
                <A>0</A>
                <I>0.43</I>
                <D>0.57</D>
                <V>1</V>
            </Stats>

            <AbstractClasses>
            </AbstractClasses>

            <ConcreteClasses>
                <Class sourceFile="JFXUtilities.java">
                    com.jfoenix.concurrency.JFXUtilities
                </Class>
                <Class sourceFile="Unknown">
                    com.jfoenix.concurrency.JFXUtilities$$Lambda$1
                </Class>
            </ConcreteClasses>

            <DependsUpon>
                <Package>java.lang</Package>
                <Package>java.util.concurrent</Package>
                <Package>javafx.application</Package>
            </DependsUpon>

            <UsedBy>
                <Package>com.jfoenix.controls</Package>
                <Package>com.jfoenix.skins</Package>
                <Package>com.jfoenix.utils</Package>
                <Package>com.jfoenix.validation</Package>
            </UsedBy>
        </Package>

        <Package name="com.jfoenix.controls">
            <Stats>
                <TotalClasses>399</TotalClasses>
                <ConcreteClasses>397</ConcreteClasses>
                <AbstractClasses>2</AbstractClasses>
                <Ca>6</Ca>
                <Ce>50</Ce>
                <A>0.01</A>
                <I>0.89</I>
                <D>0.1</D>
                <V>1</V>
            </Stats>

            <AbstractClasses>
                <Class sourceFile="IFXTextInputControl.java">
                    com.jfoenix.controls.IFXTextInputControl
                </Class>
                <Class sourceFile="JFXMasonryPane.java">
                    com.jfoenix.controls.JFXMasonryPane$LayoutMode
                </Class>
            </AbstractClasses>

            <ConcreteClasses>
                <Class sourceFile="FakeFocusJFXTextField.java">
                    com.jfoenix.controls.FakeFocusJFXTextField
                </Class>
                <Class sourceFile="FakeFocusJFXTextField.java">
                    com.jfoenix.controls.FakeFocusJFXTextField$1
                </Class>
                <Class sourceFile="JFXAlert.java">
                    com.jfoenix.controls.JFXAlert
                </Class>
                <Class sourceFile="Unknown">
                    com.jfoenix.controls.JFXAlert$$Lambda$1
                </Class>
                <Class sourceFile="Unknown">
                    com.jfoenix.controls.JFXAlert$$Lambda$10
                </Class>
                <Class sourceFile="Unknown">
                    com.jfoenix.controls.JFXAlert$$Lambda$2
                </Class>
                <Class sourceFile="Unknown">
                    com.jfoenix.controls.JFXAlert$$Lambda$3
                </Class>
                <Class sourceFile="Unknown">
                    com.jfoenix.controls.JFXAlert$$Lambda$4
                </Class>
                <Class sourceFile="Unknown">
                    com.jfoenix.controls.JFXAlert$$Lambda$5
                </Class>
                <Class sourceFile="Unknown">
                    com.jfoenix.controls.JFXAlert$$Lambda$6
                </Class>
                <Class sourceFile="Unknown">
                    com.jfoenix.controls.JFXAlert$$Lambda$7
                </Class>
                <Class sourceFile="Unknown">
                    com.jfoenix.controls.JFXAlert$$Lambda$8
                </Class>
                <Class sourceFile="Unknown">
                    com.jfoenix.controls.JFXAlert$$Lambda$9
                </Class>
                <Class sourceFile="JFXAlert.java">
                    com.jfoenix.controls.JFXAlert$1
                </Class>
                <Class sourceFile="JFXAlert.java">
                    com.jfoenix.controls.JFXAlert$2
                </Class>
                <Class sourceFile="JFXAutoCompletePopup.java">
                    com.jfoenix.controls.JFXAutoCompletePopup
                </Class>
                <Class sourceFile="Unknown">
                    com.jfoenix.controls.JFXAutoCompletePopup$$Lambda$1
                </Class>
                <Class sourceFile="JFXAutoCompletePopup.java">
                    com.jfoenix.controls.JFXAutoCompletePopup$CSSBridge
                </Class>
                <Class sourceFile="JFXAutoCompletePopup.java">
                    com.jfoenix.controls.JFXAutoCompletePopup$StyleableProperties
                </Class>
                <Class sourceFile="JFXAutoCompletePopup.java">
                    com.jfoenix.controls.JFXAutoCompletePopup$StyleableProperties$1
                </Class>
                <Class sourceFile="JFXAutoCompletePopup.java">
                    com.jfoenix.controls.JFXAutoCompletePopup$StyleableProperties$2
                </Class>
                <Class sourceFile="JFXBadge.java">
                    com.jfoenix.controls.JFXBadge
                </Class>
                <Class sourceFile="Unknown">
                    com.jfoenix.controls.JFXBadge$$Lambda$1
                </Class>
                <Class sourceFile="Unknown">
                    com.jfoenix.controls.JFXBadge$$Lambda$2
                </Class>
                <Class sourceFile="Unknown">
                    com.jfoenix.controls.JFXBadge$$Lambda$3
                </Class>
                <Class sourceFile="Unknown">
                    com.jfoenix.controls.JFXBadge$$Lambda$4
                </Class>
                <Class sourceFile="JFXButton.java">
                    com.jfoenix.controls.JFXButton
                </Class>
                <Class sourceFile="JFXButton.java">
                    com.jfoenix.controls.JFXButton$ButtonType
                </Class>
                <Class sourceFile="JFXButton.java">
                    com.jfoenix.controls.JFXButton$StyleableProperties
                </Class>
                <Class sourceFile="JFXButton.java">
                    com.jfoenix.controls.JFXButton$StyleableProperties$1
                </Class>
                <Class sourceFile="JFXButton.java">
                    com.jfoenix.controls.JFXButton$StyleableProperties$2
                </Class>
                <Class sourceFile="JFXCheckBox.java">
                    com.jfoenix.controls.JFXCheckBox
                </Class>
                <Class sourceFile="JFXCheckBox.java">
                    com.jfoenix.controls.JFXCheckBox$StyleableProperties
                </Class>
                <Class sourceFile="JFXCheckBox.java">
                    com.jfoenix.controls.JFXCheckBox$StyleableProperties$1
                </Class>
                <Class sourceFile="JFXCheckBox.java">
                    com.jfoenix.controls.JFXCheckBox$StyleableProperties$2
                </Class>
                <Class sourceFile="JFXCheckBox.java">
                    com.jfoenix.controls.JFXCheckBox$StyleableProperties$3
                </Class>
                <Class sourceFile="JFXChip.java">
                    com.jfoenix.controls.JFXChip
                </Class>
                <Class sourceFile="JFXChipView.java">
                    com.jfoenix.controls.JFXChipView
                </Class>
                <Class sourceFile="Unknown">
                    com.jfoenix.controls.JFXChipView$$Lambda$1
                </Class>
                <Class sourceFile="JFXChipView.java">
                    com.jfoenix.controls.JFXChipView$1
                </Class>
                <Class sourceFile="JFXClippedPane.java">
                    com.jfoenix.controls.JFXClippedPane
                </Class>
                <Class sourceFile="Unknown">
                    com.jfoenix.controls.JFXClippedPane$$Lambda$1
                </Class>
                <Class sourceFile="JFXColorPicker.java">
                    com.jfoenix.controls.JFXColorPicker
                </Class>
                <Class sourceFile="JFXComboBox.java">
                    com.jfoenix.controls.JFXComboBox
                </Class>
                <Class sourceFile="Unknown">
                    com.jfoenix.controls.JFXComboBox$$Lambda$1
                </Class>
                <Class sourceFile="JFXComboBox.java">
                    com.jfoenix.controls.JFXComboBox$1
                </Class>
                <Class sourceFile="JFXComboBox.java">
                    com.jfoenix.controls.JFXComboBox$2
                </Class>
                <Class sourceFile="Unknown">
                    com.jfoenix.controls.JFXComboBox$2$$Lambda$1
                </Class>
                <Class sourceFile="JFXComboBox.java">
                    com.jfoenix.controls.JFXComboBox$3
                </Class>
                <Class sourceFile="JFXComboBox.java">
                    com.jfoenix.controls.JFXComboBox$StyleableProperties
                </Class>
                <Class sourceFile="JFXComboBox.java">
                    com.jfoenix.controls.JFXComboBox$StyleableProperties$1
                </Class>
                <Class sourceFile="JFXComboBox.java">
                    com.jfoenix.controls.JFXComboBox$StyleableProperties$2
                </Class>
                <Class sourceFile="JFXComboBox.java">
                    com.jfoenix.controls.JFXComboBox$StyleableProperties$3
                </Class>
                <Class sourceFile="JFXDatePicker.java">
                    com.jfoenix.controls.JFXDatePicker
                </Class>
                <Class sourceFile="Unknown">
                    com.jfoenix.controls.JFXDatePicker$$Lambda$1
                </Class>
                <Class sourceFile="JFXDatePicker.java">
                    com.jfoenix.controls.JFXDatePicker$StyleableProperties
                </Class>
                <Class sourceFile="JFXDatePicker.java">
                    com.jfoenix.controls.JFXDatePicker$StyleableProperties$1
                </Class>
                <Class sourceFile="JFXDatePicker.java">
                    com.jfoenix.controls.JFXDatePicker$StyleableProperties$2
                </Class>
                <Class sourceFile="JFXDecorator.java">
                    com.jfoenix.controls.JFXDecorator
                </Class>
                <Class sourceFile="Unknown">
                    com.jfoenix.controls.JFXDecorator$$Lambda$1
                </Class>
                <Class sourceFile="Unknown">
                    com.jfoenix.controls.JFXDecorator$$Lambda$10
                </Class>
                <Class sourceFile="Unknown">
                    com.jfoenix.controls.JFXDecorator$$Lambda$11
                </Class>
                <Class sourceFile="Unknown">
                    com.jfoenix.controls.JFXDecorator$$Lambda$12
                </Class>
                <Class sourceFile="Unknown">
                    com.jfoenix.controls.JFXDecorator$$Lambda$13
                </Class>
                <Class sourceFile="Unknown">
                    com.jfoenix.controls.JFXDecorator$$Lambda$14
                </Class>
                <Class sourceFile="Unknown">
                    com.jfoenix.controls.JFXDecorator$$Lambda$15
                </Class>
                <Class sourceFile="Unknown">
                    com.jfoenix.controls.JFXDecorator$$Lambda$16
                </Class>
                <Class sourceFile="Unknown">
                    com.jfoenix.controls.JFXDecorator$$Lambda$17
                </Class>
                <Class sourceFile="Unknown">
                    com.jfoenix.controls.JFXDecorator$$Lambda$2
                </Class>
                <Class sourceFile="Unknown">
                    com.jfoenix.controls.JFXDecorator$$Lambda$3
                </Class>
                <Class sourceFile="Unknown">
                    com.jfoenix.controls.JFXDecorator$$Lambda$4
                </Class>
                <Class sourceFile="Unknown">
                    com.jfoenix.controls.JFXDecorator$$Lambda$5
                </Class>
                <Class sourceFile="Unknown">
                    com.jfoenix.controls.JFXDecorator$$Lambda$6
                </Class>
                <Class sourceFile="Unknown">
                    com.jfoenix.controls.JFXDecorator$$Lambda$7
                </Class>
                <Class sourceFile="Unknown">
                    com.jfoenix.controls.JFXDecorator$$Lambda$8
                </Class>
                <Class sourceFile="Unknown">
                    com.jfoenix.controls.JFXDecorator$$Lambda$9
                </Class>
                <Class sourceFile="JFXDefaultChip.java">
                    com.jfoenix.controls.JFXDefaultChip
                </Class>
                <Class sourceFile="Unknown">
                    com.jfoenix.controls.JFXDefaultChip$$Lambda$1
                </Class>
                <Class sourceFile="JFXDialog.java">
                    com.jfoenix.controls.JFXDialog
                </Class>
                <Class sourceFile="Unknown">
                    com.jfoenix.controls.JFXDialog$$Lambda$1
                </Class>
                <Class sourceFile="Unknown">
                    com.jfoenix.controls.JFXDialog$$Lambda$2
                </Class>
                <Class sourceFile="Unknown">
                    com.jfoenix.controls.JFXDialog$$Lambda$3
                </Class>
                <Class sourceFile="Unknown">
                    com.jfoenix.controls.JFXDialog$$Lambda$4
                </Class>
                <Class sourceFile="Unknown">
                    com.jfoenix.controls.JFXDialog$$Lambda$5
                </Class>
                <Class sourceFile="Unknown">
                    com.jfoenix.controls.JFXDialog$$Lambda$6
                </Class>
                <Class sourceFile="Unknown">
                    com.jfoenix.controls.JFXDialog$$Lambda$7
                </Class>
                <Class sourceFile="JFXDialog.java">
                    com.jfoenix.controls.JFXDialog$1
                </Class>
                <Class sourceFile="JFXDialog.java">
                    com.jfoenix.controls.JFXDialog$2
                </Class>
                <Class sourceFile="JFXDialog.java">
                    com.jfoenix.controls.JFXDialog$3
                </Class>
                <Class sourceFile="JFXDialog.java">
                    com.jfoenix.controls.JFXDialog$BottomTransition
                </Class>
                <Class sourceFile="JFXDialog.java">
                    com.jfoenix.controls.JFXDialog$CenterTransition
                </Class>
                <Class sourceFile="JFXDialog.java">
                    com.jfoenix.controls.JFXDialog$DialogTransition
                </Class>
                <Class sourceFile="JFXDialog.java">
                    com.jfoenix.controls.JFXDialog$LeftTransition
                </Class>
                <Class sourceFile="JFXDialog.java">
                    com.jfoenix.controls.JFXDialog$RightTransition
                </Class>
                <Class sourceFile="JFXDialog.java">
                    com.jfoenix.controls.JFXDialog$StyleableProperties
                </Class>
                <Class sourceFile="JFXDialog.java">
                    com.jfoenix.controls.JFXDialog$StyleableProperties$1
                </Class>
                <Class sourceFile="JFXDialog.java">
                    com.jfoenix.controls.JFXDialog$TopTransition
                </Class>
                <Class sourceFile="JFXDialogLayout.java">
                    com.jfoenix.controls.JFXDialogLayout
                </Class>
                <Class sourceFile="JFXDrawer.java">
                    com.jfoenix.controls.JFXDrawer
                </Class>
                <Class sourceFile="Unknown">
                    com.jfoenix.controls.JFXDrawer$$Lambda$1
                </Class>
                <Class sourceFile="Unknown">
                    com.jfoenix.controls.JFXDrawer$$Lambda$10
                </Class>
                <Class sourceFile="Unknown">
                    com.jfoenix.controls.JFXDrawer$$Lambda$11
                </Class>
                <Class sourceFile="Unknown">
                    com.jfoenix.controls.JFXDrawer$$Lambda$12
                </Class>
                <Class sourceFile="Unknown">
                    com.jfoenix.controls.JFXDrawer$$Lambda$13
                </Class>
                <Class sourceFile="Unknown">
                    com.jfoenix.controls.JFXDrawer$$Lambda$14
                </Class>
                <Class sourceFile="Unknown">
                    com.jfoenix.controls.JFXDrawer$$Lambda$15
                </Class>
                <Class sourceFile="Unknown">
                    com.jfoenix.controls.JFXDrawer$$Lambda$16
                </Class>
                <Class sourceFile="Unknown">
                    com.jfoenix.controls.JFXDrawer$$Lambda$17
                </Class>
                <Class sourceFile="Unknown">
                    com.jfoenix.controls.JFXDrawer$$Lambda$18
                </Class>
                <Class sourceFile="Unknown">
                    com.jfoenix.controls.JFXDrawer$$Lambda$19
                </Class>
                <Class sourceFile="Unknown">
                    com.jfoenix.controls.JFXDrawer$$Lambda$2
                </Class>
                <Class sourceFile="Unknown">
                    com.jfoenix.controls.JFXDrawer$$Lambda$20
                </Class>
                <Class sourceFile="Unknown">
                    com.jfoenix.controls.JFXDrawer$$Lambda$21
                </Class>
                <Class sourceFile="Unknown">
                    com.jfoenix.controls.JFXDrawer$$Lambda$22
                </Class>
                <Class sourceFile="Unknown">
                    com.jfoenix.controls.JFXDrawer$$Lambda$23
                </Class>
                <Class sourceFile="Unknown">
                    com.jfoenix.controls.JFXDrawer$$Lambda$24
                </Class>
                <Class sourceFile="Unknown">
                    com.jfoenix.controls.JFXDrawer$$Lambda$25
                </Class>
                <Class sourceFile="Unknown">
                    com.jfoenix.controls.JFXDrawer$$Lambda$26
                </Class>
                <Class sourceFile="Unknown">
                    com.jfoenix.controls.JFXDrawer$$Lambda$27
                </Class>
                <Class sourceFile="Unknown">
                    com.jfoenix.controls.JFXDrawer$$Lambda$28
                </Class>
                <Class sourceFile="Unknown">
                    com.jfoenix.controls.JFXDrawer$$Lambda$29
                </Class>
                <Class sourceFile="Unknown">
                    com.jfoenix.controls.JFXDrawer$$Lambda$3
                </Class>
                <Class sourceFile="Unknown">
                    com.jfoenix.controls.JFXDrawer$$Lambda$30
                </Class>
                <Class sourceFile="Unknown">
                    com.jfoenix.controls.JFXDrawer$$Lambda$31
                </Class>
                <Class sourceFile="Unknown">
                    com.jfoenix.controls.JFXDrawer$$Lambda$32
                </Class>
                <Class sourceFile="Unknown">
                    com.jfoenix.controls.JFXDrawer$$Lambda$33
                </Class>
                <Class sourceFile="Unknown">
                    com.jfoenix.controls.JFXDrawer$$Lambda$34
                </Class>
                <Class sourceFile="Unknown">
                    com.jfoenix.controls.JFXDrawer$$Lambda$35
                </Class>
                <Class sourceFile="Unknown">
                    com.jfoenix.controls.JFXDrawer$$Lambda$36
                </Class>
                <Class sourceFile="Unknown">
                    com.jfoenix.controls.JFXDrawer$$Lambda$37
                </Class>
                <Class sourceFile="Unknown">
                    com.jfoenix.controls.JFXDrawer$$Lambda$38
                </Class>
                <Class sourceFile="Unknown">
                    com.jfoenix.controls.JFXDrawer$$Lambda$39
                </Class>
                <Class sourceFile="Unknown">
                    com.jfoenix.controls.JFXDrawer$$Lambda$4
                </Class>
                <Class sourceFile="Unknown">
                    com.jfoenix.controls.JFXDrawer$$Lambda$40
                </Class>
                <Class sourceFile="Unknown">
                    com.jfoenix.controls.JFXDrawer$$Lambda$41
                </Class>
                <Class sourceFile="Unknown">
                    com.jfoenix.controls.JFXDrawer$$Lambda$42
                </Class>
                <Class sourceFile="Unknown">
                    com.jfoenix.controls.JFXDrawer$$Lambda$43
                </Class>
                <Class sourceFile="Unknown">
                    com.jfoenix.controls.JFXDrawer$$Lambda$44
                </Class>
                <Class sourceFile="Unknown">
                    com.jfoenix.controls.JFXDrawer$$Lambda$45
                </Class>
                <Class sourceFile="Unknown">
                    com.jfoenix.controls.JFXDrawer$$Lambda$46
                </Class>
                <Class sourceFile="Unknown">
                    com.jfoenix.controls.JFXDrawer$$Lambda$47
                </Class>
                <Class sourceFile="Unknown">
                    com.jfoenix.controls.JFXDrawer$$Lambda$48
                </Class>
                <Class sourceFile="Unknown">
                    com.jfoenix.controls.JFXDrawer$$Lambda$49
                </Class>
                <Class sourceFile="Unknown">
                    com.jfoenix.controls.JFXDrawer$$Lambda$5
                </Class>
                <Class sourceFile="Unknown">
                    com.jfoenix.controls.JFXDrawer$$Lambda$50
                </Class>
                <Class sourceFile="Unknown">
                    com.jfoenix.controls.JFXDrawer$$Lambda$51
                </Class>
                <Class sourceFile="Unknown">
                    com.jfoenix.controls.JFXDrawer$$Lambda$52
                </Class>
                <Class sourceFile="Unknown">
                    com.jfoenix.controls.JFXDrawer$$Lambda$53
                </Class>
                <Class sourceFile="Unknown">
                    com.jfoenix.controls.JFXDrawer$$Lambda$54
                </Class>
                <Class sourceFile="Unknown">
                    com.jfoenix.controls.JFXDrawer$$Lambda$55
                </Class>
                <Class sourceFile="Unknown">
                    com.jfoenix.controls.JFXDrawer$$Lambda$56
                </Class>
                <Class sourceFile="Unknown">
                    com.jfoenix.controls.JFXDrawer$$Lambda$57
                </Class>
                <Class sourceFile="Unknown">
                    com.jfoenix.controls.JFXDrawer$$Lambda$58
                </Class>
                <Class sourceFile="Unknown">
                    com.jfoenix.controls.JFXDrawer$$Lambda$59
                </Class>
                <Class sourceFile="Unknown">
                    com.jfoenix.controls.JFXDrawer$$Lambda$6
                </Class>
                <Class sourceFile="Unknown">
                    com.jfoenix.controls.JFXDrawer$$Lambda$7
                </Class>
                <Class sourceFile="Unknown">
                    com.jfoenix.controls.JFXDrawer$$Lambda$8
                </Class>
                <Class sourceFile="Unknown">
                    com.jfoenix.controls.JFXDrawer$$Lambda$9
                </Class>
                <Class sourceFile="JFXDrawer.java">
                    com.jfoenix.controls.JFXDrawer$1
                </Class>
                <Class sourceFile="JFXDrawer.java">
                    com.jfoenix.controls.JFXDrawer$2
                </Class>
                <Class sourceFile="JFXDrawer.java">
                    com.jfoenix.controls.JFXDrawer$3
                </Class>
                <Class sourceFile="JFXDrawer.java">
                    com.jfoenix.controls.JFXDrawer$4
                </Class>
                <Class sourceFile="JFXDrawer.java">
                    com.jfoenix.controls.JFXDrawer$5
                </Class>
                <Class sourceFile="JFXDrawer.java">
                    com.jfoenix.controls.JFXDrawer$DrawerDirection
                </Class>
                <Class sourceFile="JFXDrawersStack.java">
                    com.jfoenix.controls.JFXDrawersStack
                </Class>
                <Class sourceFile="Unknown">
                    com.jfoenix.controls.JFXDrawersStack$$Lambda$1
                </Class>
                <Class sourceFile="Unknown">
                    com.jfoenix.controls.JFXDrawersStack$$Lambda$2
                </Class>
                <Class sourceFile="JFXHamburger.java">
                    com.jfoenix.controls.JFXHamburger
                </Class>
                <Class sourceFile="JFXListCell.java">
                    com.jfoenix.controls.JFXListCell
                </Class>
                <Class sourceFile="Unknown">
                    com.jfoenix.controls.JFXListCell$$Lambda$1
                </Class>
                <Class sourceFile="Unknown">
                    com.jfoenix.controls.JFXListCell$$Lambda$10
                </Class>
                <Class sourceFile="Unknown">
                    com.jfoenix.controls.JFXListCell$$Lambda$11
                </Class>
                <Class sourceFile="Unknown">
                    com.jfoenix.controls.JFXListCell$$Lambda$12
                </Class>
                <Class sourceFile="Unknown">
                    com.jfoenix.controls.JFXListCell$$Lambda$13
                </Class>
                <Class sourceFile="Unknown">
                    com.jfoenix.controls.JFXListCell$$Lambda$2
                </Class>
                <Class sourceFile="Unknown">
                    com.jfoenix.controls.JFXListCell$$Lambda$3
                </Class>
                <Class sourceFile="Unknown">
                    com.jfoenix.controls.JFXListCell$$Lambda$4
                </Class>
                <Class sourceFile="Unknown">
                    com.jfoenix.controls.JFXListCell$$Lambda$5
                </Class>
                <Class sourceFile="Unknown">
                    com.jfoenix.controls.JFXListCell$$Lambda$6
                </Class>
                <Class sourceFile="Unknown">
                    com.jfoenix.controls.JFXListCell$$Lambda$7
                </Class>
                <Class sourceFile="Unknown">
                    com.jfoenix.controls.JFXListCell$$Lambda$8
                </Class>
                <Class sourceFile="Unknown">
                    com.jfoenix.controls.JFXListCell$$Lambda$9
                </Class>
                <Class sourceFile="JFXListCell.java">
                    com.jfoenix.controls.JFXListCell$1
                </Class>
                <Class sourceFile="JFXListView.java">
                    com.jfoenix.controls.JFXListView
                </Class>
                <Class sourceFile="Unknown">
                    com.jfoenix.controls.JFXListView$$Lambda$1
                </Class>
                <Class sourceFile="Unknown">
                    com.jfoenix.controls.JFXListView$$Lambda$10
                </Class>
                <Class sourceFile="Unknown">
                    com.jfoenix.controls.JFXListView$$Lambda$11
                </Class>
                <Class sourceFile="Unknown">
                    com.jfoenix.controls.JFXListView$$Lambda$2
                </Class>
                <Class sourceFile="Unknown">
                    com.jfoenix.controls.JFXListView$$Lambda$3
                </Class>
                <Class sourceFile="Unknown">
                    com.jfoenix.controls.JFXListView$$Lambda$4
                </Class>
                <Class sourceFile="Unknown">
                    com.jfoenix.controls.JFXListView$$Lambda$5
                </Class>
                <Class sourceFile="Unknown">
                    com.jfoenix.controls.JFXListView$$Lambda$6
                </Class>
                <Class sourceFile="Unknown">
                    com.jfoenix.controls.JFXListView$$Lambda$7
                </Class>
                <Class sourceFile="Unknown">
                    com.jfoenix.controls.JFXListView$$Lambda$8
                </Class>
                <Class sourceFile="Unknown">
                    com.jfoenix.controls.JFXListView$$Lambda$9
                </Class>
                <Class sourceFile="JFXListView.java">
                    com.jfoenix.controls.JFXListView$StyleableProperties
                </Class>
                <Class sourceFile="JFXListView.java">
                    com.jfoenix.controls.JFXListView$StyleableProperties$1
                </Class>
                <Class sourceFile="JFXListView.java">
                    com.jfoenix.controls.JFXListView$StyleableProperties$2
                </Class>
                <Class sourceFile="JFXMasonryPane.java">
                    com.jfoenix.controls.JFXMasonryPane
                </Class>
                <Class sourceFile="Unknown">
                    com.jfoenix.controls.JFXMasonryPane$$Lambda$1
                </Class>
                <Class sourceFile="Unknown">
                    com.jfoenix.controls.JFXMasonryPane$$Lambda$2
                </Class>
                <Class sourceFile="Unknown">
                    com.jfoenix.controls.JFXMasonryPane$$Lambda$3
                </Class>
                <Class sourceFile="Unknown">
                    com.jfoenix.controls.JFXMasonryPane$$Lambda$4
                </Class>
                <Class sourceFile="Unknown">
                    com.jfoenix.controls.JFXMasonryPane$$Lambda$5
                </Class>
                <Class sourceFile="JFXMasonryPane.java">
                    com.jfoenix.controls.JFXMasonryPane$1
                </Class>
                <Class sourceFile="Unknown">
                    com.jfoenix.controls.JFXMasonryPane$1$$Lambda$1
                </Class>
                <Class sourceFile="JFXMasonryPane.java">
                    com.jfoenix.controls.JFXMasonryPane$2
                </Class>
                <Class sourceFile="Unknown">
                    com.jfoenix.controls.JFXMasonryPane$2$$Lambda$1
                </Class>
                <Class sourceFile="JFXMasonryPane.java">
                    com.jfoenix.controls.JFXMasonryPane$BinPackingLayout
                </Class>
                <Class sourceFile="JFXMasonryPane.java">
                    com.jfoenix.controls.JFXMasonryPane$MasonryLayout
                </Class>
                <Class sourceFile="JFXNodesList.java">
                    com.jfoenix.controls.JFXNodesList
                </Class>
                <Class sourceFile="Unknown">
                    com.jfoenix.controls.JFXNodesList$$Lambda$1
                </Class>
                <Class sourceFile="Unknown">
                    com.jfoenix.controls.JFXNodesList$$Lambda$2
                </Class>
                <Class sourceFile="Unknown">
                    com.jfoenix.controls.JFXNodesList$$Lambda$3
                </Class>
                <Class sourceFile="Unknown">
                    com.jfoenix.controls.JFXNodesList$$Lambda$4
                </Class>
                <Class sourceFile="Unknown">
                    com.jfoenix.controls.JFXNodesList$$Lambda$5
                </Class>
                <Class sourceFile="Unknown">
                    com.jfoenix.controls.JFXNodesList$$Lambda$6
                </Class>
                <Class sourceFile="Unknown">
                    com.jfoenix.controls.JFXNodesList$$Lambda$7
                </Class>
                <Class sourceFile="JFXNodesList.java">
                    com.jfoenix.controls.JFXNodesList$1
                </Class>
                <Class sourceFile="JFXPasswordField.java">
                    com.jfoenix.controls.JFXPasswordField
                </Class>
                <Class sourceFile="JFXPasswordField.java">
                    com.jfoenix.controls.JFXPasswordField$StyleableProperties
                </Class>
                <Class sourceFile="JFXPasswordField.java">
                    com.jfoenix.controls.JFXPasswordField$StyleableProperties$1
                </Class>
                <Class sourceFile="JFXPasswordField.java">
                    com.jfoenix.controls.JFXPasswordField$StyleableProperties$2
                </Class>
                <Class sourceFile="JFXPasswordField.java">
                    com.jfoenix.controls.JFXPasswordField$StyleableProperties$3
                </Class>
                <Class sourceFile="JFXPasswordField.java">
                    com.jfoenix.controls.JFXPasswordField$StyleableProperties$4
                </Class>
                <Class sourceFile="JFXPopup.java">
                    com.jfoenix.controls.JFXPopup
                </Class>
                <Class sourceFile="Unknown">
                    com.jfoenix.controls.JFXPopup$$Lambda$1
                </Class>
                <Class sourceFile="Unknown">
                    com.jfoenix.controls.JFXPopup$$Lambda$2
                </Class>
                <Class sourceFile="JFXPopup.java">
                    com.jfoenix.controls.JFXPopup$PopupHPosition
                </Class>
                <Class sourceFile="JFXPopup.java">
                    com.jfoenix.controls.JFXPopup$PopupVPosition
                </Class>
                <Class sourceFile="JFXProgressBar.java">
                    com.jfoenix.controls.JFXProgressBar
                </Class>
                <Class sourceFile="JFXRadioButton.java">
                    com.jfoenix.controls.JFXRadioButton
                </Class>
                <Class sourceFile="JFXRadioButton.java">
                    com.jfoenix.controls.JFXRadioButton$StyleableProperties
                </Class>
                <Class sourceFile="JFXRadioButton.java">
                    com.jfoenix.controls.JFXRadioButton$StyleableProperties$1
                </Class>
                <Class sourceFile="JFXRadioButton.java">
                    com.jfoenix.controls.JFXRadioButton$StyleableProperties$2
                </Class>
                <Class sourceFile="JFXRadioButton.java">
                    com.jfoenix.controls.JFXRadioButton$StyleableProperties$3
                </Class>
                <Class sourceFile="JFXRadioButton.java">
                    com.jfoenix.controls.JFXRadioButton$StyleableProperties$4
                </Class>
                <Class sourceFile="JFXRippler.java">
                    com.jfoenix.controls.JFXRippler
                </Class>
                <Class sourceFile="Unknown">
                    com.jfoenix.controls.JFXRippler$$Lambda$1
                </Class>
                <Class sourceFile="Unknown">
                    com.jfoenix.controls.JFXRippler$$Lambda$2
                </Class>
                <Class sourceFile="Unknown">
                    com.jfoenix.controls.JFXRippler$$Lambda$3
                </Class>
                <Class sourceFile="Unknown">
                    com.jfoenix.controls.JFXRippler$$Lambda$4
                </Class>
                <Class sourceFile="Unknown">
                    com.jfoenix.controls.JFXRippler$$Lambda$5
                </Class>
                <Class sourceFile="Unknown">
                    com.jfoenix.controls.JFXRippler$$Lambda$6
                </Class>
                <Class sourceFile="Unknown">
                    com.jfoenix.controls.JFXRippler$$Lambda$7
                </Class>
                <Class sourceFile="JFXRippler.java">
                    com.jfoenix.controls.JFXRippler$1
                </Class>
                <Class sourceFile="JFXRippler.java">
                    com.jfoenix.controls.JFXRippler$RippleGenerator
                </Class>
                <Class sourceFile="Unknown">
                    com.jfoenix.controls.JFXRippler$RippleGenerator$$Lambda$1
                </Class>
                <Class sourceFile="JFXRippler.java">
                    com.jfoenix.controls.JFXRippler$RippleGenerator$OverLayRipple
                </Class>
                <Class sourceFile="JFXRippler.java">
                    com.jfoenix.controls.JFXRippler$RippleGenerator$Ripple
                </Class>
                <Class sourceFile="JFXRippler.java">
                    com.jfoenix.controls.JFXRippler$RipplerMask
                </Class>
                <Class sourceFile="JFXRippler.java">
                    com.jfoenix.controls.JFXRippler$RipplerPos
                </Class>
                <Class sourceFile="JFXRippler.java">
                    com.jfoenix.controls.JFXRippler$StyleableProperties
                </Class>
                <Class sourceFile="JFXRippler.java">
                    com.jfoenix.controls.JFXRippler$StyleableProperties$1
                </Class>
                <Class sourceFile="JFXRippler.java">
                    com.jfoenix.controls.JFXRippler$StyleableProperties$2
                </Class>
                <Class sourceFile="JFXRippler.java">
                    com.jfoenix.controls.JFXRippler$StyleableProperties$3
                </Class>
                <Class sourceFile="JFXRippler.java">
                    com.jfoenix.controls.JFXRippler$StyleableProperties$4
                </Class>
                <Class sourceFile="JFXRippler.java">
                    com.jfoenix.controls.JFXRippler$StyleableProperties$5
                </Class>
                <Class sourceFile="JFXScrollPane.java">
                    com.jfoenix.controls.JFXScrollPane
                </Class>
                <Class sourceFile="Unknown">
                    com.jfoenix.controls.JFXScrollPane$$Lambda$1
                </Class>
                <Class sourceFile="Unknown">
                    com.jfoenix.controls.JFXScrollPane$$Lambda$2
                </Class>
                <Class sourceFile="Unknown">
                    com.jfoenix.controls.JFXScrollPane$$Lambda$3
                </Class>
                <Class sourceFile="Unknown">
                    com.jfoenix.controls.JFXScrollPane$$Lambda$4
                </Class>
                <Class sourceFile="Unknown">
                    com.jfoenix.controls.JFXScrollPane$$Lambda$5
                </Class>
                <Class sourceFile="Unknown">
                    com.jfoenix.controls.JFXScrollPane$$Lambda$6
                </Class>
                <Class sourceFile="Unknown">
                    com.jfoenix.controls.JFXScrollPane$$Lambda$7
                </Class>
                <Class sourceFile="Unknown">
                    com.jfoenix.controls.JFXScrollPane$$Lambda$8
                </Class>
                <Class sourceFile="JFXSlider.java">
                    com.jfoenix.controls.JFXSlider
                </Class>
                <Class sourceFile="JFXSlider.java">
                    com.jfoenix.controls.JFXSlider$IndicatorPosition
                </Class>
                <Class sourceFile="JFXSlider.java">
                    com.jfoenix.controls.JFXSlider$StyleableProperties
                </Class>
                <Class sourceFile="JFXSlider.java">
                    com.jfoenix.controls.JFXSlider$StyleableProperties$1
                </Class>
                <Class sourceFile="JFXSnackbar.java">
                    com.jfoenix.controls.JFXSnackbar
                </Class>
                <Class sourceFile="Unknown">
                    com.jfoenix.controls.JFXSnackbar$$Lambda$1
                </Class>
                <Class sourceFile="Unknown">
                    com.jfoenix.controls.JFXSnackbar$$Lambda$10
                </Class>
                <Class sourceFile="Unknown">
                    com.jfoenix.controls.JFXSnackbar$$Lambda$11
                </Class>
                <Class sourceFile="Unknown">
                    com.jfoenix.controls.JFXSnackbar$$Lambda$12
                </Class>
                <Class sourceFile="Unknown">
                    com.jfoenix.controls.JFXSnackbar$$Lambda$13
                </Class>
                <Class sourceFile="Unknown">
                    com.jfoenix.controls.JFXSnackbar$$Lambda$2
                </Class>
                <Class sourceFile="Unknown">
                    com.jfoenix.controls.JFXSnackbar$$Lambda$3
                </Class>
                <Class sourceFile="Unknown">
                    com.jfoenix.controls.JFXSnackbar$$Lambda$4
                </Class>
                <Class sourceFile="Unknown">
                    com.jfoenix.controls.JFXSnackbar$$Lambda$5
                </Class>
                <Class sourceFile="Unknown">
                    com.jfoenix.controls.JFXSnackbar$$Lambda$6
                </Class>
                <Class sourceFile="Unknown">
                    com.jfoenix.controls.JFXSnackbar$$Lambda$7
                </Class>
                <Class sourceFile="Unknown">
                    com.jfoenix.controls.JFXSnackbar$$Lambda$8
                </Class>
                <Class sourceFile="Unknown">
                    com.jfoenix.controls.JFXSnackbar$$Lambda$9
                </Class>
                <Class sourceFile="JFXSnackbar.java">
                    com.jfoenix.controls.JFXSnackbar$SnackbarEvent
                </Class>
                <Class sourceFile="JFXSpinner.java">
                    com.jfoenix.controls.JFXSpinner
                </Class>
                <Class sourceFile="JFXSpinner.java">
                    com.jfoenix.controls.JFXSpinner$StyleableProperties
                </Class>
                <Class sourceFile="JFXSpinner.java">
                    com.jfoenix.controls.JFXSpinner$StyleableProperties$1
                </Class>
                <Class sourceFile="JFXSpinner.java">
                    com.jfoenix.controls.JFXSpinner$StyleableProperties$2
                </Class>
                <Class sourceFile="JFXTabPane.java">
                    com.jfoenix.controls.JFXTabPane
                </Class>
                <Class sourceFile="Unknown">
                    com.jfoenix.controls.JFXTabPane$$Lambda$1
                </Class>
                <Class sourceFile="JFXTabPane.java">
                    com.jfoenix.controls.JFXTabPane$StyleableProperties
                </Class>
                <Class sourceFile="JFXTabPane.java">
                    com.jfoenix.controls.JFXTabPane$StyleableProperties$1
                </Class>
                <Class sourceFile="JFXTextArea.java">
                    com.jfoenix.controls.JFXTextArea
                </Class>
                <Class sourceFile="JFXTextArea.java">
                    com.jfoenix.controls.JFXTextArea$StyleableProperties
                </Class>
                <Class sourceFile="JFXTextArea.java">
                    com.jfoenix.controls.JFXTextArea$StyleableProperties$1
                </Class>
                <Class sourceFile="JFXTextArea.java">
                    com.jfoenix.controls.JFXTextArea$StyleableProperties$2
                </Class>
                <Class sourceFile="JFXTextArea.java">
                    com.jfoenix.controls.JFXTextArea$StyleableProperties$3
                </Class>
                <Class sourceFile="JFXTextArea.java">
                    com.jfoenix.controls.JFXTextArea$StyleableProperties$4
                </Class>
                <Class sourceFile="JFXTextField.java">
                    com.jfoenix.controls.JFXTextField
                </Class>
                <Class sourceFile="JFXTextField.java">
                    com.jfoenix.controls.JFXTextField$StyleableProperties
                </Class>
                <Class sourceFile="JFXTextField.java">
                    com.jfoenix.controls.JFXTextField$StyleableProperties$1
                </Class>
                <Class sourceFile="JFXTextField.java">
                    com.jfoenix.controls.JFXTextField$StyleableProperties$2
                </Class>
                <Class sourceFile="JFXTextField.java">
                    com.jfoenix.controls.JFXTextField$StyleableProperties$3
                </Class>
                <Class sourceFile="JFXTextField.java">
                    com.jfoenix.controls.JFXTextField$StyleableProperties$4
                </Class>
                <Class sourceFile="JFXTimePicker.java">
                    com.jfoenix.controls.JFXTimePicker
                </Class>
                <Class sourceFile="Unknown">
                    com.jfoenix.controls.JFXTimePicker$$Lambda$1
                </Class>
                <Class sourceFile="JFXTimePicker.java">
                    com.jfoenix.controls.JFXTimePicker$StyleableProperties
                </Class>
                <Class sourceFile="JFXTimePicker.java">
                    com.jfoenix.controls.JFXTimePicker$StyleableProperties$1
                </Class>
                <Class sourceFile="JFXTimePicker.java">
                    com.jfoenix.controls.JFXTimePicker$StyleableProperties$2
                </Class>
                <Class sourceFile="JFXToggleButton.java">
                    com.jfoenix.controls.JFXToggleButton
                </Class>
                <Class sourceFile="JFXToggleButton.java">
                    com.jfoenix.controls.JFXToggleButton$StyleableProperties
                </Class>
                <Class sourceFile="JFXToggleButton.java">
                    com.jfoenix.controls.JFXToggleButton$StyleableProperties$1
                </Class>
                <Class sourceFile="JFXToggleButton.java">
                    com.jfoenix.controls.JFXToggleButton$StyleableProperties$2
                </Class>
                <Class sourceFile="JFXToggleButton.java">
                    com.jfoenix.controls.JFXToggleButton$StyleableProperties$3
                </Class>
                <Class sourceFile="JFXToggleButton.java">
                    com.jfoenix.controls.JFXToggleButton$StyleableProperties$4
                </Class>
                <Class sourceFile="JFXToggleButton.java">
                    com.jfoenix.controls.JFXToggleButton$StyleableProperties$5
                </Class>
                <Class sourceFile="JFXToggleButton.java">
                    com.jfoenix.controls.JFXToggleButton$StyleableProperties$6
                </Class>
                <Class sourceFile="JFXToggleButton.java">
                    com.jfoenix.controls.JFXToggleButton$StyleableProperties$7
                </Class>
                <Class sourceFile="JFXToggleNode.java">
                    com.jfoenix.controls.JFXToggleNode
                </Class>
                <Class sourceFile="JFXToggleNode.java">
                    com.jfoenix.controls.JFXToggleNode$StyleableProperties
                </Class>
                <Class sourceFile="JFXToggleNode.java">
                    com.jfoenix.controls.JFXToggleNode$StyleableProperties$1
                </Class>
                <Class sourceFile="JFXToggleNode.java">
                    com.jfoenix.controls.JFXToggleNode$StyleableProperties$2
                </Class>
                <Class sourceFile="JFXToggleNode.java">
                    com.jfoenix.controls.JFXToggleNode$StyleableProperties$3
                </Class>
                <Class sourceFile="JFXTogglePane.java">
                    com.jfoenix.controls.JFXTogglePane
                </Class>
                <Class sourceFile="Unknown">
                    com.jfoenix.controls.JFXTogglePane$$Lambda$1
                </Class>
                <Class sourceFile="Unknown">
                    com.jfoenix.controls.JFXTogglePane$$Lambda$10
                </Class>
                <Class sourceFile="Unknown">
                    com.jfoenix.controls.JFXTogglePane$$Lambda$11
                </Class>
                <Class sourceFile="Unknown">
                    com.jfoenix.controls.JFXTogglePane$$Lambda$12
                </Class>
                <Class sourceFile="Unknown">
                    com.jfoenix.controls.JFXTogglePane$$Lambda$13
                </Class>
                <Class sourceFile="Unknown">
                    com.jfoenix.controls.JFXTogglePane$$Lambda$14
                </Class>
                <Class sourceFile="Unknown">
                    com.jfoenix.controls.JFXTogglePane$$Lambda$2
                </Class>
                <Class sourceFile="Unknown">
                    com.jfoenix.controls.JFXTogglePane$$Lambda$3
                </Class>
                <Class sourceFile="Unknown">
                    com.jfoenix.controls.JFXTogglePane$$Lambda$4
                </Class>
                <Class sourceFile="Unknown">
                    com.jfoenix.controls.JFXTogglePane$$Lambda$5
                </Class>
                <Class sourceFile="Unknown">
                    com.jfoenix.controls.JFXTogglePane$$Lambda$6
                </Class>
                <Class sourceFile="Unknown">
                    com.jfoenix.controls.JFXTogglePane$$Lambda$7
                </Class>
                <Class sourceFile="Unknown">
                    com.jfoenix.controls.JFXTogglePane$$Lambda$8
                </Class>
                <Class sourceFile="Unknown">
                    com.jfoenix.controls.JFXTogglePane$$Lambda$9
                </Class>
                <Class sourceFile="JFXToolbar.java">
                    com.jfoenix.controls.JFXToolbar
                </Class>
                <Class sourceFile="JFXTreeCell.java">
                    com.jfoenix.controls.JFXTreeCell
                </Class>
                <Class sourceFile="Unknown">
                    com.jfoenix.controls.JFXTreeCell$$Lambda$1
                </Class>
                <Class sourceFile="Unknown">
                    com.jfoenix.controls.JFXTreeCell$$Lambda$2
                </Class>
                <Class sourceFile="Unknown">
                    com.jfoenix.controls.JFXTreeCell$$Lambda$3
                </Class>
                <Class sourceFile="JFXTreeCell.java">
                    com.jfoenix.controls.JFXTreeCell$1
                </Class>
                <Class sourceFile="JFXTreeTableColumn.java">
                    com.jfoenix.controls.JFXTreeTableColumn
                </Class>
                <Class sourceFile="Unknown">
                    com.jfoenix.controls.JFXTreeTableColumn$$Lambda$1
                </Class>
                <Class sourceFile="Unknown">
                    com.jfoenix.controls.JFXTreeTableColumn$$Lambda$2
                </Class>
                <Class sourceFile="JFXTreeTableColumn.java">
                    com.jfoenix.controls.JFXTreeTableColumn$1
                </Class>
                <Class sourceFile="JFXTreeTableColumn.java">
                    com.jfoenix.controls.JFXTreeTableColumn$1$1
                </Class>
                <Class sourceFile="JFXTreeTableRow.java">
                    com.jfoenix.controls.JFXTreeTableRow
                </Class>
                <Class sourceFile="Unknown">
                    com.jfoenix.controls.JFXTreeTableRow$$Lambda$1
                </Class>
                <Class sourceFile="JFXTreeTableView.java">
                    com.jfoenix.controls.JFXTreeTableView
                </Class>
                <Class sourceFile="Unknown">
                    com.jfoenix.controls.JFXTreeTableView$$Lambda$1
                </Class>
                <Class sourceFile="Unknown">
                    com.jfoenix.controls.JFXTreeTableView$$Lambda$10
                </Class>
                <Class sourceFile="Unknown">
                    com.jfoenix.controls.JFXTreeTableView$$Lambda$11
                </Class>
                <Class sourceFile="Unknown">
                    com.jfoenix.controls.JFXTreeTableView$$Lambda$12
                </Class>
                <Class sourceFile="Unknown">
                    com.jfoenix.controls.JFXTreeTableView$$Lambda$13
                </Class>
                <Class sourceFile="Unknown">
                    com.jfoenix.controls.JFXTreeTableView$$Lambda$14
                </Class>
                <Class sourceFile="Unknown">
                    com.jfoenix.controls.JFXTreeTableView$$Lambda$15
                </Class>
                <Class sourceFile="Unknown">
                    com.jfoenix.controls.JFXTreeTableView$$Lambda$16
                </Class>
                <Class sourceFile="Unknown">
                    com.jfoenix.controls.JFXTreeTableView$$Lambda$17
                </Class>
                <Class sourceFile="Unknown">
                    com.jfoenix.controls.JFXTreeTableView$$Lambda$18
                </Class>
                <Class sourceFile="Unknown">
                    com.jfoenix.controls.JFXTreeTableView$$Lambda$2
                </Class>
                <Class sourceFile="Unknown">
                    com.jfoenix.controls.JFXTreeTableView$$Lambda$3
                </Class>
                <Class sourceFile="Unknown">
                    com.jfoenix.controls.JFXTreeTableView$$Lambda$4
                </Class>
                <Class sourceFile="Unknown">
                    com.jfoenix.controls.JFXTreeTableView$$Lambda$5
                </Class>
                <Class sourceFile="Unknown">
                    com.jfoenix.controls.JFXTreeTableView$$Lambda$6
                </Class>
                <Class sourceFile="Unknown">
                    com.jfoenix.controls.JFXTreeTableView$$Lambda$7
                </Class>
                <Class sourceFile="Unknown">
                    com.jfoenix.controls.JFXTreeTableView$$Lambda$8
                </Class>
                <Class sourceFile="Unknown">
                    com.jfoenix.controls.JFXTreeTableView$$Lambda$9
                </Class>
                <Class sourceFile="JFXTreeView.java">
                    com.jfoenix.controls.JFXTreeView
                </Class>
                <Class sourceFile="Unknown">
                    com.jfoenix.controls.JFXTreeView$$Lambda$1
                </Class>
                <Class sourceFile="JFXTreeViewPath.java">
                    com.jfoenix.controls.JFXTreeViewPath
                </Class>
                <Class sourceFile="Unknown">
                    com.jfoenix.controls.JFXTreeViewPath$$Lambda$1
                </Class>
                <Class sourceFile="Unknown">
                    com.jfoenix.controls.JFXTreeViewPath$$Lambda$2
                </Class>
                <Class sourceFile="Unknown">
                    com.jfoenix.controls.JFXTreeViewPath$$Lambda$3
                </Class>
                <Class sourceFile="Unknown">
                    com.jfoenix.controls.JFXTreeViewPath$$Lambda$4
                </Class>
                <Class sourceFile="Unknown">
                    com.jfoenix.controls.JFXTreeViewPath$$Lambda$5
                </Class>
                <Class sourceFile="Unknown">
                    com.jfoenix.controls.JFXTreeViewPath$$Lambda$6
                </Class>
                <Class sourceFile="JFXTreeViewPath.java">
                    com.jfoenix.controls.JFXTreeViewPath$1
                </Class>
                <Class sourceFile="JFXTreeViewPath.java">
                    com.jfoenix.controls.JFXTreeViewPath$2
                </Class>
                <Class sourceFile="JFXTreeViewPath.java">
                    com.jfoenix.controls.JFXTreeViewPath$3
                </Class>
                <Class sourceFile="JFXTreeViewPath.java">
                    com.jfoenix.controls.JFXTreeViewPath$StyleableProperties
                </Class>
                <Class sourceFile="JFXTreeViewPath.java">
                    com.jfoenix.controls.JFXTreeViewPath$StyleableProperties$1
                </Class>
                <Class sourceFile="RecursiveTreeItem.java">
                    com.jfoenix.controls.RecursiveTreeItem
                </Class>
                <Class sourceFile="Unknown">
                    com.jfoenix.controls.RecursiveTreeItem$$Lambda$1
                </Class>
                <Class sourceFile="Unknown">
                    com.jfoenix.controls.RecursiveTreeItem$$Lambda$10
                </Class>
                <Class sourceFile="Unknown">
                    com.jfoenix.controls.RecursiveTreeItem$$Lambda$2
                </Class>
                <Class sourceFile="Unknown">
                    com.jfoenix.controls.RecursiveTreeItem$$Lambda$3
                </Class>
                <Class sourceFile="Unknown">
                    com.jfoenix.controls.RecursiveTreeItem$$Lambda$4
                </Class>
                <Class sourceFile="Unknown">
                    com.jfoenix.controls.RecursiveTreeItem$$Lambda$5
                </Class>
                <Class sourceFile="Unknown">
                    com.jfoenix.controls.RecursiveTreeItem$$Lambda$6
                </Class>
                <Class sourceFile="Unknown">
                    com.jfoenix.controls.RecursiveTreeItem$$Lambda$7
                </Class>
                <Class sourceFile="Unknown">
                    com.jfoenix.controls.RecursiveTreeItem$$Lambda$8
                </Class>
                <Class sourceFile="Unknown">
                    com.jfoenix.controls.RecursiveTreeItem$$Lambda$9
                </Class>
            </ConcreteClasses>

            <DependsUpon>
                <Package>com.jfoenix.animation.alert</Package>
                <Package>com.jfoenix.concurrency</Package>
                <Package>com.jfoenix.controls.cells.editors.base</Package>
                <Package>com.jfoenix.controls.datamodels.treetable</Package>
                <Package>com.jfoenix.controls.events</Package>
                <Package>com.jfoenix.converters</Package>
                <Package>com.jfoenix.converters.base</Package>
                <Package>com.jfoenix.effects</Package>
                <Package>com.jfoenix.skins</Package>
                <Package>com.jfoenix.svg</Package>
                <Package>com.jfoenix.transitions</Package>
                <Package>com.jfoenix.transitions.hamburger</Package>
                <Package>com.jfoenix.utils</Package>
                <Package>com.jfoenix.validation.base</Package>
                <Package>com.sun.javafx.css.converters</Package>
                <Package>com.sun.javafx.event</Package>
                <Package>java.io</Package>
                <Package>java.lang</Package>
                <Package>java.lang.ref</Package>
                <Package>java.lang.reflect</Package>
                <Package>java.net</Package>
                <Package>java.time</Package>
                <Package>java.time.format</Package>
                <Package>java.util</Package>
                <Package>java.util.concurrent</Package>
                <Package>java.util.concurrent.atomic</Package>
                <Package>java.util.concurrent.locks</Package>
                <Package>java.util.function</Package>
                <Package>javafx.animation</Package>
                <Package>javafx.application</Package>
                <Package>javafx.beans</Package>
                <Package>javafx.beans.binding</Package>
                <Package>javafx.beans.property</Package>
                <Package>javafx.beans.value</Package>
                <Package>javafx.collections</Package>
                <Package>javafx.collections.transformation</Package>
                <Package>javafx.css</Package>
                <Package>javafx.event</Package>
                <Package>javafx.geometry</Package>
                <Package>javafx.scene</Package>
                <Package>javafx.scene.control</Package>
                <Package>javafx.scene.input</Package>
                <Package>javafx.scene.layout</Package>
                <Package>javafx.scene.paint</Package>
                <Package>javafx.scene.shape</Package>
                <Package>javafx.scene.text</Package>
                <Package>javafx.scene.transform</Package>
                <Package>javafx.stage</Package>
                <Package>javafx.util</Package>
                <Package>javafx.util.converter</Package>
            </DependsUpon>

            <UsedBy>
                <Package>com.jfoenix.controls.behavior</Package>
                <Package>com.jfoenix.controls.cells.editors</Package>
                <Package>com.jfoenix.controls.cells.editors.base</Package>
                <Package>com.jfoenix.converters</Package>
                <Package>com.jfoenix.skins</Package>
                <Package>com.jfoenix.transitions.hamburger</Package>
            </UsedBy>
        </Package>

        <Package name="com.jfoenix.controls.behavior">
            <Stats>
                <TotalClasses>4</TotalClasses>
                <ConcreteClasses>4</ConcreteClasses>
                <AbstractClasses>0</AbstractClasses>
                <Ca>1</Ca>
                <Ce>9</Ce>
                <A>0</A>
                <I>0.9</I>
                <D>0.1</D>
                <V>1</V>
            </Stats>

            <AbstractClasses>
            </AbstractClasses>

            <ConcreteClasses>
                <Class sourceFile="JFXColorPickerBehavior.java">
                    com.jfoenix.controls.behavior.JFXColorPickerBehavior
                </Class>
                <Class sourceFile="JFXDatePickerBehavior.java">
                    com.jfoenix.controls.behavior.JFXDatePickerBehavior
                </Class>
                <Class sourceFile="JFXTimePickerBehavior.java">
                    com.jfoenix.controls.behavior.JFXTimePickerBehavior
                </Class>
                <Class sourceFile="JFXTreeTableCellBehavior.java">
                    com.jfoenix.controls.behavior.JFXTreeTableCellBehavior
                </Class>
            </ConcreteClasses>

            <DependsUpon>
                <Package>com.jfoenix.controls</Package>
                <Package>com.jfoenix.skins</Package>
                <Package>com.sun.javafx.scene.control.behavior</Package>
                <Package>java.lang</Package>
                <Package>java.util</Package>
                <Package>javafx.geometry</Package>
                <Package>javafx.scene</Package>
                <Package>javafx.scene.control</Package>
                <Package>javafx.scene.input</Package>
            </DependsUpon>

            <UsedBy>
                <Package>com.jfoenix.skins</Package>
            </UsedBy>
        </Package>

        <Package name="com.jfoenix.controls.cells.editors">
            <Stats>
                <TotalClasses>9</TotalClasses>
                <ConcreteClasses>9</ConcreteClasses>
                <AbstractClasses>0</AbstractClasses>
                <Ca>1</Ca>
                <Ce>10</Ce>
                <A>0</A>
                <I>0.91</I>
                <D>0.09</D>
                <V>1</V>
            </Stats>

            <AbstractClasses>
            </AbstractClasses>

            <ConcreteClasses>
                <Class sourceFile="DoubleTextFieldEditorBuilder.java">
                    com.jfoenix.controls.cells.editors.DoubleTextFieldEditorBuilder
                </Class>
                <Class sourceFile="Unknown">
                    com.jfoenix.controls.cells.editors.DoubleTextFieldEditorBuilder$$Lambda$1
                </Class>
                <Class sourceFile="Unknown">
                    com.jfoenix.controls.cells.editors.DoubleTextFieldEditorBuilder$$Lambda$2
                </Class>
                <Class sourceFile="IntegerTextFieldEditorBuilder.java">
                    com.jfoenix.controls.cells.editors.IntegerTextFieldEditorBuilder
                </Class>
                <Class sourceFile="Unknown">
                    com.jfoenix.controls.cells.editors.IntegerTextFieldEditorBuilder$$Lambda$1
                </Class>
                <Class sourceFile="Unknown">
                    com.jfoenix.controls.cells.editors.IntegerTextFieldEditorBuilder$$Lambda$2
                </Class>
                <Class sourceFile="TextFieldEditorBuilder.java">
                    com.jfoenix.controls.cells.editors.TextFieldEditorBuilder
                </Class>
                <Class sourceFile="Unknown">
                    com.jfoenix.controls.cells.editors.TextFieldEditorBuilder$$Lambda$1
                </Class>
                <Class sourceFile="Unknown">
                    com.jfoenix.controls.cells.editors.TextFieldEditorBuilder$$Lambda$2
                </Class>
            </ConcreteClasses>

            <DependsUpon>
                <Package>com.jfoenix.controls</Package>
                <Package>com.jfoenix.controls.cells.editors.base</Package>
                <Package>com.jfoenix.validation</Package>
                <Package>java.lang</Package>
                <Package>javafx.application</Package>
                <Package>javafx.beans.property</Package>
                <Package>javafx.beans.value</Package>
                <Package>javafx.collections</Package>
                <Package>javafx.event</Package>
                <Package>javafx.scene.layout</Package>
            </DependsUpon>

            <UsedBy>
                <Package>com.jfoenix.controls.cells.editors.base</Package>
            </UsedBy>
        </Package>

        <Package name="com.jfoenix.controls.cells.editors.base">
            <Stats>
                <TotalClasses>5</TotalClasses>
                <ConcreteClasses>4</ConcreteClasses>
                <AbstractClasses>1</AbstractClasses>
                <Ca>3</Ca>
                <Ce>14</Ce>
                <A>0.2</A>
                <I>0.82</I>
                <D>0.02</D>
                <V>1</V>
            </Stats>

            <AbstractClasses>
                <Class sourceFile="EditorNodeBuilder.java">
                    com.jfoenix.controls.cells.editors.base.EditorNodeBuilder
                </Class>
            </AbstractClasses>

            <ConcreteClasses>
                <Class sourceFile="GenericEditableTreeTableCell.java">
                    com.jfoenix.controls.cells.editors.base.GenericEditableTreeTableCell
                </Class>
                <Class sourceFile="Unknown">
                    com.jfoenix.controls.cells.editors.base.GenericEditableTreeTableCell$$Lambda$1
                </Class>
                <Class sourceFile="Unknown">
                    com.jfoenix.controls.cells.editors.base.GenericEditableTreeTableCell$$Lambda$2
                </Class>
                <Class sourceFile="JFXTreeTableCell.java">
                    com.jfoenix.controls.cells.editors.base.JFXTreeTableCell
                </Class>
            </ConcreteClasses>

            <DependsUpon>
                <Package>com.jfoenix.controls</Package>
                <Package>com.jfoenix.controls.cells.editors</Package>
                <Package>com.jfoenix.controls.datamodels.treetable</Package>
                <Package>com.jfoenix.skins</Package>
                <Package>java.lang</Package>
                <Package>java.util</Package>
                <Package>javafx.beans.property</Package>
                <Package>javafx.beans.value</Package>
                <Package>javafx.collections</Package>
                <Package>javafx.event</Package>
                <Package>javafx.scene</Package>
                <Package>javafx.scene.control</Package>
                <Package>javafx.scene.input</Package>
                <Package>javafx.scene.layout</Package>
            </DependsUpon>

            <UsedBy>
                <Package>com.jfoenix.controls</Package>
                <Package>com.jfoenix.controls.cells.editors</Package>
                <Package>com.jfoenix.skins</Package>
            </UsedBy>
        </Package>

        <Package name="com.jfoenix.controls.datamodels.treetable">
            <Stats>
                <TotalClasses>1</TotalClasses>
                <ConcreteClasses>1</ConcreteClasses>
                <AbstractClasses>0</AbstractClasses>
                <Ca>3</Ca>
                <Ce>4</Ce>
                <A>0</A>
                <I>0.57</I>
                <D>0.43</D>
                <V>1</V>
            </Stats>

            <AbstractClasses>
            </AbstractClasses>

            <ConcreteClasses>
                <Class sourceFile="RecursiveTreeObject.java">
                    com.jfoenix.controls.datamodels.treetable.RecursiveTreeObject
                </Class>
            </ConcreteClasses>

            <DependsUpon>
                <Package>java.lang</Package>
                <Package>javafx.beans.property</Package>
                <Package>javafx.collections</Package>
                <Package>javafx.scene.control</Package>
            </DependsUpon>

            <UsedBy>
                <Package>com.jfoenix.controls</Package>
                <Package>com.jfoenix.controls.cells.editors.base</Package>
                <Package>com.jfoenix.skins</Package>
            </UsedBy>
        </Package>

        <Package name="com.jfoenix.controls.events">
            <Stats>
                <TotalClasses>3</TotalClasses>
                <ConcreteClasses>3</ConcreteClasses>
                <AbstractClasses>0</AbstractClasses>
                <Ca>2</Ca>
                <Ce>2</Ce>
                <A>0</A>
                <I>0.5</I>
                <D>0.5</D>
                <V>1</V>
            </Stats>

            <AbstractClasses>
            </AbstractClasses>

            <ConcreteClasses>
                <Class sourceFile="JFXAutoCompleteEvent.java">
                    com.jfoenix.controls.events.JFXAutoCompleteEvent
                </Class>
                <Class sourceFile="JFXDialogEvent.java">
                    com.jfoenix.controls.events.JFXDialogEvent
                </Class>
                <Class sourceFile="JFXDrawerEvent.java">
                    com.jfoenix.controls.events.JFXDrawerEvent
                </Class>
            </ConcreteClasses>

            <DependsUpon>
                <Package>java.lang</Package>
                <Package>javafx.event</Package>
            </DependsUpon>

            <UsedBy>
                <Package>com.jfoenix.controls</Package>
                <Package>com.jfoenix.skins</Package>
            </UsedBy>
        </Package>

        <Package name="com.jfoenix.converters">
            <Stats>
                <TotalClasses>12</TotalClasses>
                <ConcreteClasses>12</ConcreteClasses>
                <AbstractClasses>0</AbstractClasses>
                <Ca>1</Ca>
                <Ce>6</Ce>
                <A>0</A>
                <I>0.86</I>
                <D>0.14</D>
                <V>1</V>
            </Stats>

            <AbstractClasses>
            </AbstractClasses>

            <ConcreteClasses>
                <Class sourceFile="ButtonTypeConverter.java">
                    com.jfoenix.converters.ButtonTypeConverter
                </Class>
                <Class sourceFile="ButtonTypeConverter.java">
                    com.jfoenix.converters.ButtonTypeConverter$1
                </Class>
                <Class sourceFile="ButtonTypeConverter.java">
                    com.jfoenix.converters.ButtonTypeConverter$Holder
                </Class>
                <Class sourceFile="DialogTransitionConverter.java">
                    com.jfoenix.converters.DialogTransitionConverter
                </Class>
                <Class sourceFile="DialogTransitionConverter.java">
                    com.jfoenix.converters.DialogTransitionConverter$1
                </Class>
                <Class sourceFile="DialogTransitionConverter.java">
                    com.jfoenix.converters.DialogTransitionConverter$Holder
                </Class>
                <Class sourceFile="IndicatorPositionConverter.java">
                    com.jfoenix.converters.IndicatorPositionConverter
                </Class>
                <Class sourceFile="IndicatorPositionConverter.java">
                    com.jfoenix.converters.IndicatorPositionConverter$1
                </Class>
                <Class sourceFile="IndicatorPositionConverter.java">
                    com.jfoenix.converters.IndicatorPositionConverter$Holder
                </Class>
                <Class sourceFile="RipplerMaskTypeConverter.java">
                    com.jfoenix.converters.RipplerMaskTypeConverter
                </Class>
                <Class sourceFile="RipplerMaskTypeConverter.java">
                    com.jfoenix.converters.RipplerMaskTypeConverter$1
                </Class>
                <Class sourceFile="RipplerMaskTypeConverter.java">
                    com.jfoenix.converters.RipplerMaskTypeConverter$Holder
                </Class>
            </ConcreteClasses>

            <DependsUpon>
                <Package>com.jfoenix.controls</Package>
                <Package>com.sun.javafx.css</Package>
                <Package>java.lang</Package>
                <Package>java.util.logging</Package>
                <Package>javafx.css</Package>
                <Package>javafx.scene.text</Package>
            </DependsUpon>

            <UsedBy>
                <Package>com.jfoenix.controls</Package>
            </UsedBy>
        </Package>

        <Package name="com.jfoenix.converters.base">
            <Stats>
                <TotalClasses>1</TotalClasses>
                <ConcreteClasses>0</ConcreteClasses>
                <AbstractClasses>1</AbstractClasses>
                <Ca>1</Ca>
                <Ce>2</Ce>
                <A>1</A>
                <I>0.67</I>
                <D>0.67</D>
                <V>1</V>
            </Stats>

            <AbstractClasses>
                <Class sourceFile="NodeConverter.java">
                    com.jfoenix.converters.base.NodeConverter
                </Class>
            </AbstractClasses>

            <ConcreteClasses>
            </ConcreteClasses>

            <DependsUpon>
                <Package>java.lang</Package>
                <Package>javafx.scene</Package>
            </DependsUpon>

            <UsedBy>
                <Package>com.jfoenix.controls</Package>
            </UsedBy>
        </Package>

        <Package name="com.jfoenix.effects">
            <Stats>
                <TotalClasses>2</TotalClasses>
                <ConcreteClasses>2</ConcreteClasses>
                <AbstractClasses>0</AbstractClasses>
                <Ca>2</Ca>
                <Ce>6</Ce>
                <A>0</A>
                <I>0.75</I>
                <D>0.25</D>
                <V>1</V>
            </Stats>

            <AbstractClasses>
            </AbstractClasses>

            <ConcreteClasses>
                <Class sourceFile="JFXDepthManager.java">
                    com.jfoenix.effects.JFXDepthManager
                </Class>
                <Class sourceFile="JFXDepthManager.java">
                    com.jfoenix.effects.JFXDepthManager$1
                </Class>
            </ConcreteClasses>

            <DependsUpon>
                <Package>java.lang</Package>
                <Package>javafx.collections</Package>
                <Package>javafx.scene</Package>
                <Package>javafx.scene.effect</Package>
                <Package>javafx.scene.layout</Package>
                <Package>javafx.scene.paint</Package>
            </DependsUpon>

            <UsedBy>
                <Package>com.jfoenix.controls</Package>
                <Package>com.jfoenix.skins</Package>
            </UsedBy>
        </Package>

        <Package name="com.jfoenix.responsive">
            <Stats>
                <TotalClasses>4</TotalClasses>
                <ConcreteClasses>4</ConcreteClasses>
                <AbstractClasses>0</AbstractClasses>
                <Ca>0</Ca>
                <Ce>10</Ce>
                <A>0</A>
                <I>1</I>
                <D>0</D>
                <V>1</V>
            </Stats>

            <AbstractClasses>
            </AbstractClasses>

            <ConcreteClasses>
                <Class sourceFile="JFXResponsiveHandler.java">
                    com.jfoenix.responsive.JFXResponsiveHandler
                </Class>
                <Class sourceFile="Unknown">
                    com.jfoenix.responsive.JFXResponsiveHandler$$Lambda$1
                </Class>
                <Class sourceFile="JFXResponsiveHandler.java">
                    com.jfoenix.responsive.JFXResponsiveHandler$1
                </Class>
                <Class sourceFile="JFXResponsiveHandler.java">
                    com.jfoenix.responsive.JFXResponsiveHandler$2
                </Class>
            </ConcreteClasses>

            <DependsUpon>
                <Package>java.lang</Package>
                <Package>java.util</Package>
                <Package>javafx.beans.property</Package>
                <Package>javafx.beans.value</Package>
                <Package>javafx.collections</Package>
                <Package>javafx.css</Package>
                <Package>javafx.scene</Package>
                <Package>javafx.scene.control</Package>
                <Package>javafx.scene.layout</Package>
                <Package>javafx.stage</Package>
            </DependsUpon>

            <UsedBy>
            </UsedBy>
        </Package>

        <Package name="com.jfoenix.skins">
            <Stats>
                <TotalClasses>334</TotalClasses>
                <ConcreteClasses>334</ConcreteClasses>
                <AbstractClasses>0</AbstractClasses>
                <Ca>3</Ca>
                <Ce>52</Ce>
                <A>0</A>
                <I>0.95</I>
                <D>0.05</D>
                <V>1</V>
            </Stats>

            <AbstractClasses>
            </AbstractClasses>

            <ConcreteClasses>
                <Class sourceFile="JFXAutoCompletePopupSkin.java">
                    com.jfoenix.skins.JFXAutoCompletePopupSkin
                </Class>
                <Class sourceFile="Unknown">
                    com.jfoenix.skins.JFXAutoCompletePopupSkin$$Lambda$1
                </Class>
                <Class sourceFile="Unknown">
                    com.jfoenix.skins.JFXAutoCompletePopupSkin$$Lambda$2
                </Class>
                <Class sourceFile="Unknown">
                    com.jfoenix.skins.JFXAutoCompletePopupSkin$$Lambda$3
                </Class>
                <Class sourceFile="Unknown">
                    com.jfoenix.skins.JFXAutoCompletePopupSkin$$Lambda$4
                </Class>
                <Class sourceFile="Unknown">
                    com.jfoenix.skins.JFXAutoCompletePopupSkin$$Lambda$5
                </Class>
                <Class sourceFile="Unknown">
                    com.jfoenix.skins.JFXAutoCompletePopupSkin$$Lambda$6
                </Class>
                <Class sourceFile="Unknown">
                    com.jfoenix.skins.JFXAutoCompletePopupSkin$$Lambda$7
                </Class>
                <Class sourceFile="Unknown">
                    com.jfoenix.skins.JFXAutoCompletePopupSkin$$Lambda$8
                </Class>
                <Class sourceFile="JFXAutoCompletePopupSkin.java">
                    com.jfoenix.skins.JFXAutoCompletePopupSkin$1
                </Class>
                <Class sourceFile="JFXButtonSkin.java">
                    com.jfoenix.skins.JFXButtonSkin
                </Class>
                <Class sourceFile="Unknown">
                    com.jfoenix.skins.JFXButtonSkin$$Lambda$1
                </Class>
                <Class sourceFile="Unknown">
                    com.jfoenix.skins.JFXButtonSkin$$Lambda$10
                </Class>
                <Class sourceFile="Unknown">
                    com.jfoenix.skins.JFXButtonSkin$$Lambda$2
                </Class>
                <Class sourceFile="Unknown">
                    com.jfoenix.skins.JFXButtonSkin$$Lambda$3
                </Class>
                <Class sourceFile="Unknown">
                    com.jfoenix.skins.JFXButtonSkin$$Lambda$4
                </Class>
                <Class sourceFile="Unknown">
                    com.jfoenix.skins.JFXButtonSkin$$Lambda$5
                </Class>
                <Class sourceFile="Unknown">
                    com.jfoenix.skins.JFXButtonSkin$$Lambda$6
                </Class>
                <Class sourceFile="Unknown">
                    com.jfoenix.skins.JFXButtonSkin$$Lambda$7
                </Class>
                <Class sourceFile="Unknown">
                    com.jfoenix.skins.JFXButtonSkin$$Lambda$8
                </Class>
                <Class sourceFile="Unknown">
                    com.jfoenix.skins.JFXButtonSkin$$Lambda$9
                </Class>
                <Class sourceFile="JFXButtonSkin.java">
                    com.jfoenix.skins.JFXButtonSkin$1
                </Class>
                <Class sourceFile="JFXButtonSkin.java">
                    com.jfoenix.skins.JFXButtonSkin$2
                </Class>
                <Class sourceFile="JFXButtonSkin.java">
                    com.jfoenix.skins.JFXButtonSkin$ButtonClickTransition
                </Class>
                <Class sourceFile="JFXCheckBoxOldSkin.java">
                    com.jfoenix.skins.JFXCheckBoxOldSkin
                </Class>
                <Class sourceFile="Unknown">
                    com.jfoenix.skins.JFXCheckBoxOldSkin$$Lambda$1
                </Class>
                <Class sourceFile="JFXCheckBoxOldSkin.java">
                    com.jfoenix.skins.JFXCheckBoxOldSkin$1
                </Class>
                <Class sourceFile="JFXCheckBoxOldSkin.java">
                    com.jfoenix.skins.JFXCheckBoxOldSkin$CheckBoxTransition
                </Class>
                <Class sourceFile="JFXCheckBoxSkin.java">
                    com.jfoenix.skins.JFXCheckBoxSkin
                </Class>
                <Class sourceFile="Unknown">
                    com.jfoenix.skins.JFXCheckBoxSkin$$Lambda$1
                </Class>
                <Class sourceFile="Unknown">
                    com.jfoenix.skins.JFXCheckBoxSkin$$Lambda$2
                </Class>
                <Class sourceFile="Unknown">
                    com.jfoenix.skins.JFXCheckBoxSkin$$Lambda$3
                </Class>
                <Class sourceFile="Unknown">
                    com.jfoenix.skins.JFXCheckBoxSkin$$Lambda$4
                </Class>
                <Class sourceFile="JFXCheckBoxSkin.java">
                    com.jfoenix.skins.JFXCheckBoxSkin$1
                </Class>
                <Class sourceFile="JFXCheckBoxSkin.java">
                    com.jfoenix.skins.JFXCheckBoxSkin$CheckBoxTransition
                </Class>
                <Class sourceFile="JFXChipViewSkin.java">
                    com.jfoenix.skins.JFXChipViewSkin
                </Class>
                <Class sourceFile="Unknown">
                    com.jfoenix.skins.JFXChipViewSkin$$Lambda$1
                </Class>
                <Class sourceFile="Unknown">
                    com.jfoenix.skins.JFXChipViewSkin$$Lambda$2
                </Class>
                <Class sourceFile="Unknown">
                    com.jfoenix.skins.JFXChipViewSkin$$Lambda$3
                </Class>
                <Class sourceFile="Unknown">
                    com.jfoenix.skins.JFXChipViewSkin$$Lambda$4
                </Class>
                <Class sourceFile="Unknown">
                    com.jfoenix.skins.JFXChipViewSkin$$Lambda$5
                </Class>
                <Class sourceFile="Unknown">
                    com.jfoenix.skins.JFXChipViewSkin$$Lambda$6
                </Class>
                <Class sourceFile="Unknown">
                    com.jfoenix.skins.JFXChipViewSkin$$Lambda$7
                </Class>
                <Class sourceFile="Unknown">
                    com.jfoenix.skins.JFXChipViewSkin$$Lambda$8
                </Class>
                <Class sourceFile="JFXChipViewSkin.java">
                    com.jfoenix.skins.JFXChipViewSkin$1
                </Class>
                <Class sourceFile="JFXChipViewSkin.java">
                    com.jfoenix.skins.JFXChipViewSkin$ChipsAutoComplete
                </Class>
                <Class sourceFile="JFXChipViewSkin.java">
                    com.jfoenix.skins.JFXChipViewSkin$CustomFlowPane
                </Class>
                <Class sourceFile="JFXColorPalette.java">
                    com.jfoenix.skins.JFXColorPalette
                </Class>
                <Class sourceFile="Unknown">
                    com.jfoenix.skins.JFXColorPalette$$Lambda$1
                </Class>
                <Class sourceFile="Unknown">
                    com.jfoenix.skins.JFXColorPalette$$Lambda$2
                </Class>
                <Class sourceFile="Unknown">
                    com.jfoenix.skins.JFXColorPalette$$Lambda$3
                </Class>
                <Class sourceFile="Unknown">
                    com.jfoenix.skins.JFXColorPalette$$Lambda$4
                </Class>
                <Class sourceFile="Unknown">
                    com.jfoenix.skins.JFXColorPalette$$Lambda$5
                </Class>
                <Class sourceFile="Unknown">
                    com.jfoenix.skins.JFXColorPalette$$Lambda$6
                </Class>
                <Class sourceFile="Unknown">
                    com.jfoenix.skins.JFXColorPalette$$Lambda$7
                </Class>
                <Class sourceFile="Unknown">
                    com.jfoenix.skins.JFXColorPalette$$Lambda$8
                </Class>
                <Class sourceFile="Unknown">
                    com.jfoenix.skins.JFXColorPalette$$Lambda$9
                </Class>
                <Class sourceFile="JFXColorPalette.java">
                    com.jfoenix.skins.JFXColorPalette$1
                </Class>
                <Class sourceFile="JFXColorPalette.java">
                    com.jfoenix.skins.JFXColorPalette$ColorSquare
                </Class>
                <Class sourceFile="Unknown">
                    com.jfoenix.skins.JFXColorPalette$ColorSquare$$Lambda$1
                </Class>
                <Class sourceFile="Unknown">
                    com.jfoenix.skins.JFXColorPalette$ColorSquare$$Lambda$2
                </Class>
                <Class sourceFile="Unknown">
                    com.jfoenix.skins.JFXColorPalette$ColorSquare$$Lambda$3
                </Class>
                <Class sourceFile="Unknown">
                    com.jfoenix.skins.JFXColorPalette$ColorSquare$$Lambda$4
                </Class>
                <Class sourceFile="JFXColorPalette.java">
                    com.jfoenix.skins.JFXColorPalette$JFXColorGrid
                </Class>
                <Class sourceFile="Unknown">
                    com.jfoenix.skins.JFXColorPalette$JFXColorGrid$$Lambda$1
                </Class>
                <Class sourceFile="Unknown">
                    com.jfoenix.skins.JFXColorPalette$JFXColorGrid$$Lambda$2
                </Class>
                <Class sourceFile="JFXColorPickerSkin.java">
                    com.jfoenix.skins.JFXColorPickerSkin
                </Class>
                <Class sourceFile="Unknown">
                    com.jfoenix.skins.JFXColorPickerSkin$$Lambda$1
                </Class>
                <Class sourceFile="Unknown">
                    com.jfoenix.skins.JFXColorPickerSkin$$Lambda$2
                </Class>
                <Class sourceFile="Unknown">
                    com.jfoenix.skins.JFXColorPickerSkin$$Lambda$3
                </Class>
                <Class sourceFile="Unknown">
                    com.jfoenix.skins.JFXColorPickerSkin$$Lambda$4
                </Class>
                <Class sourceFile="JFXColorPickerSkin.java">
                    com.jfoenix.skins.JFXColorPickerSkin$StyleableProperties
                </Class>
                <Class sourceFile="JFXColorPickerSkin.java">
                    com.jfoenix.skins.JFXColorPickerSkin$StyleableProperties$1
                </Class>
                <Class sourceFile="JFXColorPickerUI.java">
                    com.jfoenix.skins.JFXColorPickerUI
                </Class>
                <Class sourceFile="Unknown">
                    com.jfoenix.skins.JFXColorPickerUI$$Lambda$1
                </Class>
                <Class sourceFile="Unknown">
                    com.jfoenix.skins.JFXColorPickerUI$$Lambda$2
                </Class>
                <Class sourceFile="Unknown">
                    com.jfoenix.skins.JFXColorPickerUI$$Lambda$3
                </Class>
                <Class sourceFile="Unknown">
                    com.jfoenix.skins.JFXColorPickerUI$$Lambda$4
                </Class>
                <Class sourceFile="Unknown">
                    com.jfoenix.skins.JFXColorPickerUI$$Lambda$5
                </Class>
                <Class sourceFile="Unknown">
                    com.jfoenix.skins.JFXColorPickerUI$$Lambda$6
                </Class>
                <Class sourceFile="Unknown">
                    com.jfoenix.skins.JFXColorPickerUI$$Lambda$7
                </Class>
                <Class sourceFile="Unknown">
                    com.jfoenix.skins.JFXColorPickerUI$$Lambda$8
                </Class>
                <Class sourceFile="Unknown">
                    com.jfoenix.skins.JFXColorPickerUI$$Lambda$9
                </Class>
                <Class sourceFile="JFXColorPickerUI.java">
                    com.jfoenix.skins.JFXColorPickerUI$1
                </Class>
                <Class sourceFile="JFXColorPickerUI.java">
                    com.jfoenix.skins.JFXColorPickerUI$2
                </Class>
                <Class sourceFile="JFXColorPickerUI.java">
                    com.jfoenix.skins.JFXColorPickerUI$CurveTransition
                </Class>
                <Class sourceFile="JFXComboBoxListViewSkin.java">
                    com.jfoenix.skins.JFXComboBoxListViewSkin
                </Class>
                <Class sourceFile="Unknown">
                    com.jfoenix.skins.JFXComboBoxListViewSkin$$Lambda$1
                </Class>
                <Class sourceFile="Unknown">
                    com.jfoenix.skins.JFXComboBoxListViewSkin$$Lambda$10
                </Class>
                <Class sourceFile="Unknown">
                    com.jfoenix.skins.JFXComboBoxListViewSkin$$Lambda$11
                </Class>
                <Class sourceFile="Unknown">
                    com.jfoenix.skins.JFXComboBoxListViewSkin$$Lambda$12
                </Class>
                <Class sourceFile="Unknown">
                    com.jfoenix.skins.JFXComboBoxListViewSkin$$Lambda$13
                </Class>
                <Class sourceFile="Unknown">
                    com.jfoenix.skins.JFXComboBoxListViewSkin$$Lambda$14
                </Class>
                <Class sourceFile="Unknown">
                    com.jfoenix.skins.JFXComboBoxListViewSkin$$Lambda$15
                </Class>
                <Class sourceFile="Unknown">
                    com.jfoenix.skins.JFXComboBoxListViewSkin$$Lambda$16
                </Class>
                <Class sourceFile="Unknown">
                    com.jfoenix.skins.JFXComboBoxListViewSkin$$Lambda$17
                </Class>
                <Class sourceFile="Unknown">
                    com.jfoenix.skins.JFXComboBoxListViewSkin$$Lambda$18
                </Class>
                <Class sourceFile="Unknown">
                    com.jfoenix.skins.JFXComboBoxListViewSkin$$Lambda$19
                </Class>
                <Class sourceFile="Unknown">
                    com.jfoenix.skins.JFXComboBoxListViewSkin$$Lambda$2
                </Class>
                <Class sourceFile="Unknown">
                    com.jfoenix.skins.JFXComboBoxListViewSkin$$Lambda$20
                </Class>
                <Class sourceFile="Unknown">
                    com.jfoenix.skins.JFXComboBoxListViewSkin$$Lambda$21
                </Class>
                <Class sourceFile="Unknown">
                    com.jfoenix.skins.JFXComboBoxListViewSkin$$Lambda$3
                </Class>
                <Class sourceFile="Unknown">
                    com.jfoenix.skins.JFXComboBoxListViewSkin$$Lambda$4
                </Class>
                <Class sourceFile="Unknown">
                    com.jfoenix.skins.JFXComboBoxListViewSkin$$Lambda$5
                </Class>
                <Class sourceFile="Unknown">
                    com.jfoenix.skins.JFXComboBoxListViewSkin$$Lambda$6
                </Class>
                <Class sourceFile="Unknown">
                    com.jfoenix.skins.JFXComboBoxListViewSkin$$Lambda$7
                </Class>
                <Class sourceFile="Unknown">
                    com.jfoenix.skins.JFXComboBoxListViewSkin$$Lambda$8
                </Class>
                <Class sourceFile="Unknown">
                    com.jfoenix.skins.JFXComboBoxListViewSkin$$Lambda$9
                </Class>
                <Class sourceFile="JFXComboBoxListViewSkin.java">
                    com.jfoenix.skins.JFXComboBoxListViewSkin$1
                </Class>
                <Class sourceFile="JFXComboBoxListViewSkin.java">
                    com.jfoenix.skins.JFXComboBoxListViewSkin$StyleableProperties
                </Class>
                <Class sourceFile="JFXComboBoxListViewSkin.java">
                    com.jfoenix.skins.JFXComboBoxListViewSkin$StyleableProperties$1
                </Class>
                <Class sourceFile="JFXCustomColorPicker.java">
                    com.jfoenix.skins.JFXCustomColorPicker
                </Class>
                <Class sourceFile="Unknown">
                    com.jfoenix.skins.JFXCustomColorPicker$$Lambda$1
                </Class>
                <Class sourceFile="Unknown">
                    com.jfoenix.skins.JFXCustomColorPicker$$Lambda$10
                </Class>
                <Class sourceFile="Unknown">
                    com.jfoenix.skins.JFXCustomColorPicker$$Lambda$11
                </Class>
                <Class sourceFile="Unknown">
                    com.jfoenix.skins.JFXCustomColorPicker$$Lambda$2
                </Class>
                <Class sourceFile="Unknown">
                    com.jfoenix.skins.JFXCustomColorPicker$$Lambda$3
                </Class>
                <Class sourceFile="Unknown">
                    com.jfoenix.skins.JFXCustomColorPicker$$Lambda$4
                </Class>
                <Class sourceFile="Unknown">
                    com.jfoenix.skins.JFXCustomColorPicker$$Lambda$5
                </Class>
                <Class sourceFile="Unknown">
                    com.jfoenix.skins.JFXCustomColorPicker$$Lambda$6
                </Class>
                <Class sourceFile="Unknown">
                    com.jfoenix.skins.JFXCustomColorPicker$$Lambda$7
                </Class>
                <Class sourceFile="Unknown">
                    com.jfoenix.skins.JFXCustomColorPicker$$Lambda$8
                </Class>
                <Class sourceFile="Unknown">
                    com.jfoenix.skins.JFXCustomColorPicker$$Lambda$9
                </Class>
                <Class sourceFile="JFXCustomColorPicker.java">
                    com.jfoenix.skins.JFXCustomColorPicker$1
                </Class>
                <Class sourceFile="JFXCustomColorPicker.java">
                    com.jfoenix.skins.JFXCustomColorPicker$PathClickTransition
                </Class>
                <Class sourceFile="JFXCustomColorPicker.java">
                    com.jfoenix.skins.JFXCustomColorPicker$RecentColorPath
                </Class>
                <Class sourceFile="JFXCustomColorPickerDialog.java">
                    com.jfoenix.skins.JFXCustomColorPickerDialog
                </Class>
                <Class sourceFile="Unknown">
                    com.jfoenix.skins.JFXCustomColorPickerDialog$$Lambda$1
                </Class>
                <Class sourceFile="Unknown">
                    com.jfoenix.skins.JFXCustomColorPickerDialog$$Lambda$10
                </Class>
                <Class sourceFile="Unknown">
                    com.jfoenix.skins.JFXCustomColorPickerDialog$$Lambda$11
                </Class>
                <Class sourceFile="Unknown">
                    com.jfoenix.skins.JFXCustomColorPickerDialog$$Lambda$12
                </Class>
                <Class sourceFile="Unknown">
                    com.jfoenix.skins.JFXCustomColorPickerDialog$$Lambda$13
                </Class>
                <Class sourceFile="Unknown">
                    com.jfoenix.skins.JFXCustomColorPickerDialog$$Lambda$14
                </Class>
                <Class sourceFile="Unknown">
                    com.jfoenix.skins.JFXCustomColorPickerDialog$$Lambda$15
                </Class>
                <Class sourceFile="Unknown">
                    com.jfoenix.skins.JFXCustomColorPickerDialog$$Lambda$16
                </Class>
                <Class sourceFile="Unknown">
                    com.jfoenix.skins.JFXCustomColorPickerDialog$$Lambda$17
                </Class>
                <Class sourceFile="Unknown">
                    com.jfoenix.skins.JFXCustomColorPickerDialog$$Lambda$18
                </Class>
                <Class sourceFile="Unknown">
                    com.jfoenix.skins.JFXCustomColorPickerDialog$$Lambda$19
                </Class>
                <Class sourceFile="Unknown">
                    com.jfoenix.skins.JFXCustomColorPickerDialog$$Lambda$2
                </Class>
                <Class sourceFile="Unknown">
                    com.jfoenix.skins.JFXCustomColorPickerDialog$$Lambda$20
                </Class>
                <Class sourceFile="Unknown">
                    com.jfoenix.skins.JFXCustomColorPickerDialog$$Lambda$21
                </Class>
                <Class sourceFile="Unknown">
                    com.jfoenix.skins.JFXCustomColorPickerDialog$$Lambda$22
                </Class>
                <Class sourceFile="Unknown">
                    com.jfoenix.skins.JFXCustomColorPickerDialog$$Lambda$23
                </Class>
                <Class sourceFile="Unknown">
                    com.jfoenix.skins.JFXCustomColorPickerDialog$$Lambda$24
                </Class>
                <Class sourceFile="Unknown">
                    com.jfoenix.skins.JFXCustomColorPickerDialog$$Lambda$25
                </Class>
                <Class sourceFile="Unknown">
                    com.jfoenix.skins.JFXCustomColorPickerDialog$$Lambda$3
                </Class>
                <Class sourceFile="Unknown">
                    com.jfoenix.skins.JFXCustomColorPickerDialog$$Lambda$4
                </Class>
                <Class sourceFile="Unknown">
                    com.jfoenix.skins.JFXCustomColorPickerDialog$$Lambda$5
                </Class>
                <Class sourceFile="Unknown">
                    com.jfoenix.skins.JFXCustomColorPickerDialog$$Lambda$6
                </Class>
                <Class sourceFile="Unknown">
                    com.jfoenix.skins.JFXCustomColorPickerDialog$$Lambda$7
                </Class>
                <Class sourceFile="Unknown">
                    com.jfoenix.skins.JFXCustomColorPickerDialog$$Lambda$8
                </Class>
                <Class sourceFile="Unknown">
                    com.jfoenix.skins.JFXCustomColorPickerDialog$$Lambda$9
                </Class>
                <Class sourceFile="JFXCustomColorPickerDialog.java">
                    com.jfoenix.skins.JFXCustomColorPickerDialog$1
                </Class>
                <Class sourceFile="JFXCustomColorPickerDialog.java">
                    com.jfoenix.skins.JFXCustomColorPickerDialog$2
                </Class>
                <Class sourceFile="JFXDatePickerContent.java">
                    com.jfoenix.skins.JFXDatePickerContent
                </Class>
                <Class sourceFile="Unknown">
                    com.jfoenix.skins.JFXDatePickerContent$$Lambda$1
                </Class>
                <Class sourceFile="Unknown">
                    com.jfoenix.skins.JFXDatePickerContent$$Lambda$10
                </Class>
                <Class sourceFile="Unknown">
                    com.jfoenix.skins.JFXDatePickerContent$$Lambda$11
                </Class>
                <Class sourceFile="Unknown">
                    com.jfoenix.skins.JFXDatePickerContent$$Lambda$12
                </Class>
                <Class sourceFile="Unknown">
                    com.jfoenix.skins.JFXDatePickerContent$$Lambda$2
                </Class>
                <Class sourceFile="Unknown">
                    com.jfoenix.skins.JFXDatePickerContent$$Lambda$3
                </Class>
                <Class sourceFile="Unknown">
                    com.jfoenix.skins.JFXDatePickerContent$$Lambda$4
                </Class>
                <Class sourceFile="Unknown">
                    com.jfoenix.skins.JFXDatePickerContent$$Lambda$5
                </Class>
                <Class sourceFile="Unknown">
                    com.jfoenix.skins.JFXDatePickerContent$$Lambda$6
                </Class>
                <Class sourceFile="Unknown">
                    com.jfoenix.skins.JFXDatePickerContent$$Lambda$7
                </Class>
                <Class sourceFile="Unknown">
                    com.jfoenix.skins.JFXDatePickerContent$$Lambda$8
                </Class>
                <Class sourceFile="Unknown">
                    com.jfoenix.skins.JFXDatePickerContent$$Lambda$9
                </Class>
                <Class sourceFile="JFXDatePickerContent.java">
                    com.jfoenix.skins.JFXDatePickerContent$1
                </Class>
                <Class sourceFile="Unknown">
                    com.jfoenix.skins.JFXDatePickerContent$1$$Lambda$1
                </Class>
                <Class sourceFile="JFXDatePickerContent.java">
                    com.jfoenix.skins.JFXDatePickerContent$1$1
                </Class>
                <Class sourceFile="Unknown">
                    com.jfoenix.skins.JFXDatePickerContent$1$1$$Lambda$1
                </Class>
                <Class sourceFile="Unknown">
                    com.jfoenix.skins.JFXDatePickerContent$1$1$$Lambda$2
                </Class>
                <Class sourceFile="Unknown">
                    com.jfoenix.skins.JFXDatePickerContent$1$1$$Lambda$3
                </Class>
                <Class sourceFile="Unknown">
                    com.jfoenix.skins.JFXDatePickerContent$1$1$$Lambda$4
                </Class>
                <Class sourceFile="Unknown">
                    com.jfoenix.skins.JFXDatePickerContent$1$1$$Lambda$5
                </Class>
                <Class sourceFile="Unknown">
                    com.jfoenix.skins.JFXDatePickerContent$1$1$$Lambda$6
                </Class>
                <Class sourceFile="Unknown">
                    com.jfoenix.skins.JFXDatePickerContent$1$1$$Lambda$7
                </Class>
                <Class sourceFile="JFXDatePickerContent.java">
                    com.jfoenix.skins.JFXDatePickerContent$2
                </Class>
                <Class sourceFile="JFXDatePickerContent.java">
                    com.jfoenix.skins.JFXDatePickerContent$3
                </Class>
                <Class sourceFile="JFXDatePickerContent.java">
                    com.jfoenix.skins.JFXDatePickerContent$4
                </Class>
                <Class sourceFile="JFXDatePickerContent.java">
                    com.jfoenix.skins.JFXDatePickerContent$5
                </Class>
                <Class sourceFile="JFXDatePickerSkin.java">
                    com.jfoenix.skins.JFXDatePickerSkin
                </Class>
                <Class sourceFile="Unknown">
                    com.jfoenix.skins.JFXDatePickerSkin$$Lambda$1
                </Class>
                <Class sourceFile="Unknown">
                    com.jfoenix.skins.JFXDatePickerSkin$$Lambda$2
                </Class>
                <Class sourceFile="JFXListViewSkin.java">
                    com.jfoenix.skins.JFXListViewSkin
                </Class>
                <Class sourceFile="Unknown">
                    com.jfoenix.skins.JFXListViewSkin$$Lambda$1
                </Class>
                <Class sourceFile="JFXNestedTableColumnHeader.java">
                    com.jfoenix.skins.JFXNestedTableColumnHeader
                </Class>
                <Class sourceFile="JFXPopupSkin.java">
                    com.jfoenix.skins.JFXPopupSkin
                </Class>
                <Class sourceFile="JFXPopupSkin.java">
                    com.jfoenix.skins.JFXPopupSkin$PopupTransition
                </Class>
                <Class sourceFile="JFXProgressBarSkin.java">
                    com.jfoenix.skins.JFXProgressBarSkin
                </Class>
                <Class sourceFile="Unknown">
                    com.jfoenix.skins.JFXProgressBarSkin$$Lambda$1
                </Class>
                <Class sourceFile="Unknown">
                    com.jfoenix.skins.JFXProgressBarSkin$$Lambda$2
                </Class>
                <Class sourceFile="JFXRadioButtonSkin.java">
                    com.jfoenix.skins.JFXRadioButtonSkin
                </Class>
                <Class sourceFile="Unknown">
                    com.jfoenix.skins.JFXRadioButtonSkin$$Lambda$1
                </Class>
                <Class sourceFile="Unknown">
                    com.jfoenix.skins.JFXRadioButtonSkin$$Lambda$2
                </Class>
                <Class sourceFile="Unknown">
                    com.jfoenix.skins.JFXRadioButtonSkin$$Lambda$3
                </Class>
                <Class sourceFile="Unknown">
                    com.jfoenix.skins.JFXRadioButtonSkin$$Lambda$4
                </Class>
                <Class sourceFile="Unknown">
                    com.jfoenix.skins.JFXRadioButtonSkin$$Lambda$5
                </Class>
                <Class sourceFile="JFXRadioButtonSkin.java">
                    com.jfoenix.skins.JFXRadioButtonSkin$1
                </Class>
                <Class sourceFile="Unknown">
                    com.jfoenix.skins.JFXRadioButtonSkin$1$$Lambda$1
                </Class>
                <Class sourceFile="Unknown">
                    com.jfoenix.skins.JFXRadioButtonSkin$1$$Lambda$2
                </Class>
                <Class sourceFile="Unknown">
                    com.jfoenix.skins.JFXRadioButtonSkin$1$$Lambda$3
                </Class>
                <Class sourceFile="Unknown">
                    com.jfoenix.skins.JFXRadioButtonSkin$1$$Lambda$4
                </Class>
                <Class sourceFile="JFXRadioButtonSkin.java">
                    com.jfoenix.skins.JFXRadioButtonSkin$2
                </Class>
                <Class sourceFile="JFXSliderSkin.java">
                    com.jfoenix.skins.JFXSliderSkin
                </Class>
                <Class sourceFile="Unknown">
                    com.jfoenix.skins.JFXSliderSkin$$Lambda$1
                </Class>
                <Class sourceFile="Unknown">
                    com.jfoenix.skins.JFXSliderSkin$$Lambda$10
                </Class>
                <Class sourceFile="Unknown">
                    com.jfoenix.skins.JFXSliderSkin$$Lambda$2
                </Class>
                <Class sourceFile="Unknown">
                    com.jfoenix.skins.JFXSliderSkin$$Lambda$3
                </Class>
                <Class sourceFile="Unknown">
                    com.jfoenix.skins.JFXSliderSkin$$Lambda$4
                </Class>
                <Class sourceFile="Unknown">
                    com.jfoenix.skins.JFXSliderSkin$$Lambda$5
                </Class>
                <Class sourceFile="Unknown">
                    com.jfoenix.skins.JFXSliderSkin$$Lambda$6
                </Class>
                <Class sourceFile="Unknown">
                    com.jfoenix.skins.JFXSliderSkin$$Lambda$7
                </Class>
                <Class sourceFile="Unknown">
                    com.jfoenix.skins.JFXSliderSkin$$Lambda$8
                </Class>
                <Class sourceFile="Unknown">
                    com.jfoenix.skins.JFXSliderSkin$$Lambda$9
                </Class>
                <Class sourceFile="JFXSpinnerSkin.java">
                    com.jfoenix.skins.JFXSpinnerSkin
                </Class>
                <Class sourceFile="JFXTabPaneSkin.java">
                    com.jfoenix.skins.JFXTabPaneSkin
                </Class>
                <Class sourceFile="Unknown">
                    com.jfoenix.skins.JFXTabPaneSkin$$Lambda$1
                </Class>
                <Class sourceFile="Unknown">
                    com.jfoenix.skins.JFXTabPaneSkin$$Lambda$2
                </Class>
                <Class sourceFile="Unknown">
                    com.jfoenix.skins.JFXTabPaneSkin$$Lambda$3
                </Class>
                <Class sourceFile="JFXTabPaneSkin.java">
                    com.jfoenix.skins.JFXTabPaneSkin$1
                </Class>
                <Class sourceFile="JFXTabPaneSkin.java">
                    com.jfoenix.skins.JFXTabPaneSkin$2
                </Class>
                <Class sourceFile="JFXTabPaneSkin.java">
                    com.jfoenix.skins.JFXTabPaneSkin$ArrowPosition
                </Class>
                <Class sourceFile="JFXTabPaneSkin.java">
                    com.jfoenix.skins.JFXTabPaneSkin$HeaderContainer
                </Class>
                <Class sourceFile="Unknown">
                    com.jfoenix.skins.JFXTabPaneSkin$HeaderContainer$$Lambda$1
                </Class>
                <Class sourceFile="Unknown">
                    com.jfoenix.skins.JFXTabPaneSkin$HeaderContainer$$Lambda$2
                </Class>
                <Class sourceFile="Unknown">
                    com.jfoenix.skins.JFXTabPaneSkin$HeaderContainer$$Lambda$3
                </Class>
                <Class sourceFile="JFXTabPaneSkin.java">
                    com.jfoenix.skins.JFXTabPaneSkin$HeaderContainer$1
                </Class>
                <Class sourceFile="JFXTabPaneSkin.java">
                    com.jfoenix.skins.JFXTabPaneSkin$HeaderControl
                </Class>
                <Class sourceFile="Unknown">
                    com.jfoenix.skins.JFXTabPaneSkin$HeaderControl$$Lambda$1
                </Class>
                <Class sourceFile="Unknown">
                    com.jfoenix.skins.JFXTabPaneSkin$HeaderControl$$Lambda$2
                </Class>
                <Class sourceFile="Unknown">
                    com.jfoenix.skins.JFXTabPaneSkin$HeaderControl$$Lambda$3
                </Class>
                <Class sourceFile="JFXTabPaneSkin.java">
                    com.jfoenix.skins.JFXTabPaneSkin$HeaderControl$1
                </Class>
                <Class sourceFile="JFXTabPaneSkin.java">
                    com.jfoenix.skins.JFXTabPaneSkin$TabContentHolder
                </Class>
                <Class sourceFile="Unknown">
                    com.jfoenix.skins.JFXTabPaneSkin$TabContentHolder$$Lambda$1
                </Class>
                <Class sourceFile="Unknown">
                    com.jfoenix.skins.JFXTabPaneSkin$TabContentHolder$$Lambda$2
                </Class>
                <Class sourceFile="JFXTabPaneSkin.java">
                    com.jfoenix.skins.JFXTabPaneSkin$TabHeaderContainer
                </Class>
                <Class sourceFile="Unknown">
                    com.jfoenix.skins.JFXTabPaneSkin$TabHeaderContainer$$Lambda$1
                </Class>
                <Class sourceFile="Unknown">
                    com.jfoenix.skins.JFXTabPaneSkin$TabHeaderContainer$$Lambda$2
                </Class>
                <Class sourceFile="Unknown">
                    com.jfoenix.skins.JFXTabPaneSkin$TabHeaderContainer$$Lambda$3
                </Class>
                <Class sourceFile="Unknown">
                    com.jfoenix.skins.JFXTabPaneSkin$TabHeaderContainer$$Lambda$4
                </Class>
                <Class sourceFile="Unknown">
                    com.jfoenix.skins.JFXTabPaneSkin$TabHeaderContainer$$Lambda$5
                </Class>
                <Class sourceFile="JFXTableColumnHeader.java">
                    com.jfoenix.skins.JFXTableColumnHeader
                </Class>
                <Class sourceFile="Unknown">
                    com.jfoenix.skins.JFXTableColumnHeader$$Lambda$1
                </Class>
                <Class sourceFile="Unknown">
                    com.jfoenix.skins.JFXTableColumnHeader$$Lambda$2
                </Class>
                <Class sourceFile="Unknown">
                    com.jfoenix.skins.JFXTableColumnHeader$$Lambda$3
                </Class>
                <Class sourceFile="Unknown">
                    com.jfoenix.skins.JFXTableColumnHeader$$Lambda$4
                </Class>
                <Class sourceFile="Unknown">
                    com.jfoenix.skins.JFXTableColumnHeader$$Lambda$5
                </Class>
                <Class sourceFile="JFXTableHeaderRow.java">
                    com.jfoenix.skins.JFXTableHeaderRow
                </Class>
                <Class sourceFile="JFXTableHeaderRow.java">
                    com.jfoenix.skins.JFXTableHeaderRow$1
                </Class>
                <Class sourceFile="JFXTextAreaSkin.java">
                    com.jfoenix.skins.JFXTextAreaSkin
                </Class>
                <Class sourceFile="Unknown">
                    com.jfoenix.skins.JFXTextAreaSkin$$Lambda$1
                </Class>
                <Class sourceFile="Unknown">
                    com.jfoenix.skins.JFXTextAreaSkin$$Lambda$10
                </Class>
                <Class sourceFile="Unknown">
                    com.jfoenix.skins.JFXTextAreaSkin$$Lambda$11
                </Class>
                <Class sourceFile="Unknown">
                    com.jfoenix.skins.JFXTextAreaSkin$$Lambda$12
                </Class>
                <Class sourceFile="Unknown">
                    com.jfoenix.skins.JFXTextAreaSkin$$Lambda$13
                </Class>
                <Class sourceFile="Unknown">
                    com.jfoenix.skins.JFXTextAreaSkin$$Lambda$14
                </Class>
                <Class sourceFile="Unknown">
                    com.jfoenix.skins.JFXTextAreaSkin$$Lambda$15
                </Class>
                <Class sourceFile="Unknown">
                    com.jfoenix.skins.JFXTextAreaSkin$$Lambda$16
                </Class>
                <Class sourceFile="Unknown">
                    com.jfoenix.skins.JFXTextAreaSkin$$Lambda$17
                </Class>
                <Class sourceFile="Unknown">
                    com.jfoenix.skins.JFXTextAreaSkin$$Lambda$18
                </Class>
                <Class sourceFile="Unknown">
                    com.jfoenix.skins.JFXTextAreaSkin$$Lambda$19
                </Class>
                <Class sourceFile="Unknown">
                    com.jfoenix.skins.JFXTextAreaSkin$$Lambda$2
                </Class>
                <Class sourceFile="Unknown">
                    com.jfoenix.skins.JFXTextAreaSkin$$Lambda$20
                </Class>
                <Class sourceFile="Unknown">
                    com.jfoenix.skins.JFXTextAreaSkin$$Lambda$21
                </Class>
                <Class sourceFile="Unknown">
                    com.jfoenix.skins.JFXTextAreaSkin$$Lambda$22
                </Class>
                <Class sourceFile="Unknown">
                    com.jfoenix.skins.JFXTextAreaSkin$$Lambda$23
                </Class>
                <Class sourceFile="Unknown">
                    com.jfoenix.skins.JFXTextAreaSkin$$Lambda$3
                </Class>
                <Class sourceFile="Unknown">
                    com.jfoenix.skins.JFXTextAreaSkin$$Lambda$4
                </Class>
                <Class sourceFile="Unknown">
                    com.jfoenix.skins.JFXTextAreaSkin$$Lambda$5
                </Class>
                <Class sourceFile="Unknown">
                    com.jfoenix.skins.JFXTextAreaSkin$$Lambda$6
                </Class>
                <Class sourceFile="Unknown">
                    com.jfoenix.skins.JFXTextAreaSkin$$Lambda$7
                </Class>
                <Class sourceFile="Unknown">
                    com.jfoenix.skins.JFXTextAreaSkin$$Lambda$8
                </Class>
                <Class sourceFile="Unknown">
                    com.jfoenix.skins.JFXTextAreaSkin$$Lambda$9
                </Class>
                <Class sourceFile="JFXTextFieldSkin.java">
                    com.jfoenix.skins.JFXTextFieldSkin
                </Class>
                <Class sourceFile="Unknown">
                    com.jfoenix.skins.JFXTextFieldSkin$$Lambda$1
                </Class>
                <Class sourceFile="Unknown">
                    com.jfoenix.skins.JFXTextFieldSkin$$Lambda$10
                </Class>
                <Class sourceFile="Unknown">
                    com.jfoenix.skins.JFXTextFieldSkin$$Lambda$11
                </Class>
                <Class sourceFile="Unknown">
                    com.jfoenix.skins.JFXTextFieldSkin$$Lambda$12
                </Class>
                <Class sourceFile="Unknown">
                    com.jfoenix.skins.JFXTextFieldSkin$$Lambda$13
                </Class>
                <Class sourceFile="Unknown">
                    com.jfoenix.skins.JFXTextFieldSkin$$Lambda$14
                </Class>
                <Class sourceFile="Unknown">
                    com.jfoenix.skins.JFXTextFieldSkin$$Lambda$15
                </Class>
                <Class sourceFile="Unknown">
                    com.jfoenix.skins.JFXTextFieldSkin$$Lambda$16
                </Class>
                <Class sourceFile="Unknown">
                    com.jfoenix.skins.JFXTextFieldSkin$$Lambda$17
                </Class>
                <Class sourceFile="Unknown">
                    com.jfoenix.skins.JFXTextFieldSkin$$Lambda$18
                </Class>
                <Class sourceFile="Unknown">
                    com.jfoenix.skins.JFXTextFieldSkin$$Lambda$19
                </Class>
                <Class sourceFile="Unknown">
                    com.jfoenix.skins.JFXTextFieldSkin$$Lambda$2
                </Class>
                <Class sourceFile="Unknown">
                    com.jfoenix.skins.JFXTextFieldSkin$$Lambda$20
                </Class>
                <Class sourceFile="Unknown">
                    com.jfoenix.skins.JFXTextFieldSkin$$Lambda$21
                </Class>
                <Class sourceFile="Unknown">
                    com.jfoenix.skins.JFXTextFieldSkin$$Lambda$22
                </Class>
                <Class sourceFile="Unknown">
                    com.jfoenix.skins.JFXTextFieldSkin$$Lambda$3
                </Class>
                <Class sourceFile="Unknown">
                    com.jfoenix.skins.JFXTextFieldSkin$$Lambda$4
                </Class>
                <Class sourceFile="Unknown">
                    com.jfoenix.skins.JFXTextFieldSkin$$Lambda$5
                </Class>
                <Class sourceFile="Unknown">
                    com.jfoenix.skins.JFXTextFieldSkin$$Lambda$6
                </Class>
                <Class sourceFile="Unknown">
                    com.jfoenix.skins.JFXTextFieldSkin$$Lambda$7
                </Class>
                <Class sourceFile="Unknown">
                    com.jfoenix.skins.JFXTextFieldSkin$$Lambda$8
                </Class>
                <Class sourceFile="Unknown">
                    com.jfoenix.skins.JFXTextFieldSkin$$Lambda$9
                </Class>
                <Class sourceFile="JFXTimePickerContent.java">
                    com.jfoenix.skins.JFXTimePickerContent
                </Class>
                <Class sourceFile="Unknown">
                    com.jfoenix.skins.JFXTimePickerContent$$Lambda$1
                </Class>
                <Class sourceFile="Unknown">
                    com.jfoenix.skins.JFXTimePickerContent$$Lambda$10
                </Class>
                <Class sourceFile="Unknown">
                    com.jfoenix.skins.JFXTimePickerContent$$Lambda$11
                </Class>
                <Class sourceFile="Unknown">
                    com.jfoenix.skins.JFXTimePickerContent$$Lambda$12
                </Class>
                <Class sourceFile="Unknown">
                    com.jfoenix.skins.JFXTimePickerContent$$Lambda$2
                </Class>
                <Class sourceFile="Unknown">
                    com.jfoenix.skins.JFXTimePickerContent$$Lambda$3
                </Class>
                <Class sourceFile="Unknown">
                    com.jfoenix.skins.JFXTimePickerContent$$Lambda$4
                </Class>
                <Class sourceFile="Unknown">
                    com.jfoenix.skins.JFXTimePickerContent$$Lambda$5
                </Class>
                <Class sourceFile="Unknown">
                    com.jfoenix.skins.JFXTimePickerContent$$Lambda$6
                </Class>
                <Class sourceFile="Unknown">
                    com.jfoenix.skins.JFXTimePickerContent$$Lambda$7
                </Class>
                <Class sourceFile="Unknown">
                    com.jfoenix.skins.JFXTimePickerContent$$Lambda$8
                </Class>
                <Class sourceFile="Unknown">
                    com.jfoenix.skins.JFXTimePickerContent$$Lambda$9
                </Class>
                <Class sourceFile="JFXTimePickerContent.java">
                    com.jfoenix.skins.JFXTimePickerContent$TimeUnit
                </Class>
                <Class sourceFile="JFXTimePickerSkin.java">
                    com.jfoenix.skins.JFXTimePickerSkin
                </Class>
                <Class sourceFile="Unknown">
                    com.jfoenix.skins.JFXTimePickerSkin$$Lambda$1
                </Class>
                <Class sourceFile="Unknown">
                    com.jfoenix.skins.JFXTimePickerSkin$$Lambda$2
                </Class>
                <Class sourceFile="JFXToggleButtonSkin.java">
                    com.jfoenix.skins.JFXToggleButtonSkin
                </Class>
                <Class sourceFile="Unknown">
                    com.jfoenix.skins.JFXToggleButtonSkin$$Lambda$1
                </Class>
                <Class sourceFile="Unknown">
                    com.jfoenix.skins.JFXToggleButtonSkin$$Lambda$10
                </Class>
                <Class sourceFile="Unknown">
                    com.jfoenix.skins.JFXToggleButtonSkin$$Lambda$2
                </Class>
                <Class sourceFile="Unknown">
                    com.jfoenix.skins.JFXToggleButtonSkin$$Lambda$3
                </Class>
                <Class sourceFile="Unknown">
                    com.jfoenix.skins.JFXToggleButtonSkin$$Lambda$4
                </Class>
                <Class sourceFile="Unknown">
                    com.jfoenix.skins.JFXToggleButtonSkin$$Lambda$5
                </Class>
                <Class sourceFile="Unknown">
                    com.jfoenix.skins.JFXToggleButtonSkin$$Lambda$6
                </Class>
                <Class sourceFile="Unknown">
                    com.jfoenix.skins.JFXToggleButtonSkin$$Lambda$7
                </Class>
                <Class sourceFile="Unknown">
                    com.jfoenix.skins.JFXToggleButtonSkin$$Lambda$8
                </Class>
                <Class sourceFile="Unknown">
                    com.jfoenix.skins.JFXToggleButtonSkin$$Lambda$9
                </Class>
                <Class sourceFile="JFXToggleNodeSkin.java">
                    com.jfoenix.skins.JFXToggleNodeSkin
                </Class>
                <Class sourceFile="Unknown">
                    com.jfoenix.skins.JFXToggleNodeSkin$$Lambda$1
                </Class>
                <Class sourceFile="Unknown">
                    com.jfoenix.skins.JFXToggleNodeSkin$$Lambda$2
                </Class>
                <Class sourceFile="Unknown">
                    com.jfoenix.skins.JFXToggleNodeSkin$$Lambda$3
                </Class>
                <Class sourceFile="Unknown">
                    com.jfoenix.skins.JFXToggleNodeSkin$$Lambda$4
                </Class>
                <Class sourceFile="JFXToggleNodeSkin.java">
                    com.jfoenix.skins.JFXToggleNodeSkin$1
                </Class>
                <Class sourceFile="Unknown">
                    com.jfoenix.skins.JFXToggleNodeSkin$1$$Lambda$1
                </Class>
                <Class sourceFile="JFXTreeTableCellSkin.java">
                    com.jfoenix.skins.JFXTreeTableCellSkin
                </Class>
                <Class sourceFile="JFXTreeTableViewSkin.java">
                    com.jfoenix.skins.JFXTreeTableViewSkin
                </Class>
            </ConcreteClasses>

            <DependsUpon>
                <Package>com.jfoenix.concurrency</Package>
                <Package>com.jfoenix.controls</Package>
                <Package>com.jfoenix.controls.behavior</Package>
                <Package>com.jfoenix.controls.cells.editors.base</Package>
                <Package>com.jfoenix.controls.datamodels.treetable</Package>
                <Package>com.jfoenix.controls.events</Package>
                <Package>com.jfoenix.effects</Package>
                <Package>com.jfoenix.svg</Package>
                <Package>com.jfoenix.transitions</Package>
                <Package>com.jfoenix.utils</Package>
                <Package>com.jfoenix.validation.base</Package>
                <Package>com.sun.javafx.binding</Package>
                <Package>com.sun.javafx.css.converters</Package>
                <Package>com.sun.javafx.scene.control</Package>
                <Package>com.sun.javafx.scene.control.behavior</Package>
                <Package>com.sun.javafx.scene.control.skin</Package>
                <Package>com.sun.javafx.util</Package>
                <Package>java.awt.geom</Package>
                <Package>java.lang</Package>
                <Package>java.lang.reflect</Package>
                <Package>java.net</Package>
                <Package>java.time</Package>
                <Package>java.time.chrono</Package>
                <Package>java.time.format</Package>
                <Package>java.time.temporal</Package>
                <Package>java.util</Package>
                <Package>java.util.concurrent</Package>
                <Package>java.util.concurrent.atomic</Package>
                <Package>java.util.function</Package>
                <Package>javafx.animation</Package>
                <Package>javafx.application</Package>
                <Package>javafx.beans</Package>
                <Package>javafx.beans.binding</Package>
                <Package>javafx.beans.property</Package>
                <Package>javafx.beans.value</Package>
                <Package>javafx.collections</Package>
                <Package>javafx.css</Package>
                <Package>javafx.event</Package>
                <Package>javafx.geometry</Package>
                <Package>javafx.scene</Package>
                <Package>javafx.scene.control</Package>
                <Package>javafx.scene.effect</Package>
                <Package>javafx.scene.image</Package>
                <Package>javafx.scene.input</Package>
                <Package>javafx.scene.layout</Package>
                <Package>javafx.scene.paint</Package>
                <Package>javafx.scene.shape</Package>
                <Package>javafx.scene.text</Package>
                <Package>javafx.scene.transform</Package>
                <Package>javafx.stage</Package>
                <Package>javafx.util</Package>
                <Package>javafx.util.converter</Package>
            </DependsUpon>

            <UsedBy>
                <Package>com.jfoenix.controls</Package>
                <Package>com.jfoenix.controls.behavior</Package>
                <Package>com.jfoenix.controls.cells.editors.base</Package>
            </UsedBy>
        </Package>

        <Package name="com.jfoenix.svg">
            <Stats>
                <TotalClasses>11</TotalClasses>
                <ConcreteClasses>11</ConcreteClasses>
                <AbstractClasses>0</AbstractClasses>
                <Ca>2</Ca>
                <Ce>17</Ce>
                <A>0</A>
                <I>0.89</I>
                <D>0.11</D>
                <V>1</V>
            </Stats>

            <AbstractClasses>
            </AbstractClasses>

            <ConcreteClasses>
                <Class sourceFile="SVGGlyph.java">
                    com.jfoenix.svg.SVGGlyph
                </Class>
                <Class sourceFile="Unknown">
                    com.jfoenix.svg.SVGGlyph$$Lambda$1
                </Class>
                <Class sourceFile="Unknown">
                    com.jfoenix.svg.SVGGlyph$$Lambda$2
                </Class>
                <Class sourceFile="SVGGlyph.java">
                    com.jfoenix.svg.SVGGlyph$1
                </Class>
                <Class sourceFile="SVGGlyph.java">
                    com.jfoenix.svg.SVGGlyph$StyleableProperties
                </Class>
                <Class sourceFile="SVGGlyph.java">
                    com.jfoenix.svg.SVGGlyph$StyleableProperties$1
                </Class>
                <Class sourceFile="SVGGlyphLoader.java">
                    com.jfoenix.svg.SVGGlyphLoader
                </Class>
                <Class sourceFile="Unknown">
                    com.jfoenix.svg.SVGGlyphLoader$$Lambda$1
                </Class>
                <Class sourceFile="Unknown">
                    com.jfoenix.svg.SVGGlyphLoader$$Lambda$2
                </Class>
                <Class sourceFile="Unknown">
                    com.jfoenix.svg.SVGGlyphLoader$$Lambda$3
                </Class>
                <Class sourceFile="SVGGlyphLoader.java">
                    com.jfoenix.svg.SVGGlyphLoader$SVGGlyphBuilder
                </Class>
            </ConcreteClasses>

            <DependsUpon>
                <Package>com.sun.javafx.css.converters</Package>
                <Package>java.io</Package>
                <Package>java.lang</Package>
                <Package>java.net</Package>
                <Package>java.util</Package>
                <Package>java.util.concurrent</Package>
                <Package>javafx.beans</Package>
                <Package>javafx.beans.binding</Package>
                <Package>javafx.beans.property</Package>
                <Package>javafx.collections</Package>
                <Package>javafx.css</Package>
                <Package>javafx.scene</Package>
                <Package>javafx.scene.layout</Package>
                <Package>javafx.scene.paint</Package>
                <Package>javafx.scene.shape</Package>
                <Package>javafx.scene.transform</Package>
                <Package>javax.xml.parsers</Package>
            </DependsUpon>

            <UsedBy>
                <Package>com.jfoenix.controls</Package>
                <Package>com.jfoenix.skins</Package>
            </UsedBy>
        </Package>

        <Package name="com.jfoenix.transitions">
            <Stats>
                <TotalClasses>24</TotalClasses>
                <ConcreteClasses>24</ConcreteClasses>
                <AbstractClasses>0</AbstractClasses>
                <Ca>4</Ca>
                <Ce>13</Ce>
                <A>0</A>
                <I>0.76</I>
                <D>0.24</D>
                <V>1</V>
            </Stats>

            <AbstractClasses>
            </AbstractClasses>

            <ConcreteClasses>
                <Class sourceFile="CacheMomento.java">
                    com.jfoenix.transitions.CacheMomento
                </Class>
                <Class sourceFile="CachedTransition.java">
                    com.jfoenix.transitions.CachedTransition
                </Class>
                <Class sourceFile="Unknown">
                    com.jfoenix.transitions.CachedTransition$$Lambda$1
                </Class>
                <Class sourceFile="Unknown">
                    com.jfoenix.transitions.CachedTransition$$Lambda$2
                </Class>
                <Class sourceFile="CachedTransition.java">
                    com.jfoenix.transitions.CachedTransition$1
                </Class>
                <Class sourceFile="JFXAnimationTimer.java">
                    com.jfoenix.transitions.JFXAnimationTimer
                </Class>
                <Class sourceFile="JFXAnimationTimer.java">
                    com.jfoenix.transitions.JFXAnimationTimer$AnimationHandler
                </Class>
                <Class sourceFile="JFXDrawerKeyValue.java">
                    com.jfoenix.transitions.JFXDrawerKeyValue
                </Class>
                <Class sourceFile="Unknown">
                    com.jfoenix.transitions.JFXDrawerKeyValue$$Lambda$1
                </Class>
                <Class sourceFile="JFXDrawerKeyValue.java">
                    com.jfoenix.transitions.JFXDrawerKeyValue$1
                </Class>
                <Class sourceFile="JFXDrawerKeyValue.java">
                    com.jfoenix.transitions.JFXDrawerKeyValue$JFXDrawerKeyValueBuilder
                </Class>
                <Class sourceFile="Unknown">
                    com.jfoenix.transitions.JFXDrawerKeyValue$JFXDrawerKeyValueBuilder$$Lambda$1
                </Class>
                <Class sourceFile="Unknown">
                    com.jfoenix.transitions.JFXDrawerKeyValue$JFXDrawerKeyValueBuilder$$Lambda$2
                </Class>
                <Class sourceFile="Unknown">
                    com.jfoenix.transitions.JFXDrawerKeyValue$JFXDrawerKeyValueBuilder$$Lambda$3
                </Class>
                <Class sourceFile="JFXFillTransition.java">
                    com.jfoenix.transitions.JFXFillTransition
                </Class>
                <Class sourceFile="JFXFillTransition.java">
                    com.jfoenix.transitions.JFXFillTransition$1
                </Class>
                <Class sourceFile="JFXFillTransition.java">
                    com.jfoenix.transitions.JFXFillTransition$2
                </Class>
                <Class sourceFile="JFXFillTransition.java">
                    com.jfoenix.transitions.JFXFillTransition$3
                </Class>
                <Class sourceFile="JFXKeyFrame.java">
                    com.jfoenix.transitions.JFXKeyFrame
                </Class>
                <Class sourceFile="JFXKeyValue.java">
                    com.jfoenix.transitions.JFXKeyValue
                </Class>
                <Class sourceFile="Unknown">
                    com.jfoenix.transitions.JFXKeyValue$$Lambda$1
                </Class>
                <Class sourceFile="JFXKeyValue.java">
                    com.jfoenix.transitions.JFXKeyValue$1
                </Class>
                <Class sourceFile="JFXKeyValue.java">
                    com.jfoenix.transitions.JFXKeyValue$JFXKeyValueBuilder
                </Class>
                <Class sourceFile="Unknown">
                    com.jfoenix.transitions.JFXKeyValue$JFXKeyValueBuilder$$Lambda$1
                </Class>
            </ConcreteClasses>

            <DependsUpon>
                <Package>java.lang</Package>
                <Package>java.util</Package>
                <Package>java.util.concurrent</Package>
                <Package>java.util.function</Package>
                <Package>javafx.animation</Package>
                <Package>javafx.beans</Package>
                <Package>javafx.beans.property</Package>
                <Package>javafx.beans.value</Package>
                <Package>javafx.geometry</Package>
                <Package>javafx.scene</Package>
                <Package>javafx.scene.layout</Package>
                <Package>javafx.scene.paint</Package>
                <Package>javafx.util</Package>
            </DependsUpon>

            <UsedBy>
                <Package>com.jfoenix.animation.alert</Package>
                <Package>com.jfoenix.controls</Package>
                <Package>com.jfoenix.skins</Package>
                <Package>com.jfoenix.transitions.hamburger</Package>
            </UsedBy>
        </Package>

        <Package name="com.jfoenix.transitions.hamburger">
            <Stats>
                <TotalClasses>11</TotalClasses>
                <ConcreteClasses>10</ConcreteClasses>
                <AbstractClasses>1</AbstractClasses>
                <Ca>1</Ca>
                <Ce>15</Ce>
                <A>0.09</A>
                <I>0.94</I>
                <D>0.03</D>
                <V>1</V>
            </Stats>

            <AbstractClasses>
                <Class sourceFile="HamburgerTransition.java">
                    com.jfoenix.transitions.hamburger.HamburgerTransition
                </Class>
            </AbstractClasses>

            <ConcreteClasses>
                <Class sourceFile="HamburgerBackArrowBasicTransition.java">
                    com.jfoenix.transitions.hamburger.HamburgerBackArrowBasicTransition
                </Class>
                <Class sourceFile="Unknown">
                    com.jfoenix.transitions.hamburger.HamburgerBackArrowBasicTransition$$Lambda$1
                </Class>
                <Class sourceFile="HamburgerBasicCloseTransition.java">
                    com.jfoenix.transitions.hamburger.HamburgerBasicCloseTransition
                </Class>
                <Class sourceFile="Unknown">
                    com.jfoenix.transitions.hamburger.HamburgerBasicCloseTransition$$Lambda$1
                </Class>
                <Class sourceFile="HamburgerNextArrowBasicTransition.java">
                    com.jfoenix.transitions.hamburger.HamburgerNextArrowBasicTransition
                </Class>
                <Class sourceFile="Unknown">
                    com.jfoenix.transitions.hamburger.HamburgerNextArrowBasicTransition$$Lambda$1
                </Class>
                <Class sourceFile="HamburgerSlideCloseTransition.java">
                    com.jfoenix.transitions.hamburger.HamburgerSlideCloseTransition
                </Class>
                <Class sourceFile="Unknown">
                    com.jfoenix.transitions.hamburger.HamburgerSlideCloseTransition$$Lambda$1
                </Class>
                <Class sourceFile="Unknown">
                    com.jfoenix.transitions.hamburger.HamburgerSlideCloseTransition$$Lambda$2
                </Class>
                <Class sourceFile="Unknown">
                    com.jfoenix.transitions.hamburger.HamburgerSlideCloseTransition$$Lambda$3
                </Class>
            </ConcreteClasses>

            <DependsUpon>
                <Package>com.jfoenix.controls</Package>
                <Package>com.jfoenix.transitions</Package>
                <Package>java.lang</Package>
                <Package>java.util.concurrent</Package>
                <Package>javafx.animation</Package>
                <Package>javafx.beans</Package>
                <Package>javafx.beans.binding</Package>
                <Package>javafx.beans.property</Package>
                <Package>javafx.collections</Package>
                <Package>javafx.event</Package>
                <Package>javafx.geometry</Package>
                <Package>javafx.scene</Package>
                <Package>javafx.scene.input</Package>
                <Package>javafx.scene.layout</Package>
                <Package>javafx.util</Package>
            </DependsUpon>

            <UsedBy>
                <Package>com.jfoenix.controls</Package>
            </UsedBy>
        </Package>

        <Package name="com.jfoenix.utils">
            <Stats>
                <TotalClasses>23</TotalClasses>
                <ConcreteClasses>23</ConcreteClasses>
                <AbstractClasses>0</AbstractClasses>
                <Ca>2</Ca>
                <Ce>23</Ce>
                <A>0</A>
                <I>0.92</I>
                <D>0.08</D>
                <V>1</V>
            </Stats>

            <AbstractClasses>
            </AbstractClasses>

            <ConcreteClasses>
                <Class sourceFile="JFXHighlighter.java">
                    com.jfoenix.utils.JFXHighlighter
                </Class>
                <Class sourceFile="Unknown">
                    com.jfoenix.utils.JFXHighlighter$$Lambda$1
                </Class>
                <Class sourceFile="Unknown">
                    com.jfoenix.utils.JFXHighlighter$$Lambda$2
                </Class>
                <Class sourceFile="Unknown">
                    com.jfoenix.utils.JFXHighlighter$$Lambda$3
                </Class>
                <Class sourceFile="Unknown">
                    com.jfoenix.utils.JFXHighlighter$$Lambda$4
                </Class>
                <Class sourceFile="JFXHighlighter.java">
                    com.jfoenix.utils.JFXHighlighter$HighLightRectangle
                </Class>
                <Class sourceFile="Unknown">
                    com.jfoenix.utils.JFXHighlighter$HighLightRectangle$$Lambda$1
                </Class>
                <Class sourceFile="Unknown">
                    com.jfoenix.utils.JFXHighlighter$HighLightRectangle$$Lambda$2
                </Class>
                <Class sourceFile="JFXNodeUtils.java">
                    com.jfoenix.utils.JFXNodeUtils
                </Class>
                <Class sourceFile="Unknown">
                    com.jfoenix.utils.JFXNodeUtils$$Lambda$1
                </Class>
                <Class sourceFile="Unknown">
                    com.jfoenix.utils.JFXNodeUtils$$Lambda$10
                </Class>
                <Class sourceFile="Unknown">
                    com.jfoenix.utils.JFXNodeUtils$$Lambda$11
                </Class>
                <Class sourceFile="Unknown">
                    com.jfoenix.utils.JFXNodeUtils$$Lambda$12
                </Class>
                <Class sourceFile="Unknown">
                    com.jfoenix.utils.JFXNodeUtils$$Lambda$2
                </Class>
                <Class sourceFile="Unknown">
                    com.jfoenix.utils.JFXNodeUtils$$Lambda$3
                </Class>
                <Class sourceFile="Unknown">
                    com.jfoenix.utils.JFXNodeUtils$$Lambda$4
                </Class>
                <Class sourceFile="Unknown">
                    com.jfoenix.utils.JFXNodeUtils$$Lambda$5
                </Class>
                <Class sourceFile="Unknown">
                    com.jfoenix.utils.JFXNodeUtils$$Lambda$6
                </Class>
                <Class sourceFile="Unknown">
                    com.jfoenix.utils.JFXNodeUtils$$Lambda$7
                </Class>
                <Class sourceFile="Unknown">
                    com.jfoenix.utils.JFXNodeUtils$$Lambda$8
                </Class>
                <Class sourceFile="Unknown">
                    com.jfoenix.utils.JFXNodeUtils$$Lambda$9
                </Class>
                <Class sourceFile="JFXNodeUtils.java">
                    com.jfoenix.utils.JFXNodeUtils$1
                </Class>
                <Class sourceFile="JFXNodeUtils.java">
                    com.jfoenix.utils.JFXNodeUtils$Wrapper
                </Class>
            </ConcreteClasses>

            <DependsUpon>
                <Package>com.jfoenix.concurrency</Package>
                <Package>com.sun.javafx.geom</Package>
                <Package>com.sun.javafx.scene.text</Package>
                <Package>java.lang</Package>
                <Package>java.lang.reflect</Package>
                <Package>java.util</Package>
                <Package>java.util.function</Package>
                <Package>javafx.animation</Package>
                <Package>javafx.application</Package>
                <Package>javafx.beans</Package>
                <Package>javafx.beans.property</Package>
                <Package>javafx.beans.value</Package>
                <Package>javafx.collections</Package>
                <Package>javafx.event</Package>
                <Package>javafx.geometry</Package>
                <Package>javafx.scene</Package>
                <Package>javafx.scene.effect</Package>
                <Package>javafx.scene.input</Package>
                <Package>javafx.scene.layout</Package>
                <Package>javafx.scene.paint</Package>
                <Package>javafx.scene.shape</Package>
                <Package>javafx.scene.text</Package>
                <Package>javafx.util</Package>
            </DependsUpon>

            <UsedBy>
                <Package>com.jfoenix.controls</Package>
                <Package>com.jfoenix.skins</Package>
            </UsedBy>
        </Package>

        <Package name="com.jfoenix.validation">
            <Stats>
                <TotalClasses>13</TotalClasses>
                <ConcreteClasses>13</ConcreteClasses>
                <AbstractClasses>0</AbstractClasses>
                <Ca>1</Ca>
                <Ce>16</Ce>
                <A>0</A>
                <I>0.94</I>
                <D>0.06</D>
                <V>1</V>
            </Stats>

            <AbstractClasses>
            </AbstractClasses>

            <ConcreteClasses>
                <Class sourceFile="DoubleValidator.java">
                    com.jfoenix.validation.DoubleValidator
                </Class>
                <Class sourceFile="NumberValidator.java">
                    com.jfoenix.validation.NumberValidator
                </Class>
                <Class sourceFile="RequiredFieldValidator.java">
                    com.jfoenix.validation.RequiredFieldValidator
                </Class>
                <Class sourceFile="ValidationFacade.java">
                    com.jfoenix.validation.ValidationFacade
                </Class>
                <Class sourceFile="Unknown">
                    com.jfoenix.validation.ValidationFacade$$Lambda$1
                </Class>
                <Class sourceFile="Unknown">
                    com.jfoenix.validation.ValidationFacade$$Lambda$2
                </Class>
                <Class sourceFile="Unknown">
                    com.jfoenix.validation.ValidationFacade$$Lambda$3
                </Class>
                <Class sourceFile="Unknown">
                    com.jfoenix.validation.ValidationFacade$$Lambda$4
                </Class>
                <Class sourceFile="Unknown">
                    com.jfoenix.validation.ValidationFacade$$Lambda$5
                </Class>
                <Class sourceFile="Unknown">
                    com.jfoenix.validation.ValidationFacade$$Lambda$6
                </Class>
                <Class sourceFile="Unknown">
                    com.jfoenix.validation.ValidationFacade$$Lambda$7
                </Class>
                <Class sourceFile="Unknown">
                    com.jfoenix.validation.ValidationFacade$$Lambda$8
                </Class>
                <Class sourceFile="Unknown">
                    com.jfoenix.validation.ValidationFacade$$Lambda$9
                </Class>
            </ConcreteClasses>

            <DependsUpon>
                <Package>com.jfoenix.concurrency</Package>
                <Package>com.jfoenix.validation.base</Package>
                <Package>java.lang</Package>
                <Package>java.util</Package>
                <Package>javafx.animation</Package>
                <Package>javafx.beans</Package>
                <Package>javafx.beans.property</Package>
                <Package>javafx.beans.value</Package>
                <Package>javafx.collections</Package>
                <Package>javafx.css</Package>
                <Package>javafx.event</Package>
                <Package>javafx.geometry</Package>
                <Package>javafx.scene</Package>
                <Package>javafx.scene.control</Package>
                <Package>javafx.scene.layout</Package>
                <Package>javafx.util</Package>
            </DependsUpon>

            <UsedBy>
                <Package>com.jfoenix.controls.cells.editors</Package>
            </UsedBy>
        </Package>

        <Package name="com.jfoenix.validation.base">
            <Stats>
                <TotalClasses>5</TotalClasses>
                <ConcreteClasses>4</ConcreteClasses>
                <AbstractClasses>1</AbstractClasses>
                <Ca>3</Ca>
                <Ce>7</Ce>
                <A>0.2</A>
                <I>0.7</I>
                <D>0.1</D>
                <V>1</V>
            </Stats>

            <AbstractClasses>
                <Class sourceFile="ValidatorBase.java">
                    com.jfoenix.validation.base.ValidatorBase
                </Class>
            </AbstractClasses>

            <ConcreteClasses>
                <Class sourceFile="Unknown">
                    com.jfoenix.validation.base.ValidatorBase$$Lambda$1
                </Class>
                <Class sourceFile="ValidatorBase.java">
                    com.jfoenix.validation.base.ValidatorBase$1
                </Class>
                <Class sourceFile="ValidatorBase.java">
                    com.jfoenix.validation.base.ValidatorBase$2
                </Class>
                <Class sourceFile="ValidatorBase.java">
                    com.jfoenix.validation.base.ValidatorBase$3
                </Class>
            </ConcreteClasses>

            <DependsUpon>
                <Package>java.lang</Package>
                <Package>javafx.beans.property</Package>
                <Package>javafx.beans.value</Package>
                <Package>javafx.collections</Package>
                <Package>javafx.css</Package>
                <Package>javafx.scene</Package>
                <Package>javafx.scene.control</Package>
            </DependsUpon>

            <UsedBy>
                <Package>com.jfoenix.controls</Package>
                <Package>com.jfoenix.skins</Package>
                <Package>com.jfoenix.validation</Package>
            </UsedBy>
        </Package>

        <Package name="com.sun.javafx.binding">
            <error>No stats available: package referenced, but not analyzed.</error>
        </Package>

        <Package name="com.sun.javafx.css">
            <error>No stats available: package referenced, but not analyzed.</error>
        </Package>

        <Package name="com.sun.javafx.css.converters">
            <error>No stats available: package referenced, but not analyzed.</error>
        </Package>

        <Package name="com.sun.javafx.css.parser">
            <error>No stats available: package referenced, but not analyzed.</error>
        </Package>

        <Package name="com.sun.javafx.event">
            <error>No stats available: package referenced, but not analyzed.</error>
        </Package>

        <Package name="com.sun.javafx.geom">
            <error>No stats available: package referenced, but not analyzed.</error>
        </Package>

        <Package name="com.sun.javafx.scene.control">
            <error>No stats available: package referenced, but not analyzed.</error>
        </Package>

        <Package name="com.sun.javafx.scene.control.behavior">
            <error>No stats available: package referenced, but not analyzed.</error>
        </Package>

        <Package name="com.sun.javafx.scene.control.skin">
            <error>No stats available: package referenced, but not analyzed.</error>
        </Package>

        <Package name="com.sun.javafx.scene.text">
            <error>No stats available: package referenced, but not analyzed.</error>
        </Package>

        <Package name="com.sun.javafx.util">
            <error>No stats available: package referenced, but not analyzed.</error>
        </Package>

        <Package name="com.sun.mail.auth">
            <Stats>
                <TotalClasses>5</TotalClasses>
                <ConcreteClasses>5</ConcreteClasses>
                <AbstractClasses>0</AbstractClasses>
                <Ca>2</Ca>
                <Ce>10</Ce>
                <A>0</A>
                <I>0.83</I>
                <D>0.17</D>
                <V>1</V>
            </Stats>

            <AbstractClasses>
            </AbstractClasses>

            <ConcreteClasses>
                <Class sourceFile="MD4.java">
                    com.sun.mail.auth.MD4
                </Class>
                <Class sourceFile="Ntlm.java">
                    com.sun.mail.auth.Ntlm
                </Class>
                <Class sourceFile="OAuth2SaslClient.java">
                    com.sun.mail.auth.OAuth2SaslClient
                </Class>
                <Class sourceFile="OAuth2SaslClientFactory.java">
                    com.sun.mail.auth.OAuth2SaslClientFactory
                </Class>
                <Class sourceFile="OAuth2SaslClientFactory.java">
                    com.sun.mail.auth.OAuth2SaslClientFactory$OAuth2Provider
                </Class>
            </ConcreteClasses>

            <DependsUpon>
                <Package>com.sun.mail.util</Package>
                <Package>java.io</Package>
                <Package>java.lang</Package>
                <Package>java.security</Package>
                <Package>java.util</Package>
                <Package>java.util.logging</Package>
                <Package>javax.crypto</Package>
                <Package>javax.crypto.spec</Package>
                <Package>javax.security.auth.callback</Package>
                <Package>javax.security.sasl</Package>
            </DependsUpon>

            <UsedBy>
                <Package>com.sun.mail.imap.protocol</Package>
                <Package>com.sun.mail.smtp</Package>
            </UsedBy>
        </Package>

        <Package name="com.sun.mail.handlers">
            <Stats>
                <TotalClasses>9</TotalClasses>
                <ConcreteClasses>8</ConcreteClasses>
                <AbstractClasses>1</AbstractClasses>
                <Ca>0</Ca>
                <Ce>10</Ce>
                <A>0.11</A>
                <I>1</I>
                <D>0.11</D>
                <V>1</V>
            </Stats>

            <AbstractClasses>
                <Class sourceFile="handler_base.java">
                    com.sun.mail.handlers.handler_base
                </Class>
            </AbstractClasses>

            <ConcreteClasses>
                <Class sourceFile="image_gif.java">
                    com.sun.mail.handlers.image_gif
                </Class>
                <Class sourceFile="image_jpeg.java">
                    com.sun.mail.handlers.image_jpeg
                </Class>
                <Class sourceFile="message_rfc822.java">
                    com.sun.mail.handlers.message_rfc822
                </Class>
                <Class sourceFile="multipart_mixed.java">
                    com.sun.mail.handlers.multipart_mixed
                </Class>
                <Class sourceFile="text_html.java">
                    com.sun.mail.handlers.text_html
                </Class>
                <Class sourceFile="text_plain.java">
                    com.sun.mail.handlers.text_plain
                </Class>
                <Class sourceFile="text_plain.java">
                    com.sun.mail.handlers.text_plain$NoCloseOutputStream
                </Class>
                <Class sourceFile="text_xml.java">
                    com.sun.mail.handlers.text_xml
                </Class>
            </ConcreteClasses>

            <DependsUpon>
                <Package>java.awt</Package>
                <Package>java.awt.datatransfer</Package>
                <Package>java.io</Package>
                <Package>java.lang</Package>
                <Package>java.util</Package>
                <Package>javax.activation</Package>
                <Package>javax.mail</Package>
                <Package>javax.mail.internet</Package>
                <Package>javax.xml.transform</Package>
                <Package>javax.xml.transform.stream</Package>
            </DependsUpon>

            <UsedBy>
            </UsedBy>
        </Package>

        <Package name="com.sun.mail.iap">
            <Stats>
                <TotalClasses>16</TotalClasses>
                <ConcreteClasses>14</ConcreteClasses>
                <AbstractClasses>2</AbstractClasses>
                <Ca>2</Ca>
                <Ce>13</Ce>
                <A>0.12</A>
                <I>0.87</I>
                <D>0.01</D>
                <V>1</V>
            </Stats>

            <AbstractClasses>
                <Class sourceFile="Literal.java">
                    com.sun.mail.iap.Literal
                </Class>
                <Class sourceFile="ResponseHandler.java">
                    com.sun.mail.iap.ResponseHandler
                </Class>
            </AbstractClasses>

            <ConcreteClasses>
                <Class sourceFile="Argument.java">
                    com.sun.mail.iap.AString
                </Class>
                <Class sourceFile="Argument.java">
                    com.sun.mail.iap.Argument
                </Class>
                <Class sourceFile="Argument.java">
                    com.sun.mail.iap.Atom
                </Class>
                <Class sourceFile="BadCommandException.java">
                    com.sun.mail.iap.BadCommandException
                </Class>
                <Class sourceFile="ByteArray.java">
                    com.sun.mail.iap.ByteArray
                </Class>
                <Class sourceFile="CommandFailedException.java">
                    com.sun.mail.iap.CommandFailedException
                </Class>
                <Class sourceFile="ConnectionException.java">
                    com.sun.mail.iap.ConnectionException
                </Class>
                <Class sourceFile="LiteralException.java">
                    com.sun.mail.iap.LiteralException
                </Class>
                <Class sourceFile="Argument.java">
                    com.sun.mail.iap.NString
                </Class>
                <Class sourceFile="ParsingException.java">
                    com.sun.mail.iap.ParsingException
                </Class>
                <Class sourceFile="Protocol.java">
                    com.sun.mail.iap.Protocol
                </Class>
                <Class sourceFile="ProtocolException.java">
                    com.sun.mail.iap.ProtocolException
                </Class>
                <Class sourceFile="Response.java">
                    com.sun.mail.iap.Response
                </Class>
                <Class sourceFile="ResponseInputStream.java">
                    com.sun.mail.iap.ResponseInputStream
                </Class>
            </ConcreteClasses>

            <DependsUpon>
                <Package>com.sun.mail.util</Package>
                <Package>java.io</Package>
                <Package>java.lang</Package>
                <Package>java.lang.reflect</Package>
                <Package>java.net</Package>
                <Package>java.nio.channels</Package>
                <Package>java.nio.charset</Package>
                <Package>java.util</Package>
                <Package>java.util.concurrent</Package>
                <Package>java.util.concurrent.atomic</Package>
                <Package>java.util.logging</Package>
                <Package>java.util.zip</Package>
                <Package>javax.net.ssl</Package>
            </DependsUpon>

            <UsedBy>
                <Package>com.sun.mail.imap</Package>
                <Package>com.sun.mail.imap.protocol</Package>
            </UsedBy>
        </Package>

        <Package name="com.sun.mail.imap">
            <Stats>
                <TotalClasses>57</TotalClasses>
                <ConcreteClasses>55</ConcreteClasses>
                <AbstractClasses>2</AbstractClasses>
                <Ca>1</Ca>
                <Ce>16</Ce>
                <A>0.04</A>
                <I>0.94</I>
                <D>0.02</D>
                <V>1</V>
            </Stats>

            <AbstractClasses>
                <Class sourceFile="IMAPFolder.java">
                    com.sun.mail.imap.IMAPFolder$ProtocolCommand
                </Class>
                <Class sourceFile="Utility.java">
                    com.sun.mail.imap.Utility$Condition
                </Class>
            </AbstractClasses>

            <ConcreteClasses>
                <Class sourceFile="ACL.java">
                    com.sun.mail.imap.ACL
                </Class>
                <Class sourceFile="AppendUID.java">
                    com.sun.mail.imap.AppendUID
                </Class>
                <Class sourceFile="CopyUID.java">
                    com.sun.mail.imap.CopyUID
                </Class>
                <Class sourceFile="DefaultFolder.java">
                    com.sun.mail.imap.DefaultFolder
                </Class>
                <Class sourceFile="DefaultFolder.java">
                    com.sun.mail.imap.DefaultFolder$1
                </Class>
                <Class sourceFile="DefaultFolder.java">
                    com.sun.mail.imap.DefaultFolder$2
                </Class>
                <Class sourceFile="IMAPBodyPart.java">
                    com.sun.mail.imap.IMAPBodyPart
                </Class>
                <Class sourceFile="IMAPFolder.java">
                    com.sun.mail.imap.IMAPFolder
                </Class>
                <Class sourceFile="IMAPFolder.java">
                    com.sun.mail.imap.IMAPFolder$1
                </Class>
                <Class sourceFile="IMAPFolder.java">
                    com.sun.mail.imap.IMAPFolder$10
                </Class>
                <Class sourceFile="IMAPFolder.java">
                    com.sun.mail.imap.IMAPFolder$11
                </Class>
                <Class sourceFile="IMAPFolder.java">
                    com.sun.mail.imap.IMAPFolder$12
                </Class>
                <Class sourceFile="IMAPFolder.java">
                    com.sun.mail.imap.IMAPFolder$13
                </Class>
                <Class sourceFile="IMAPFolder.java">
                    com.sun.mail.imap.IMAPFolder$14
                </Class>
                <Class sourceFile="IMAPFolder.java">
                    com.sun.mail.imap.IMAPFolder$15
                </Class>
                <Class sourceFile="IMAPFolder.java">
                    com.sun.mail.imap.IMAPFolder$16
                </Class>
                <Class sourceFile="IMAPFolder.java">
                    com.sun.mail.imap.IMAPFolder$17
                </Class>
                <Class sourceFile="IMAPFolder.java">
                    com.sun.mail.imap.IMAPFolder$18
                </Class>
                <Class sourceFile="IMAPFolder.java">
                    com.sun.mail.imap.IMAPFolder$19
                </Class>
                <Class sourceFile="IMAPFolder.java">
                    com.sun.mail.imap.IMAPFolder$2
                </Class>
                <Class sourceFile="IMAPFolder.java">
                    com.sun.mail.imap.IMAPFolder$20
                </Class>
                <Class sourceFile="IMAPFolder.java">
                    com.sun.mail.imap.IMAPFolder$3
                </Class>
                <Class sourceFile="IMAPFolder.java">
                    com.sun.mail.imap.IMAPFolder$4
                </Class>
                <Class sourceFile="IMAPFolder.java">
                    com.sun.mail.imap.IMAPFolder$5
                </Class>
                <Class sourceFile="IMAPFolder.java">
                    com.sun.mail.imap.IMAPFolder$6
                </Class>
                <Class sourceFile="IMAPFolder.java">
                    com.sun.mail.imap.IMAPFolder$7
                </Class>
                <Class sourceFile="IMAPFolder.java">
                    com.sun.mail.imap.IMAPFolder$8
                </Class>
                <Class sourceFile="IMAPFolder.java">
                    com.sun.mail.imap.IMAPFolder$9
                </Class>
                <Class sourceFile="IMAPFolder.java">
                    com.sun.mail.imap.IMAPFolder$FetchProfileItem
                </Class>
                <Class sourceFile="IMAPInputStream.java">
                    com.sun.mail.imap.IMAPInputStream
                </Class>
                <Class sourceFile="IMAPMessage.java">
                    com.sun.mail.imap.IMAPMessage
                </Class>
                <Class sourceFile="IMAPMessage.java">
                    com.sun.mail.imap.IMAPMessage$FetchProfileCondition
                </Class>
                <Class sourceFile="IMAPMultipartDataSource.java">
                    com.sun.mail.imap.IMAPMultipartDataSource
                </Class>
                <Class sourceFile="IMAPNestedMessage.java">
                    com.sun.mail.imap.IMAPNestedMessage
                </Class>
                <Class sourceFile="IMAPSSLStore.java">
                    com.sun.mail.imap.IMAPSSLStore
                </Class>
                <Class sourceFile="IMAPStore.java">
                    com.sun.mail.imap.IMAPStore
                </Class>
                <Class sourceFile="IMAPStore.java">
                    com.sun.mail.imap.IMAPStore$1
                </Class>
                <Class sourceFile="IMAPStore.java">
                    com.sun.mail.imap.IMAPStore$ConnectionPool
                </Class>
                <Class sourceFile="IdleManager.java">
                    com.sun.mail.imap.IdleManager
                </Class>
                <Class sourceFile="IdleManager.java">
                    com.sun.mail.imap.IdleManager$1
                </Class>
                <Class sourceFile="IdleManager.java">
                    com.sun.mail.imap.IdleManager$2
                </Class>
                <Class sourceFile="IMAPFolder.java">
                    com.sun.mail.imap.LengthCounter
                </Class>
                <Class sourceFile="MessageCache.java">
                    com.sun.mail.imap.MessageCache
                </Class>
                <Class sourceFile="IMAPFolder.java">
                    com.sun.mail.imap.MessageLiteral
                </Class>
                <Class sourceFile="MessageVanishedEvent.java">
                    com.sun.mail.imap.MessageVanishedEvent
                </Class>
                <Class sourceFile="ModifiedSinceTerm.java">
                    com.sun.mail.imap.ModifiedSinceTerm
                </Class>
                <Class sourceFile="OlderTerm.java">
                    com.sun.mail.imap.OlderTerm
                </Class>
                <Class sourceFile="ReferralException.java">
                    com.sun.mail.imap.ReferralException
                </Class>
                <Class sourceFile="ResyncData.java">
                    com.sun.mail.imap.ResyncData
                </Class>
                <Class sourceFile="Rights.java">
                    com.sun.mail.imap.Rights
                </Class>
                <Class sourceFile="Rights.java">
                    com.sun.mail.imap.Rights$Right
                </Class>
                <Class sourceFile="SortTerm.java">
                    com.sun.mail.imap.SortTerm
                </Class>
                <Class sourceFile="Utility.java">
                    com.sun.mail.imap.Utility
                </Class>
                <Class sourceFile="Utility.java">
                    com.sun.mail.imap.Utility$1
                </Class>
                <Class sourceFile="YoungerTerm.java">
                    com.sun.mail.imap.YoungerTerm
                </Class>
            </ConcreteClasses>

            <DependsUpon>
                <Package>com.sun.mail.iap</Package>
                <Package>com.sun.mail.imap.protocol</Package>
                <Package>com.sun.mail.util</Package>
                <Package>java.io</Package>
                <Package>java.lang</Package>
                <Package>java.lang.reflect</Package>
                <Package>java.net</Package>
                <Package>java.nio.channels</Package>
                <Package>java.util</Package>
                <Package>java.util.concurrent</Package>
                <Package>java.util.logging</Package>
                <Package>javax.activation</Package>
                <Package>javax.mail</Package>
                <Package>javax.mail.event</Package>
                <Package>javax.mail.internet</Package>
                <Package>javax.mail.search</Package>
            </DependsUpon>

            <UsedBy>
                <Package>com.sun.mail.imap.protocol</Package>
            </UsedBy>
        </Package>

        <Package name="com.sun.mail.imap.protocol">
            <Stats>
                <TotalClasses>30</TotalClasses>
                <ConcreteClasses>27</ConcreteClasses>
                <AbstractClasses>3</AbstractClasses>
                <Ca>1</Ca>
                <Ce>17</Ce>
                <A>0.1</A>
                <I>0.94</I>
                <D>0.04</D>
                <V>1</V>
            </Stats>

            <AbstractClasses>
                <Class sourceFile="FetchItem.java">
                    com.sun.mail.imap.protocol.FetchItem
                </Class>
                <Class sourceFile="Item.java">
                    com.sun.mail.imap.protocol.Item
                </Class>
                <Class sourceFile="SaslAuthenticator.java">
                    com.sun.mail.imap.protocol.SaslAuthenticator
                </Class>
            </AbstractClasses>

            <ConcreteClasses>
                <Class sourceFile="BASE64MailboxDecoder.java">
                    com.sun.mail.imap.protocol.BASE64MailboxDecoder
                </Class>
                <Class sourceFile="BASE64MailboxEncoder.java">
                    com.sun.mail.imap.protocol.BASE64MailboxEncoder
                </Class>
                <Class sourceFile="BODY.java">
                    com.sun.mail.imap.protocol.BODY
                </Class>
                <Class sourceFile="BODYSTRUCTURE.java">
                    com.sun.mail.imap.protocol.BODYSTRUCTURE
                </Class>
                <Class sourceFile="ENVELOPE.java">
                    com.sun.mail.imap.protocol.ENVELOPE
                </Class>
                <Class sourceFile="FLAGS.java">
                    com.sun.mail.imap.protocol.FLAGS
                </Class>
                <Class sourceFile="FetchResponse.java">
                    com.sun.mail.imap.protocol.FetchResponse
                </Class>
                <Class sourceFile="ID.java">
                    com.sun.mail.imap.protocol.ID
                </Class>
                <Class sourceFile="ENVELOPE.java">
                    com.sun.mail.imap.protocol.IMAPAddress
                </Class>
                <Class sourceFile="IMAPProtocol.java">
                    com.sun.mail.imap.protocol.IMAPProtocol
                </Class>
                <Class sourceFile="IMAPReferralException.java">
                    com.sun.mail.imap.protocol.IMAPReferralException
                </Class>
                <Class sourceFile="IMAPResponse.java">
                    com.sun.mail.imap.protocol.IMAPResponse
                </Class>
                <Class sourceFile="IMAPSaslAuthenticator.java">
                    com.sun.mail.imap.protocol.IMAPSaslAuthenticator
                </Class>
                <Class sourceFile="IMAPSaslAuthenticator.java">
                    com.sun.mail.imap.protocol.IMAPSaslAuthenticator$1
                </Class>
                <Class sourceFile="INTERNALDATE.java">
                    com.sun.mail.imap.protocol.INTERNALDATE
                </Class>
                <Class sourceFile="ListInfo.java">
                    com.sun.mail.imap.protocol.ListInfo
                </Class>
                <Class sourceFile="MODSEQ.java">
                    com.sun.mail.imap.protocol.MODSEQ
                </Class>
                <Class sourceFile="MailboxInfo.java">
                    com.sun.mail.imap.protocol.MailboxInfo
                </Class>
                <Class sourceFile="MessageSet.java">
                    com.sun.mail.imap.protocol.MessageSet
                </Class>
                <Class sourceFile="Namespaces.java">
                    com.sun.mail.imap.protocol.Namespaces
                </Class>
                <Class sourceFile="Namespaces.java">
                    com.sun.mail.imap.protocol.Namespaces$Namespace
                </Class>
                <Class sourceFile="RFC822DATA.java">
                    com.sun.mail.imap.protocol.RFC822DATA
                </Class>
                <Class sourceFile="RFC822SIZE.java">
                    com.sun.mail.imap.protocol.RFC822SIZE
                </Class>
                <Class sourceFile="SearchSequence.java">
                    com.sun.mail.imap.protocol.SearchSequence
                </Class>
                <Class sourceFile="Status.java">
                    com.sun.mail.imap.protocol.Status
                </Class>
                <Class sourceFile="UID.java">
                    com.sun.mail.imap.protocol.UID
                </Class>
                <Class sourceFile="UIDSet.java">
                    com.sun.mail.imap.protocol.UIDSet
                </Class>
            </ConcreteClasses>

            <DependsUpon>
                <Package>com.sun.mail.auth</Package>
                <Package>com.sun.mail.iap</Package>
                <Package>com.sun.mail.imap</Package>
                <Package>com.sun.mail.util</Package>
                <Package>java.io</Package>
                <Package>java.lang</Package>
                <Package>java.lang.reflect</Package>
                <Package>java.net</Package>
                <Package>java.nio.charset</Package>
                <Package>java.text</Package>
                <Package>java.util</Package>
                <Package>java.util.logging</Package>
                <Package>javax.mail</Package>
                <Package>javax.mail.internet</Package>
                <Package>javax.mail.search</Package>
                <Package>javax.security.auth.callback</Package>
                <Package>javax.security.sasl</Package>
            </DependsUpon>

            <UsedBy>
                <Package>com.sun.mail.imap</Package>
            </UsedBy>
        </Package>

        <Package name="com.sun.mail.pop3">
            <Stats>
                <TotalClasses>11</TotalClasses>
                <ConcreteClasses>11</ConcreteClasses>
                <AbstractClasses>0</AbstractClasses>
                <Ca>0</Ca>
                <Ce>14</Ce>
                <A>0</A>
                <I>1</I>
                <D>0</D>
                <V>1</V>
            </Stats>

            <AbstractClasses>
            </AbstractClasses>

            <ConcreteClasses>
                <Class sourceFile="AppendStream.java">
                    com.sun.mail.pop3.AppendStream
                </Class>
                <Class sourceFile="DefaultFolder.java">
                    com.sun.mail.pop3.DefaultFolder
                </Class>
                <Class sourceFile="POP3Folder.java">
                    com.sun.mail.pop3.POP3Folder
                </Class>
                <Class sourceFile="POP3Message.java">
                    com.sun.mail.pop3.POP3Message
                </Class>
                <Class sourceFile="POP3SSLStore.java">
                    com.sun.mail.pop3.POP3SSLStore
                </Class>
                <Class sourceFile="POP3Store.java">
                    com.sun.mail.pop3.POP3Store
                </Class>
                <Class sourceFile="Protocol.java">
                    com.sun.mail.pop3.Protocol
                </Class>
                <Class sourceFile="Protocol.java">
                    com.sun.mail.pop3.Response
                </Class>
                <Class sourceFile="Status.java">
                    com.sun.mail.pop3.Status
                </Class>
                <Class sourceFile="TempFile.java">
                    com.sun.mail.pop3.TempFile
                </Class>
                <Class sourceFile="WritableSharedFile.java">
                    com.sun.mail.pop3.WritableSharedFile
                </Class>
            </ConcreteClasses>

            <DependsUpon>
                <Package>com.sun.mail.util</Package>
                <Package>java.io</Package>
                <Package>java.lang</Package>
                <Package>java.lang.ref</Package>
                <Package>java.lang.reflect</Package>
                <Package>java.net</Package>
                <Package>java.security</Package>
                <Package>java.util</Package>
                <Package>java.util.logging</Package>
                <Package>javax.mail</Package>
                <Package>javax.mail.event</Package>
                <Package>javax.mail.internet</Package>
                <Package>javax.mail.util</Package>
                <Package>javax.net.ssl</Package>
            </DependsUpon>

            <UsedBy>
            </UsedBy>
        </Package>

        <Package name="com.sun.mail.smtp">
            <Stats>
                <TotalClasses>20</TotalClasses>
                <ConcreteClasses>18</ConcreteClasses>
                <AbstractClasses>2</AbstractClasses>
                <Ca>0</Ca>
                <Ce>16</Ce>
                <A>0.1</A>
                <I>1</I>
                <D>0.1</D>
                <V>1</V>
            </Stats>

            <AbstractClasses>
                <Class sourceFile="SMTPTransport.java">
                    com.sun.mail.smtp.SMTPTransport$Authenticator
                </Class>
                <Class sourceFile="SaslAuthenticator.java">
                    com.sun.mail.smtp.SaslAuthenticator
                </Class>
            </AbstractClasses>

            <ConcreteClasses>
                <Class sourceFile="DigestMD5.java">
                    com.sun.mail.smtp.DigestMD5
                </Class>
                <Class sourceFile="SMTPAddressFailedException.java">
                    com.sun.mail.smtp.SMTPAddressFailedException
                </Class>
                <Class sourceFile="SMTPAddressSucceededException.java">
                    com.sun.mail.smtp.SMTPAddressSucceededException
                </Class>
                <Class sourceFile="SMTPMessage.java">
                    com.sun.mail.smtp.SMTPMessage
                </Class>
                <Class sourceFile="SMTPOutputStream.java">
                    com.sun.mail.smtp.SMTPOutputStream
                </Class>
                <Class sourceFile="SMTPSSLTransport.java">
                    com.sun.mail.smtp.SMTPSSLTransport
                </Class>
                <Class sourceFile="SMTPSaslAuthenticator.java">
                    com.sun.mail.smtp.SMTPSaslAuthenticator
                </Class>
                <Class sourceFile="SMTPSaslAuthenticator.java">
                    com.sun.mail.smtp.SMTPSaslAuthenticator$1
                </Class>
                <Class sourceFile="SMTPSendFailedException.java">
                    com.sun.mail.smtp.SMTPSendFailedException
                </Class>
                <Class sourceFile="SMTPSenderFailedException.java">
                    com.sun.mail.smtp.SMTPSenderFailedException
                </Class>
                <Class sourceFile="SMTPTransport.java">
                    com.sun.mail.smtp.SMTPTransport
                </Class>
                <Class sourceFile="SMTPTransport.java">
                    com.sun.mail.smtp.SMTPTransport$BDATOutputStream
                </Class>
                <Class sourceFile="SMTPTransport.java">
                    com.sun.mail.smtp.SMTPTransport$ChunkedOutputStream
                </Class>
                <Class sourceFile="SMTPTransport.java">
                    com.sun.mail.smtp.SMTPTransport$DigestMD5Authenticator
                </Class>
                <Class sourceFile="SMTPTransport.java">
                    com.sun.mail.smtp.SMTPTransport$LoginAuthenticator
                </Class>
                <Class sourceFile="SMTPTransport.java">
                    com.sun.mail.smtp.SMTPTransport$NtlmAuthenticator
                </Class>
                <Class sourceFile="SMTPTransport.java">
                    com.sun.mail.smtp.SMTPTransport$OAuth2Authenticator
                </Class>
                <Class sourceFile="SMTPTransport.java">
                    com.sun.mail.smtp.SMTPTransport$PlainAuthenticator
                </Class>
            </ConcreteClasses>

            <DependsUpon>
                <Package>com.sun.mail.auth</Package>
                <Package>com.sun.mail.util</Package>
                <Package>java.io</Package>
                <Package>java.lang</Package>
                <Package>java.lang.reflect</Package>
                <Package>java.net</Package>
                <Package>java.nio.charset</Package>
                <Package>java.security</Package>
                <Package>java.util</Package>
                <Package>java.util.logging</Package>
                <Package>javax.mail</Package>
                <Package>javax.mail.event</Package>
                <Package>javax.mail.internet</Package>
                <Package>javax.net.ssl</Package>
                <Package>javax.security.auth.callback</Package>
                <Package>javax.security.sasl</Package>
            </DependsUpon>

            <UsedBy>
            </UsedBy>
        </Package>

        <Package name="com.sun.mail.util">
            <Stats>
                <TotalClasses>35</TotalClasses>
                <ConcreteClasses>34</ConcreteClasses>
                <AbstractClasses>1</AbstractClasses>
                <Ca>8</Ca>
                <Ce>19</Ce>
                <A>0.03</A>
                <I>0.7</I>
                <D>0.27</D>
                <V>1</V>
            </Stats>

            <AbstractClasses>
                <Class sourceFile="ReadableMime.java">
                    com.sun.mail.util.ReadableMime
                </Class>
            </AbstractClasses>

            <ConcreteClasses>
                <Class sourceFile="ASCIIUtility.java">
                    com.sun.mail.util.ASCIIUtility
                </Class>
                <Class sourceFile="BASE64DecoderStream.java">
                    com.sun.mail.util.BASE64DecoderStream
                </Class>
                <Class sourceFile="BASE64EncoderStream.java">
                    com.sun.mail.util.BASE64EncoderStream
                </Class>
                <Class sourceFile="BEncoderStream.java">
                    com.sun.mail.util.BEncoderStream
                </Class>
                <Class sourceFile="CRLFOutputStream.java">
                    com.sun.mail.util.CRLFOutputStream
                </Class>
                <Class sourceFile="DecodingException.java">
                    com.sun.mail.util.DecodingException
                </Class>
                <Class sourceFile="FolderClosedIOException.java">
                    com.sun.mail.util.FolderClosedIOException
                </Class>
                <Class sourceFile="LineInputStream.java">
                    com.sun.mail.util.LineInputStream
                </Class>
                <Class sourceFile="LineOutputStream.java">
                    com.sun.mail.util.LineOutputStream
                </Class>
                <Class sourceFile="LogOutputStream.java">
                    com.sun.mail.util.LogOutputStream
                </Class>
                <Class sourceFile="MailConnectException.java">
                    com.sun.mail.util.MailConnectException
                </Class>
                <Class sourceFile="MailLogger.java">
                    com.sun.mail.util.MailLogger
                </Class>
                <Class sourceFile="MailSSLSocketFactory.java">
                    com.sun.mail.util.MailSSLSocketFactory
                </Class>
                <Class sourceFile="MailSSLSocketFactory.java">
                    com.sun.mail.util.MailSSLSocketFactory$1
                </Class>
                <Class sourceFile="MailSSLSocketFactory.java">
                    com.sun.mail.util.MailSSLSocketFactory$MailTrustManager
                </Class>
                <Class sourceFile="MessageRemovedIOException.java">
                    com.sun.mail.util.MessageRemovedIOException
                </Class>
                <Class sourceFile="MimeUtil.java">
                    com.sun.mail.util.MimeUtil
                </Class>
                <Class sourceFile="MimeUtil.java">
                    com.sun.mail.util.MimeUtil$1
                </Class>
                <Class sourceFile="PropUtil.java">
                    com.sun.mail.util.PropUtil
                </Class>
                <Class sourceFile="QDecoderStream.java">
                    com.sun.mail.util.QDecoderStream
                </Class>
                <Class sourceFile="QEncoderStream.java">
                    com.sun.mail.util.QEncoderStream
                </Class>
                <Class sourceFile="QPDecoderStream.java">
                    com.sun.mail.util.QPDecoderStream
                </Class>
                <Class sourceFile="QPEncoderStream.java">
                    com.sun.mail.util.QPEncoderStream
                </Class>
                <Class sourceFile="SharedByteArrayOutputStream.java">
                    com.sun.mail.util.SharedByteArrayOutputStream
                </Class>
                <Class sourceFile="SocketConnectException.java">
                    com.sun.mail.util.SocketConnectException
                </Class>
                <Class sourceFile="SocketFetcher.java">
                    com.sun.mail.util.SocketFetcher
                </Class>
                <Class sourceFile="SocketFetcher.java">
                    com.sun.mail.util.SocketFetcher$1
                </Class>
                <Class sourceFile="WriteTimeoutSocket.java">
                    com.sun.mail.util.TimeoutOutputStream
                </Class>
                <Class sourceFile="WriteTimeoutSocket.java">
                    com.sun.mail.util.TimeoutOutputStream$1
                </Class>
                <Class sourceFile="TraceInputStream.java">
                    com.sun.mail.util.TraceInputStream
                </Class>
                <Class sourceFile="TraceOutputStream.java">
                    com.sun.mail.util.TraceOutputStream
                </Class>
                <Class sourceFile="UUDecoderStream.java">
                    com.sun.mail.util.UUDecoderStream
                </Class>
                <Class sourceFile="UUEncoderStream.java">
                    com.sun.mail.util.UUEncoderStream
                </Class>
                <Class sourceFile="WriteTimeoutSocket.java">
                    com.sun.mail.util.WriteTimeoutSocket
                </Class>
            </ConcreteClasses>

            <DependsUpon>
                <Package>java.io</Package>
                <Package>java.lang</Package>
                <Package>java.lang.reflect</Package>
                <Package>java.net</Package>
                <Package>java.nio.channels</Package>
                <Package>java.nio.charset</Package>
                <Package>java.security</Package>
                <Package>java.security.cert</Package>
                <Package>java.text</Package>
                <Package>java.util</Package>
                <Package>java.util.concurrent</Package>
                <Package>java.util.logging</Package>
                <Package>java.util.regex</Package>
                <Package>javax.mail</Package>
                <Package>javax.mail.internet</Package>
                <Package>javax.mail.util</Package>
                <Package>javax.net</Package>
                <Package>javax.net.ssl</Package>
                <Package>javax.security.auth.x500</Package>
            </DependsUpon>

            <UsedBy>
                <Package>com.sun.mail.auth</Package>
                <Package>com.sun.mail.iap</Package>
                <Package>com.sun.mail.imap</Package>
                <Package>com.sun.mail.imap.protocol</Package>
                <Package>com.sun.mail.pop3</Package>
                <Package>com.sun.mail.smtp</Package>
                <Package>javax.mail</Package>
                <Package>javax.mail.internet</Package>
            </UsedBy>
        </Package>

        <Package name="com.sun.mail.util.logging">
            <Stats>
                <TotalClasses>11</TotalClasses>
                <ConcreteClasses>11</ConcreteClasses>
                <AbstractClasses>0</AbstractClasses>
                <Ca>0</Ca>
                <Ce>13</Ce>
                <A>0</A>
                <I>1</I>
                <D>0</D>
                <V>1</V>
            </Stats>

            <AbstractClasses>
            </AbstractClasses>

            <ConcreteClasses>
                <Class sourceFile="CollectorFormatter.java">
                    com.sun.mail.util.logging.CollectorFormatter
                </Class>
                <Class sourceFile="CompactFormatter.java">
                    com.sun.mail.util.logging.CompactFormatter
                </Class>
                <Class sourceFile="CompactFormatter.java">
                    com.sun.mail.util.logging.CompactFormatter$Alternate
                </Class>
                <Class sourceFile="DurationFilter.java">
                    com.sun.mail.util.logging.DurationFilter
                </Class>
                <Class sourceFile="LogManagerProperties.java">
                    com.sun.mail.util.logging.LogManagerProperties
                </Class>
                <Class sourceFile="LogManagerProperties.java">
                    com.sun.mail.util.logging.LogManagerProperties$1
                </Class>
                <Class sourceFile="MailHandler.java">
                    com.sun.mail.util.logging.MailHandler
                </Class>
                <Class sourceFile="MailHandler.java">
                    com.sun.mail.util.logging.MailHandler$DefaultAuthenticator
                </Class>
                <Class sourceFile="MailHandler.java">
                    com.sun.mail.util.logging.MailHandler$GetAndSetContext
                </Class>
                <Class sourceFile="MailHandler.java">
                    com.sun.mail.util.logging.MailHandler$TailNameFormatter
                </Class>
                <Class sourceFile="SeverityComparator.java">
                    com.sun.mail.util.logging.SeverityComparator
                </Class>
            </ConcreteClasses>

            <DependsUpon>
                <Package>java.io</Package>
                <Package>java.lang</Package>
                <Package>java.lang.reflect</Package>
                <Package>java.net</Package>
                <Package>java.nio.charset</Package>
                <Package>java.security</Package>
                <Package>java.text</Package>
                <Package>java.util</Package>
                <Package>java.util.logging</Package>
                <Package>javax.activation</Package>
                <Package>javax.mail</Package>
                <Package>javax.mail.internet</Package>
                <Package>javax.mail.util</Package>
            </DependsUpon>

            <UsedBy>
            </UsedBy>
        </Package>

        <Package name="de.jensd.fx.glyphs">
            <Stats>
                <TotalClasses>14</TotalClasses>
                <ConcreteClasses>10</ConcreteClasses>
                <AbstractClasses>4</AbstractClasses>
                <Ca>2</Ca>
                <Ce>17</Ce>
                <A>0.29</A>
                <I>0.89</I>
                <D>0.18</D>
                <V>1</V>
            </Stats>

            <AbstractClasses>
                <Class sourceFile="GlyphIcon.java">
                    de.jensd.fx.glyphs.GlyphIcon
                </Class>
                <Class sourceFile="GlyphIcons.java">
                    de.jensd.fx.glyphs.GlyphIcons
                </Class>
                <Class sourceFile="GlyphStackIcon.java">
                    de.jensd.fx.glyphs.GlyphStackIcon
                </Class>
                <Class sourceFile="GlyphStackIcons.java">
                    de.jensd.fx.glyphs.GlyphStackIcons
                </Class>
            </AbstractClasses>

            <ConcreteClasses>
                <Class sourceFile="GlyphIcon.java">
                    de.jensd.fx.glyphs.GlyphIcon$StyleableProperties
                </Class>
                <Class sourceFile="GlyphIcon.java">
                    de.jensd.fx.glyphs.GlyphIcon$StyleableProperties$1
                </Class>
                <Class sourceFile="GlyphIcon.java">
                    de.jensd.fx.glyphs.GlyphIcon$StyleableProperties$2
                </Class>
                <Class sourceFile="GlyphStackIcon.java">
                    de.jensd.fx.glyphs.GlyphStackIcon$StyleableProperties
                </Class>
                <Class sourceFile="GlyphStackIcon.java">
                    de.jensd.fx.glyphs.GlyphStackIcon$StyleableProperties$1
                </Class>
                <Class sourceFile="GlyphStackIcon.java">
                    de.jensd.fx.glyphs.GlyphStackIcon$StyleableProperties$2
                </Class>
                <Class sourceFile="GlyphsBuilder.java">
                    de.jensd.fx.glyphs.GlyphsBuilder
                </Class>
                <Class sourceFile="GlyphsFactory.java">
                    de.jensd.fx.glyphs.GlyphsFactory
                </Class>
                <Class sourceFile="GlyphsStack.java">
                    de.jensd.fx.glyphs.GlyphsStack
                </Class>
                <Class sourceFile="GlyphsStyle.java">
                    de.jensd.fx.glyphs.GlyphsStyle
                </Class>
            </ConcreteClasses>

            <DependsUpon>
                <Package>com.sun.javafx.css</Package>
                <Package>com.sun.javafx.css.parser</Package>
                <Package>java.lang</Package>
                <Package>java.lang.invoke</Package>
                <Package>java.lang.reflect</Package>
                <Package>java.net</Package>
                <Package>java.util</Package>
                <Package>java.util.logging</Package>
                <Package>java.util.stream</Package>
                <Package>javafx.beans</Package>
                <Package>javafx.beans.property</Package>
                <Package>javafx.collections</Package>
                <Package>javafx.css</Package>
                <Package>javafx.scene</Package>
                <Package>javafx.scene.control</Package>
                <Package>javafx.scene.layout</Package>
                <Package>javafx.scene.text</Package>
            </DependsUpon>

            <UsedBy>
                <Package>de.jensd.fx.glyphs.fontawesome</Package>
                <Package>de.jensd.fx.glyphs.fontawesome.utils</Package>
            </UsedBy>
        </Package>

        <Package name="de.jensd.fx.glyphs.fontawesome">
            <Stats>
                <TotalClasses>2</TotalClasses>
                <ConcreteClasses>2</ConcreteClasses>
                <AbstractClasses>0</AbstractClasses>
                <Ca>2</Ca>
                <Ce>6</Ce>
                <A>0</A>
                <I>0.75</I>
                <D>0.25</D>
                <V>1</V>
            </Stats>

            <AbstractClasses>
            </AbstractClasses>

            <ConcreteClasses>
                <Class sourceFile="FontAwesomeIcon.java">
                    de.jensd.fx.glyphs.fontawesome.FontAwesomeIcon
                </Class>
                <Class sourceFile="FontAwesomeIconView.java">
                    de.jensd.fx.glyphs.fontawesome.FontAwesomeIconView
                </Class>
            </ConcreteClasses>

            <DependsUpon>
                <Package>de.jensd.fx.glyphs</Package>
                <Package>java.io</Package>
                <Package>java.lang</Package>
                <Package>java.net</Package>
                <Package>java.util.logging</Package>
                <Package>javafx.scene.text</Package>
            </DependsUpon>

            <UsedBy>
                <Package>de.jensd.fx.glyphs.fontawesome.demo</Package>
                <Package>de.jensd.fx.glyphs.fontawesome.utils</Package>
            </UsedBy>
        </Package>

        <Package name="de.jensd.fx.glyphs.fontawesome.demo">
            <Stats>
                <TotalClasses>2</TotalClasses>
                <ConcreteClasses>2</ConcreteClasses>
                <AbstractClasses>0</AbstractClasses>
                <Ca>0</Ca>
                <Ce>11</Ce>
                <A>0</A>
                <I>1</I>
                <D>0</D>
                <V>1</V>
            </Stats>

            <AbstractClasses>
            </AbstractClasses>

            <ConcreteClasses>
                <Class sourceFile="FontAwesomeIconsDemoApp.java">
                    de.jensd.fx.glyphs.fontawesome.demo.FontAwesomeIconsDemoApp
                </Class>
                <Class sourceFile="FontTestFX.java">
                    de.jensd.fx.glyphs.fontawesome.demo.FontTestFX
                </Class>
            </ConcreteClasses>

            <DependsUpon>
                <Package>de.jensd.fx.glyphs.fontawesome</Package>
                <Package>de.jensd.fx.glyphs.fontawesome.utils</Package>
                <Package>java.io</Package>
                <Package>java.lang</Package>
                <Package>javafx.application</Package>
                <Package>javafx.collections</Package>
                <Package>javafx.scene</Package>
                <Package>javafx.scene.control</Package>
                <Package>javafx.scene.layout</Package>
                <Package>javafx.scene.text</Package>
                <Package>javafx.stage</Package>
            </DependsUpon>

            <UsedBy>
            </UsedBy>
        </Package>

        <Package name="de.jensd.fx.glyphs.fontawesome.utils">
            <Stats>
                <TotalClasses>2</TotalClasses>
                <ConcreteClasses>2</ConcreteClasses>
                <AbstractClasses>0</AbstractClasses>
                <Ca>1</Ca>
                <Ce>4</Ce>
                <A>0</A>
                <I>0.8</I>
                <D>0.2</D>
                <V>1</V>
            </Stats>

            <AbstractClasses>
            </AbstractClasses>

            <ConcreteClasses>
                <Class sourceFile="FontAwesomeIconFactory.java">
                    de.jensd.fx.glyphs.fontawesome.utils.FontAwesomeIconFactory
                </Class>
                <Class sourceFile="FontAwesomeIconNameComparator.java">
                    de.jensd.fx.glyphs.fontawesome.utils.FontAwesomeIconNameComparator
                </Class>
            </ConcreteClasses>

            <DependsUpon>
                <Package>de.jensd.fx.glyphs</Package>
                <Package>de.jensd.fx.glyphs.fontawesome</Package>
                <Package>java.lang</Package>
                <Package>java.util</Package>
            </DependsUpon>

            <UsedBy>
                <Package>de.jensd.fx.glyphs.fontawesome.demo</Package>
            </UsedBy>
        </Package>

        <Package name="java.awt">
            <error>No stats available: package referenced, but not analyzed.</error>
        </Package>

        <Package name="java.awt.datatransfer">
            <error>No stats available: package referenced, but not analyzed.</error>
        </Package>

        <Package name="java.awt.geom">
            <error>No stats available: package referenced, but not analyzed.</error>
        </Package>

        <Package name="java.awt.image">
            <error>No stats available: package referenced, but not analyzed.</error>
        </Package>

        <Package name="java.io">
            <error>No stats available: package referenced, but not analyzed.</error>
        </Package>

        <Package name="java.lang">
            <error>No stats available: package referenced, but not analyzed.</error>
        </Package>

        <Package name="java.lang.annotation">
            <error>No stats available: package referenced, but not analyzed.</error>
        </Package>

        <Package name="java.lang.invoke">
            <error>No stats available: package referenced, but not analyzed.</error>
        </Package>

        <Package name="java.lang.ref">
            <error>No stats available: package referenced, but not analyzed.</error>
        </Package>

        <Package name="java.lang.reflect">
            <error>No stats available: package referenced, but not analyzed.</error>
        </Package>

        <Package name="java.math">
            <error>No stats available: package referenced, but not analyzed.</error>
        </Package>

        <Package name="java.net">
            <error>No stats available: package referenced, but not analyzed.</error>
        </Package>

        <Package name="java.nio">
            <error>No stats available: package referenced, but not analyzed.</error>
        </Package>

        <Package name="java.nio.channels">
            <error>No stats available: package referenced, but not analyzed.</error>
        </Package>

        <Package name="java.nio.charset">
            <error>No stats available: package referenced, but not analyzed.</error>
        </Package>

        <Package name="java.nio.file">
            <error>No stats available: package referenced, but not analyzed.</error>
        </Package>

        <Package name="java.nio.file.attribute">
            <error>No stats available: package referenced, but not analyzed.</error>
        </Package>

        <Package name="java.security">
            <error>No stats available: package referenced, but not analyzed.</error>
        </Package>

        <Package name="java.security.cert">
            <error>No stats available: package referenced, but not analyzed.</error>
        </Package>

        <Package name="java.sql">
            <error>No stats available: package referenced, but not analyzed.</error>
        </Package>

        <Package name="java.text">
            <error>No stats available: package referenced, but not analyzed.</error>
        </Package>

        <Package name="java.time">
            <error>No stats available: package referenced, but not analyzed.</error>
        </Package>

        <Package name="java.time.chrono">
            <error>No stats available: package referenced, but not analyzed.</error>
        </Package>

        <Package name="java.time.format">
            <error>No stats available: package referenced, but not analyzed.</error>
        </Package>

        <Package name="java.time.temporal">
            <error>No stats available: package referenced, but not analyzed.</error>
        </Package>

        <Package name="java.util">
            <error>No stats available: package referenced, but not analyzed.</error>
        </Package>

        <Package name="java.util.concurrent">
            <error>No stats available: package referenced, but not analyzed.</error>
        </Package>

        <Package name="java.util.concurrent.atomic">
            <error>No stats available: package referenced, but not analyzed.</error>
        </Package>

        <Package name="java.util.concurrent.locks">
            <error>No stats available: package referenced, but not analyzed.</error>
        </Package>

        <Package name="java.util.function">
            <error>No stats available: package referenced, but not analyzed.</error>
        </Package>

        <Package name="java.util.jar">
            <error>No stats available: package referenced, but not analyzed.</error>
        </Package>

        <Package name="java.util.logging">
            <error>No stats available: package referenced, but not analyzed.</error>
        </Package>

        <Package name="java.util.regex">
            <error>No stats available: package referenced, but not analyzed.</error>
        </Package>

        <Package name="java.util.stream">
            <error>No stats available: package referenced, but not analyzed.</error>
        </Package>

        <Package name="java.util.zip">
            <error>No stats available: package referenced, but not analyzed.</error>
        </Package>

        <Package name="javafx.animation">
            <error>No stats available: package referenced, but not analyzed.</error>
        </Package>

        <Package name="javafx.application">
            <error>No stats available: package referenced, but not analyzed.</error>
        </Package>

        <Package name="javafx.beans">
            <error>No stats available: package referenced, but not analyzed.</error>
        </Package>

        <Package name="javafx.beans.binding">
            <error>No stats available: package referenced, but not analyzed.</error>
        </Package>

        <Package name="javafx.beans.property">
            <error>No stats available: package referenced, but not analyzed.</error>
        </Package>

        <Package name="javafx.beans.value">
            <error>No stats available: package referenced, but not analyzed.</error>
        </Package>

        <Package name="javafx.collections">
            <error>No stats available: package referenced, but not analyzed.</error>
        </Package>

        <Package name="javafx.collections.transformation">
            <error>No stats available: package referenced, but not analyzed.</error>
        </Package>

        <Package name="javafx.css">
            <error>No stats available: package referenced, but not analyzed.</error>
        </Package>

        <Package name="javafx.event">
            <error>No stats available: package referenced, but not analyzed.</error>
        </Package>

        <Package name="javafx.geometry">
            <error>No stats available: package referenced, but not analyzed.</error>
        </Package>

        <Package name="javafx.scene">
            <error>No stats available: package referenced, but not analyzed.</error>
        </Package>

        <Package name="javafx.scene.control">
            <error>No stats available: package referenced, but not analyzed.</error>
        </Package>

        <Package name="javafx.scene.effect">
            <error>No stats available: package referenced, but not analyzed.</error>
        </Package>

        <Package name="javafx.scene.image">
            <error>No stats available: package referenced, but not analyzed.</error>
        </Package>

        <Package name="javafx.scene.input">
            <error>No stats available: package referenced, but not analyzed.</error>
        </Package>

        <Package name="javafx.scene.layout">
            <error>No stats available: package referenced, but not analyzed.</error>
        </Package>

        <Package name="javafx.scene.paint">
            <error>No stats available: package referenced, but not analyzed.</error>
        </Package>

        <Package name="javafx.scene.shape">
            <error>No stats available: package referenced, but not analyzed.</error>
        </Package>

        <Package name="javafx.scene.text">
            <error>No stats available: package referenced, but not analyzed.</error>
        </Package>

        <Package name="javafx.scene.transform">
            <error>No stats available: package referenced, but not analyzed.</error>
        </Package>

        <Package name="javafx.stage">
            <error>No stats available: package referenced, but not analyzed.</error>
        </Package>

        <Package name="javafx.util">
            <error>No stats available: package referenced, but not analyzed.</error>
        </Package>

        <Package name="javafx.util.converter">
            <error>No stats available: package referenced, but not analyzed.</error>
        </Package>

        <Package name="javax.activation">
            <error>No stats available: package referenced, but not analyzed.</error>
        </Package>

        <Package name="javax.annotation">
            <error>No stats available: package referenced, but not analyzed.</error>
        </Package>

        <Package name="javax.crypto">
            <error>No stats available: package referenced, but not analyzed.</error>
        </Package>

        <Package name="javax.crypto.spec">
            <error>No stats available: package referenced, but not analyzed.</error>
        </Package>

        <Package name="javax.imageio">
            <error>No stats available: package referenced, but not analyzed.</error>
        </Package>

        <Package name="javax.mail">
            <Stats>
                <TotalClasses>56</TotalClasses>
                <ConcreteClasses>38</ConcreteClasses>
                <AbstractClasses>18</AbstractClasses>
                <Ca>10</Ca>
                <Ce>13</Ce>
                <A>0.32</A>
                <I>0.57</I>
                <D>0.11</D>
                <V>1</V>
            </Stats>

            <AbstractClasses>
                <Class sourceFile="Address.java">
                    javax.mail.Address
                </Class>
                <Class sourceFile="Authenticator.java">
                    javax.mail.Authenticator
                </Class>
                <Class sourceFile="BodyPart.java">
                    javax.mail.BodyPart
                </Class>
                <Class sourceFile="EncodingAware.java">
                    javax.mail.EncodingAware
                </Class>
                <Class sourceFile="Folder.java">
                    javax.mail.Folder
                </Class>
                <Class sourceFile="MailSessionDefinition.java">
                    javax.mail.MailSessionDefinition
                </Class>
                <Class sourceFile="MailSessionDefinitions.java">
                    javax.mail.MailSessionDefinitions
                </Class>
                <Class sourceFile="Message.java">
                    javax.mail.Message
                </Class>
                <Class sourceFile="MessageAware.java">
                    javax.mail.MessageAware
                </Class>
                <Class sourceFile="Multipart.java">
                    javax.mail.Multipart
                </Class>
                <Class sourceFile="MultipartDataSource.java">
                    javax.mail.MultipartDataSource
                </Class>
                <Class sourceFile="Part.java">
                    javax.mail.Part
                </Class>
                <Class sourceFile="QuotaAwareStore.java">
                    javax.mail.QuotaAwareStore
                </Class>
                <Class sourceFile="Service.java">
                    javax.mail.Service
                </Class>
                <Class sourceFile="Store.java">
                    javax.mail.Store
                </Class>
                <Class sourceFile="Session.java">
                    javax.mail.StreamLoader
                </Class>
                <Class sourceFile="Transport.java">
                    javax.mail.Transport
                </Class>
                <Class sourceFile="UIDFolder.java">
                    javax.mail.UIDFolder
                </Class>
            </AbstractClasses>

            <ConcreteClasses>
                <Class sourceFile="AuthenticationFailedException.java">
                    javax.mail.AuthenticationFailedException
                </Class>
                <Class sourceFile="EventQueue.java">
                    javax.mail.EventQueue
                </Class>
                <Class sourceFile="EventQueue.java">
                    javax.mail.EventQueue$QueueElement
                </Class>
                <Class sourceFile="EventQueue.java">
                    javax.mail.EventQueue$TerminatorEvent
                </Class>
                <Class sourceFile="FetchProfile.java">
                    javax.mail.FetchProfile
                </Class>
                <Class sourceFile="FetchProfile.java">
                    javax.mail.FetchProfile$Item
                </Class>
                <Class sourceFile="Flags.java">
                    javax.mail.Flags
                </Class>
                <Class sourceFile="Flags.java">
                    javax.mail.Flags$Flag
                </Class>
                <Class sourceFile="FolderClosedException.java">
                    javax.mail.FolderClosedException
                </Class>
                <Class sourceFile="FolderNotFoundException.java">
                    javax.mail.FolderNotFoundException
                </Class>
                <Class sourceFile="Header.java">
                    javax.mail.Header
                </Class>
                <Class sourceFile="IllegalWriteException.java">
                    javax.mail.IllegalWriteException
                </Class>
                <Class sourceFile="Message.java">
                    javax.mail.Message$RecipientType
                </Class>
                <Class sourceFile="MessageContext.java">
                    javax.mail.MessageContext
                </Class>
                <Class sourceFile="MessageRemovedException.java">
                    javax.mail.MessageRemovedException
                </Class>
                <Class sourceFile="MessagingException.java">
                    javax.mail.MessagingException
                </Class>
                <Class sourceFile="MethodNotSupportedException.java">
                    javax.mail.MethodNotSupportedException
                </Class>
                <Class sourceFile="NoSuchProviderException.java">
                    javax.mail.NoSuchProviderException
                </Class>
                <Class sourceFile="PasswordAuthentication.java">
                    javax.mail.PasswordAuthentication
                </Class>
                <Class sourceFile="Provider.java">
                    javax.mail.Provider
                </Class>
                <Class sourceFile="Provider.java">
                    javax.mail.Provider$Type
                </Class>
                <Class sourceFile="Quota.java">
                    javax.mail.Quota
                </Class>
                <Class sourceFile="Quota.java">
                    javax.mail.Quota$Resource
                </Class>
                <Class sourceFile="ReadOnlyFolderException.java">
                    javax.mail.ReadOnlyFolderException
                </Class>
                <Class sourceFile="SendFailedException.java">
                    javax.mail.SendFailedException
                </Class>
                <Class sourceFile="Session.java">
                    javax.mail.Session
                </Class>
                <Class sourceFile="Session.java">
                    javax.mail.Session$1
                </Class>
                <Class sourceFile="Session.java">
                    javax.mail.Session$2
                </Class>
                <Class sourceFile="Session.java">
                    javax.mail.Session$3
                </Class>
                <Class sourceFile="Session.java">
                    javax.mail.Session$4
                </Class>
                <Class sourceFile="Session.java">
                    javax.mail.Session$5
                </Class>
                <Class sourceFile="Session.java">
                    javax.mail.Session$6
                </Class>
                <Class sourceFile="Session.java">
                    javax.mail.Session$7
                </Class>
                <Class sourceFile="Session.java">
                    javax.mail.Session$8
                </Class>
                <Class sourceFile="StoreClosedException.java">
                    javax.mail.StoreClosedException
                </Class>
                <Class sourceFile="UIDFolder.java">
                    javax.mail.UIDFolder$FetchProfileItem
                </Class>
                <Class sourceFile="URLName.java">
                    javax.mail.URLName
                </Class>
                <Class sourceFile="Version.java">
                    javax.mail.Version
                </Class>
            </ConcreteClasses>

            <DependsUpon>
                <Package>com.sun.mail.util</Package>
                <Package>java.io</Package>
                <Package>java.lang</Package>
                <Package>java.lang.annotation</Package>
                <Package>java.lang.reflect</Package>
                <Package>java.net</Package>
                <Package>java.security</Package>
                <Package>java.util</Package>
                <Package>java.util.concurrent</Package>
                <Package>java.util.logging</Package>
                <Package>javax.activation</Package>
                <Package>javax.mail.event</Package>
                <Package>javax.mail.search</Package>
            </DependsUpon>

            <UsedBy>
                <Package>com.sun.mail.handlers</Package>
                <Package>com.sun.mail.imap</Package>
                <Package>com.sun.mail.imap.protocol</Package>
                <Package>com.sun.mail.pop3</Package>
                <Package>com.sun.mail.smtp</Package>
                <Package>com.sun.mail.util</Package>
                <Package>com.sun.mail.util.logging</Package>
                <Package>javax.mail.event</Package>
                <Package>javax.mail.internet</Package>
                <Package>javax.mail.search</Package>
            </UsedBy>
        </Package>

        <Package name="javax.mail.event">
            <Stats>
                <TotalClasses>17</TotalClasses>
                <ConcreteClasses>6</ConcreteClasses>
                <AbstractClasses>11</AbstractClasses>
                <Ca>4</Ca>
                <Ce>3</Ce>
                <A>0.65</A>
                <I>0.43</I>
                <D>0.08</D>
                <V>1</V>
            </Stats>

            <AbstractClasses>
                <Class sourceFile="ConnectionAdapter.java">
                    javax.mail.event.ConnectionAdapter
                </Class>
                <Class sourceFile="ConnectionListener.java">
                    javax.mail.event.ConnectionListener
                </Class>
                <Class sourceFile="FolderAdapter.java">
                    javax.mail.event.FolderAdapter
                </Class>
                <Class sourceFile="FolderListener.java">
                    javax.mail.event.FolderListener
                </Class>
                <Class sourceFile="MailEvent.java">
                    javax.mail.event.MailEvent
                </Class>
                <Class sourceFile="MessageChangedListener.java">
                    javax.mail.event.MessageChangedListener
                </Class>
                <Class sourceFile="MessageCountAdapter.java">
                    javax.mail.event.MessageCountAdapter
                </Class>
                <Class sourceFile="MessageCountListener.java">
                    javax.mail.event.MessageCountListener
                </Class>
                <Class sourceFile="StoreListener.java">
                    javax.mail.event.StoreListener
                </Class>
                <Class sourceFile="TransportAdapter.java">
                    javax.mail.event.TransportAdapter
                </Class>
                <Class sourceFile="TransportListener.java">
                    javax.mail.event.TransportListener
                </Class>
            </AbstractClasses>

            <ConcreteClasses>
                <Class sourceFile="ConnectionEvent.java">
                    javax.mail.event.ConnectionEvent
                </Class>
                <Class sourceFile="FolderEvent.java">
                    javax.mail.event.FolderEvent
                </Class>
                <Class sourceFile="MessageChangedEvent.java">
                    javax.mail.event.MessageChangedEvent
                </Class>
                <Class sourceFile="MessageCountEvent.java">
                    javax.mail.event.MessageCountEvent
                </Class>
                <Class sourceFile="StoreEvent.java">
                    javax.mail.event.StoreEvent
                </Class>
                <Class sourceFile="TransportEvent.java">
                    javax.mail.event.TransportEvent
                </Class>
            </ConcreteClasses>

            <DependsUpon>
                <Package>java.lang</Package>
                <Package>java.util</Package>
                <Package>javax.mail</Package>
            </DependsUpon>

            <UsedBy>
                <Package>com.sun.mail.imap</Package>
                <Package>com.sun.mail.pop3</Package>
                <Package>com.sun.mail.smtp</Package>
                <Package>javax.mail</Package>
            </UsedBy>
        </Package>

        <Package name="javax.mail.internet">
            <Stats>
                <TotalClasses>38</TotalClasses>
                <ConcreteClasses>35</ConcreteClasses>
                <AbstractClasses>3</AbstractClasses>
                <Ca>9</Ca>
                <Ce>12</Ce>
                <A>0.08</A>
                <I>0.57</I>
                <D>0.35</D>
                <V>1</V>
            </Stats>

            <AbstractClasses>
                <Class sourceFile="MailDateFormat.java">
                    javax.mail.internet.MailDateFormat$AbstractDateParser
                </Class>
                <Class sourceFile="MimePart.java">
                    javax.mail.internet.MimePart
                </Class>
                <Class sourceFile="SharedInputStream.java">
                    javax.mail.internet.SharedInputStream
                </Class>
            </AbstractClasses>

            <ConcreteClasses>
                <Class sourceFile="AddressException.java">
                    javax.mail.internet.AddressException
                </Class>
                <Class sourceFile="MimeUtility.java">
                    javax.mail.internet.AsciiOutputStream
                </Class>
                <Class sourceFile="ContentDisposition.java">
                    javax.mail.internet.ContentDisposition
                </Class>
                <Class sourceFile="ContentType.java">
                    javax.mail.internet.ContentType
                </Class>
                <Class sourceFile="HeaderTokenizer.java">
                    javax.mail.internet.HeaderTokenizer
                </Class>
                <Class sourceFile="HeaderTokenizer.java">
                    javax.mail.internet.HeaderTokenizer$Token
                </Class>
                <Class sourceFile="InternetAddress.java">
                    javax.mail.internet.InternetAddress
                </Class>
                <Class sourceFile="InternetHeaders.java">
                    javax.mail.internet.InternetHeaders
                </Class>
                <Class sourceFile="InternetHeaders.java">
                    javax.mail.internet.InternetHeaders$InternetHeader
                </Class>
                <Class sourceFile="InternetHeaders.java">
                    javax.mail.internet.InternetHeaders$MatchEnum
                </Class>
                <Class sourceFile="InternetHeaders.java">
                    javax.mail.internet.InternetHeaders$MatchHeaderEnum
                </Class>
                <Class sourceFile="InternetHeaders.java">
                    javax.mail.internet.InternetHeaders$MatchStringEnum
                </Class>
                <Class sourceFile="MailDateFormat.java">
                    javax.mail.internet.MailDateFormat
                </Class>
                <Class sourceFile="MailDateFormat.java">
                    javax.mail.internet.MailDateFormat$Rfc2822LenientParser
                </Class>
                <Class sourceFile="MailDateFormat.java">
                    javax.mail.internet.MailDateFormat$Rfc2822StrictParser
                </Class>
                <Class sourceFile="MimeBodyPart.java">
                    javax.mail.internet.MimeBodyPart
                </Class>
                <Class sourceFile="MimeBodyPart.java">
                    javax.mail.internet.MimeBodyPart$EncodedFileDataSource
                </Class>
                <Class sourceFile="MimeBodyPart.java">
                    javax.mail.internet.MimeBodyPart$MimePartDataHandler
                </Class>
                <Class sourceFile="MimeMessage.java">
                    javax.mail.internet.MimeMessage
                </Class>
                <Class sourceFile="MimeMessage.java">
                    javax.mail.internet.MimeMessage$RecipientType
                </Class>
                <Class sourceFile="MimeMultipart.java">
                    javax.mail.internet.MimeMultipart
                </Class>
                <Class sourceFile="MimePartDataSource.java">
                    javax.mail.internet.MimePartDataSource
                </Class>
                <Class sourceFile="MimeUtility.java">
                    javax.mail.internet.MimeUtility
                </Class>
                <Class sourceFile="MimeUtility.java">
                    javax.mail.internet.MimeUtility$1NullInputStream
                </Class>
                <Class sourceFile="NewsAddress.java">
                    javax.mail.internet.NewsAddress
                </Class>
                <Class sourceFile="ParameterList.java">
                    javax.mail.internet.ParameterList
                </Class>
                <Class sourceFile="ParameterList.java">
                    javax.mail.internet.ParameterList$1
                </Class>
                <Class sourceFile="ParameterList.java">
                    javax.mail.internet.ParameterList$LiteralValue
                </Class>
                <Class sourceFile="ParameterList.java">
                    javax.mail.internet.ParameterList$MultiValue
                </Class>
                <Class sourceFile="ParameterList.java">
                    javax.mail.internet.ParameterList$ParamEnum
                </Class>
                <Class sourceFile="ParameterList.java">
                    javax.mail.internet.ParameterList$ToStringBuffer
                </Class>
                <Class sourceFile="ParameterList.java">
                    javax.mail.internet.ParameterList$Value
                </Class>
                <Class sourceFile="ParseException.java">
                    javax.mail.internet.ParseException
                </Class>
                <Class sourceFile="PreencodedMimeBodyPart.java">
                    javax.mail.internet.PreencodedMimeBodyPart
                </Class>
                <Class sourceFile="UniqueValue.java">
                    javax.mail.internet.UniqueValue
                </Class>
            </ConcreteClasses>

            <DependsUpon>
                <Package>com.sun.mail.util</Package>
                <Package>java.io</Package>
                <Package>java.lang</Package>
                <Package>java.net</Package>
                <Package>java.nio.charset</Package>
                <Package>java.text</Package>
                <Package>java.util</Package>
                <Package>java.util.concurrent.atomic</Package>
                <Package>java.util.logging</Package>
                <Package>javax.activation</Package>
                <Package>javax.mail</Package>
                <Package>javax.mail.util</Package>
            </DependsUpon>

            <UsedBy>
                <Package>com.sun.mail.handlers</Package>
                <Package>com.sun.mail.imap</Package>
                <Package>com.sun.mail.imap.protocol</Package>
                <Package>com.sun.mail.pop3</Package>
                <Package>com.sun.mail.smtp</Package>
                <Package>com.sun.mail.util</Package>
                <Package>com.sun.mail.util.logging</Package>
                <Package>javax.mail.search</Package>
                <Package>javax.mail.util</Package>
            </UsedBy>
        </Package>

        <Package name="javax.mail.search">
            <Stats>
                <TotalClasses>24</TotalClasses>
                <ConcreteClasses>17</ConcreteClasses>
                <AbstractClasses>7</AbstractClasses>
                <Ca>3</Ca>
                <Ce>5</Ce>
                <A>0.29</A>
                <I>0.62</I>
                <D>0.08</D>
                <V>1</V>
            </Stats>

            <AbstractClasses>
                <Class sourceFile="AddressStringTerm.java">
                    javax.mail.search.AddressStringTerm
                </Class>
                <Class sourceFile="AddressTerm.java">
                    javax.mail.search.AddressTerm
                </Class>
                <Class sourceFile="ComparisonTerm.java">
                    javax.mail.search.ComparisonTerm
                </Class>
                <Class sourceFile="DateTerm.java">
                    javax.mail.search.DateTerm
                </Class>
                <Class sourceFile="IntegerComparisonTerm.java">
                    javax.mail.search.IntegerComparisonTerm
                </Class>
                <Class sourceFile="SearchTerm.java">
                    javax.mail.search.SearchTerm
                </Class>
                <Class sourceFile="StringTerm.java">
                    javax.mail.search.StringTerm
                </Class>
            </AbstractClasses>

            <ConcreteClasses>
                <Class sourceFile="AndTerm.java">
                    javax.mail.search.AndTerm
                </Class>
                <Class sourceFile="BodyTerm.java">
                    javax.mail.search.BodyTerm
                </Class>
                <Class sourceFile="FlagTerm.java">
                    javax.mail.search.FlagTerm
                </Class>
                <Class sourceFile="FromStringTerm.java">
                    javax.mail.search.FromStringTerm
                </Class>
                <Class sourceFile="FromTerm.java">
                    javax.mail.search.FromTerm
                </Class>
                <Class sourceFile="HeaderTerm.java">
                    javax.mail.search.HeaderTerm
                </Class>
                <Class sourceFile="MessageIDTerm.java">
                    javax.mail.search.MessageIDTerm
                </Class>
                <Class sourceFile="MessageNumberTerm.java">
                    javax.mail.search.MessageNumberTerm
                </Class>
                <Class sourceFile="NotTerm.java">
                    javax.mail.search.NotTerm
                </Class>
                <Class sourceFile="OrTerm.java">
                    javax.mail.search.OrTerm
                </Class>
                <Class sourceFile="ReceivedDateTerm.java">
                    javax.mail.search.ReceivedDateTerm
                </Class>
                <Class sourceFile="RecipientStringTerm.java">
                    javax.mail.search.RecipientStringTerm
                </Class>
                <Class sourceFile="RecipientTerm.java">
                    javax.mail.search.RecipientTerm
                </Class>
                <Class sourceFile="SearchException.java">
                    javax.mail.search.SearchException
                </Class>
                <Class sourceFile="SentDateTerm.java">
                    javax.mail.search.SentDateTerm
                </Class>
                <Class sourceFile="SizeTerm.java">
                    javax.mail.search.SizeTerm
                </Class>
                <Class sourceFile="SubjectTerm.java">
                    javax.mail.search.SubjectTerm
                </Class>
            </ConcreteClasses>

            <DependsUpon>
                <Package>java.io</Package>
                <Package>java.lang</Package>
                <Package>java.util</Package>
                <Package>javax.mail</Package>
                <Package>javax.mail.internet</Package>
            </DependsUpon>

            <UsedBy>
                <Package>com.sun.mail.imap</Package>
                <Package>com.sun.mail.imap.protocol</Package>
                <Package>javax.mail</Package>
            </UsedBy>
        </Package>

        <Package name="javax.mail.util">
            <Stats>
                <TotalClasses>5</TotalClasses>
                <ConcreteClasses>5</ConcreteClasses>
                <AbstractClasses>0</AbstractClasses>
                <Ca>4</Ca>
                <Ce>4</Ce>
                <A>0</A>
                <I>0.5</I>
                <D>0.5</D>
                <V>1</V>
            </Stats>

            <AbstractClasses>
            </AbstractClasses>

            <ConcreteClasses>
                <Class sourceFile="ByteArrayDataSource.java">
                    javax.mail.util.ByteArrayDataSource
                </Class>
                <Class sourceFile="ByteArrayDataSource.java">
                    javax.mail.util.ByteArrayDataSource$DSByteArrayOutputStream
                </Class>
                <Class sourceFile="SharedByteArrayInputStream.java">
                    javax.mail.util.SharedByteArrayInputStream
                </Class>
                <Class sourceFile="SharedFileInputStream.java">
                    javax.mail.util.SharedFileInputStream
                </Class>
                <Class sourceFile="SharedFileInputStream.java">
                    javax.mail.util.SharedFileInputStream$SharedFile
                </Class>
            </ConcreteClasses>

            <DependsUpon>
                <Package>java.io</Package>
                <Package>java.lang</Package>
                <Package>javax.activation</Package>
                <Package>javax.mail.internet</Package>
            </DependsUpon>

            <UsedBy>
                <Package>com.sun.mail.pop3</Package>
                <Package>com.sun.mail.util</Package>
                <Package>com.sun.mail.util.logging</Package>
                <Package>javax.mail.internet</Package>
            </UsedBy>
        </Package>

        <Package name="javax.net">
            <error>No stats available: package referenced, but not analyzed.</error>
        </Package>

        <Package name="javax.net.ssl">
            <error>No stats available: package referenced, but not analyzed.</error>
        </Package>

        <Package name="javax.security.auth.callback">
            <error>No stats available: package referenced, but not analyzed.</error>
        </Package>

        <Package name="javax.security.auth.x500">
            <error>No stats available: package referenced, but not analyzed.</error>
        </Package>

        <Package name="javax.security.sasl">
            <error>No stats available: package referenced, but not analyzed.</error>
        </Package>

        <Package name="javax.xml.parsers">
            <error>No stats available: package referenced, but not analyzed.</error>
        </Package>

        <Package name="javax.xml.transform">
            <error>No stats available: package referenced, but not analyzed.</error>
        </Package>

        <Package name="javax.xml.transform.stream">
            <error>No stats available: package referenced, but not analyzed.</error>
        </Package>

        <Package name="sun.misc">
            <error>No stats available: package referenced, but not analyzed.</error>
        </Package>
    </Packages>

    <Cycles>
        <Package Name="be.quodlibet.boxable">
            <Package>be.quodlibet.boxable.image</Package>
            <Package>be.quodlibet.boxable.utils</Package>
            <Package>be.quodlibet.boxable.image</Package>
        </Package>

        <Package Name="be.quodlibet.boxable.datatable">
            <Package>be.quodlibet.boxable</Package>
            <Package>be.quodlibet.boxable.image</Package>
            <Package>be.quodlibet.boxable.utils</Package>
            <Package>be.quodlibet.boxable.image</Package>
        </Package>

        <Package Name="be.quodlibet.boxable.image">
            <Package>be.quodlibet.boxable.utils</Package>
            <Package>be.quodlibet.boxable.image</Package>
        </Package>

        <Package Name="be.quodlibet.boxable.utils">
            <Package>be.quodlibet.boxable.image</Package>
            <Package>be.quodlibet.boxable.utils</Package>
        </Package>

        <Package Name="com.google.gson">
            <Package>com.google.gson.stream</Package>
            <Package>com.google.gson.internal</Package>
            <Package>com.google.gson</Package>
        </Package>

        <Package Name="com.google.gson.internal">
            <Package>com.google.gson</Package>
            <Package>com.google.gson.stream</Package>
            <Package>com.google.gson.internal</Package>
        </Package>

        <Package Name="com.google.gson.internal.bind">
            <Package>com.google.gson.internal</Package>
            <Package>com.google.gson</Package>
            <Package>com.google.gson.stream</Package>
            <Package>com.google.gson.internal</Package>
        </Package>

        <Package Name="com.google.gson.reflect">
            <Package>com.google.gson.internal</Package>
            <Package>com.google.gson</Package>
            <Package>com.google.gson.stream</Package>
            <Package>com.google.gson.internal</Package>
        </Package>

        <Package Name="com.google.gson.stream">
            <Package>com.google.gson.internal</Package>
            <Package>com.google.gson</Package>
            <Package>com.google.gson.stream</Package>
        </Package>

        <Package Name="com.jfoenix.controls">
            <Package>com.jfoenix.skins</Package>
            <Package>com.jfoenix.controls</Package>
        </Package>

        <Package Name="com.jfoenix.controls.behavior">
            <Package>com.jfoenix.skins</Package>
            <Package>com.jfoenix.controls</Package>
            <Package>com.jfoenix.skins</Package>
        </Package>

        <Package Name="com.jfoenix.controls.cells.editors">
            <Package>com.jfoenix.controls.cells.editors.base</Package>
            <Package>com.jfoenix.controls.cells.editors</Package>
        </Package>

        <Package Name="com.jfoenix.controls.cells.editors.base">
            <Package>com.jfoenix.controls.cells.editors</Package>
            <Package>com.jfoenix.controls.cells.editors.base</Package>
        </Package>

        <Package Name="com.jfoenix.converters">
            <Package>com.jfoenix.controls</Package>
            <Package>com.jfoenix.skins</Package>
            <Package>com.jfoenix.controls</Package>
        </Package>

        <Package Name="com.jfoenix.skins">
            <Package>com.jfoenix.controls</Package>
            <Package>com.jfoenix.skins</Package>
        </Package>

        <Package Name="com.jfoenix.transitions.hamburger">
            <Package>com.jfoenix.controls</Package>
            <Package>com.jfoenix.skins</Package>
            <Package>com.jfoenix.controls</Package>
        </Package>

        <Package Name="com.sun.mail.auth">
            <Package>com.sun.mail.util</Package>
            <Package>javax.mail</Package>
            <Package>javax.mail.event</Package>
            <Package>javax.mail</Package>
        </Package>

        <Package Name="com.sun.mail.handlers">
            <Package>javax.mail</Package>
            <Package>javax.mail.event</Package>
            <Package>javax.mail</Package>
        </Package>

        <Package Name="com.sun.mail.iap">
            <Package>com.sun.mail.util</Package>
            <Package>javax.mail</Package>
            <Package>javax.mail.event</Package>
            <Package>javax.mail</Package>
        </Package>

        <Package Name="com.sun.mail.imap">
            <Package>com.sun.mail.iap</Package>
            <Package>com.sun.mail.util</Package>
            <Package>javax.mail</Package>
            <Package>javax.mail.event</Package>
            <Package>javax.mail</Package>
        </Package>

        <Package Name="com.sun.mail.imap.protocol">
            <Package>com.sun.mail.iap</Package>
            <Package>com.sun.mail.util</Package>
            <Package>javax.mail</Package>
            <Package>javax.mail.event</Package>
            <Package>javax.mail</Package>
        </Package>

        <Package Name="com.sun.mail.pop3">
            <Package>javax.mail</Package>
            <Package>javax.mail.event</Package>
            <Package>javax.mail</Package>
        </Package>

        <Package Name="com.sun.mail.smtp">
            <Package>javax.mail</Package>
            <Package>javax.mail.event</Package>
            <Package>javax.mail</Package>
        </Package>

        <Package Name="com.sun.mail.util">
            <Package>javax.mail</Package>
            <Package>javax.mail.event</Package>
            <Package>javax.mail</Package>
        </Package>

        <Package Name="com.sun.mail.util.logging">
            <Package>javax.mail</Package>
            <Package>javax.mail.event</Package>
            <Package>javax.mail</Package>
        </Package>

        <Package Name="javax.mail">
            <Package>javax.mail.event</Package>
            <Package>javax.mail</Package>
        </Package>

        <Package Name="javax.mail.event">
            <Package>javax.mail</Package>
            <Package>javax.mail.event</Package>
        </Package>

        <Package Name="javax.mail.internet">
            <Package>javax.mail</Package>
            <Package>javax.mail.event</Package>
            <Package>javax.mail</Package>
        </Package>

        <Package Name="javax.mail.search">
            <Package>javax.mail</Package>
            <Package>javax.mail.event</Package>
            <Package>javax.mail</Package>
        </Package>

        <Package Name="javax.mail.util">
            <Package>javax.mail.internet</Package>
            <Package>javax.mail</Package>
            <Package>javax.mail.event</Package>
            <Package>javax.mail</Package>
        </Package>

    </Cycles>
</JDepend>
